Component: ARM Compiler 5.06 update 7 (build 960) Tool: armlink [4d3601]

==============================================================================

Section Cross References

    main.o(.text) refers to rtx_kernel.o(.text) for osKernelGetState
    main.o(.text) refers to lcd.o(.text) for LCD_reset
    main.o(.text) refers to leds.o(.text) for LED_Init
    main.o(.text) refers to rtc.o(.text) for RTC_Init
    main.o(.text) refers to joystick.o(.text) for Init_Joystick
    main.o(.text) refers to rtx_delay.o(.text) for osDelay
    main.o(.text) refers to stm32f4xx_hal_rcc.o(.text) for HAL_RCC_OscConfig
    main.o(.text) refers to stm32f4xx_hal_rcc_ex.o(.text) for HAL_RCCEx_PeriphCLKConfig
    main.o(.text) refers to stm32f4xx_hal.o(.text) for HAL_GetREVID
    main.o(.text) refers to system_stm32f4xx_1.o(.text) for SystemCoreClockUpdate
    main.o(.text) refers to rtx_thread.o(.text) for osThreadNew
    main.o(.text) refers to parpadeo.o(.text) for Init_Parpadeo
    main.o(.text) refers to sntp.o(.text) for Init_ThSNTP
    main.o(.text) refers to system_stm32f4xx_1.o(.data) for SystemCoreClock
    main.o(.text) refers to main.o(.data) for .data
    main.o(.text) refers to http_server.o(.constdata) for app_main_attr
    main.o(.text) refers to http_server.o(.text) for app_main
    http_server.o(.text) refers to adc.o(.text) for ADC1_pins_F429ZI_config
    http_server.o(.text) refers to rtx_thread.o(.text) for osThreadFlagsSet
    http_server.o(.text) refers to net_sys.o(i.netInitialize) for netInitialize
    http_server.o(.text) refers to lcd.o(.text) for LCD_reset
    http_server.o(.text) refers to leds.o(.text) for LED_Init
    http_server.o(.text) refers to http_server.o(.data) for .data
    http_server.o(.constdata) refers to http_server.o(.bss) for app_main_stk
    http_server_cgi.o(.text) refers to net_http_server.o(i.netCGI_GetEnvVar) for netCGI_GetEnvVar
    http_server_cgi.o(.text) refers to net_addr.o(i.netIP_aton) for netIP_aton
    http_server_cgi.o(.text) refers to net_sys.o(i.netIF_SetOption) for netIF_SetOption
    http_server_cgi.o(.text) refers to stm32f4xx_hal_gpio.o(.text) for HAL_GPIO_WritePin
    http_server_cgi.o(.text) refers to strcmp.o(.text) for strcmp
    http_server_cgi.o(.text) refers to strncmp.o(.text) for strncmp
    http_server_cgi.o(.text) refers to printfa.o(i.__0printf) for __2printf
    http_server_cgi.o(.text) refers to atoi.o(.text) for atoi
    http_server_cgi.o(.text) refers to net_http_server.o(i.netHTTPs_LoginActive) for netHTTPs_LoginActive
    http_server_cgi.o(.text) refers to strcpy.o(.text) for strcpy
    http_server_cgi.o(.text) refers to net_http_server.o(i.netHTTPs_SetPassword) for netHTTPs_SetPassword
    http_server_cgi.o(.text) refers to lcd.o(.text) for LCD_clear
    http_server_cgi.o(.text) refers to strlen.o(.text) for strlen
    http_server_cgi.o(.text) refers to net_sys.o(i.netIF_GetOption) for netIF_GetOption
    http_server_cgi.o(.text) refers to net_addr.o(i.netIP_ntoa) for netIP_ntoa
    http_server_cgi.o(.text) refers to http_server_cgi.o(.bss) for .bss
    http_server_cgi.o(.text) refers to http_server_cgi.o(.data) for .data
    http_server_cgi.o(.text) refers to http_server.o(.data) for LEDrun
    http_server_cgi.o(.text) refers to sntp.o(.data) for sel_SNTP_Server
    http_server_cgi.o(.text) refers to http_server.o(.data) for lcd_text
    http_server_cgi.o(.text) refers to printfa.o(i.__0sprintf) for __2sprintf
    http_server_cgi.o(.text) refers to net_tcp.o(i.netTCP_GetState) for netTCP_GetState
    http_server_cgi.o(.text) refers to net_tcp.o(i.netTCP_GetPeer) for netTCP_GetPeer
    http_server_cgi.o(.text) refers to net_tcp.o(i.netTCP_GetTimer) for netTCP_GetTimer
    http_server_cgi.o(.text) refers to net_tcp.o(i.netTCP_GetLocalPort) for netTCP_GetLocalPort
    http_server_cgi.o(.text) refers to net_http_server.o(i.netHTTPs_GetPassword) for netHTTPs_GetPassword
    http_server_cgi.o(.text) refers to net_http_server.o(i.netHTTPs_GetLanguage) for netHTTPs_GetLanguage
    http_server_cgi.o(.text) refers to http_server.o(.text) for AD_in
    http_server_cgi.o(.text) refers to dfltui.o(.text) for __aeabi_ui2d
    http_server_cgi.o(.text) refers to dmul.o(.text) for __aeabi_dmul
    http_server_cgi.o(.text) refers to dscalb.o(.text) for __ARM_scalbn
    http_server_cgi.o(.text) refers to rtc.o(.text) for Get_String_Date_Time
    http_server_cgi.o(.text) refers to http_server_cgi.o(.conststring) for .conststring
    http_server_cgi.o(.text) refers to rtc.o(.bss) for Time_Date
    web.o(.text) refers to web.o(.constdata) for .constdata
    web.o(.constdata) refers to web.o(.constdata) for imageFileData
    adc.o(.text) refers to memseta.o(.text) for __aeabi_memclr4
    adc.o(.text) refers to stm32f4xx_hal_gpio.o(.text) for HAL_GPIO_Init
    adc.o(.text) refers to stm32f4xx_hal_adc.o(.text) for HAL_ADC_Init
    adc.o(.text) refers to ffltui.o(.text) for __aeabi_ui2f
    adc.o(.text) refers to fmul.o(.text) for __aeabi_fmul
[...]
    net_icmp_send_echo                       0x080180bd   Thumb Code   142  net_icmp.o(i.net_icmp_send_echo)
    net_if_map_all                           0x0801815d   Thumb Code     6  net_sys.o(i.net_if_map_all)
    net_ip4_chk_frame                        0x08018169   Thumb Code   372  net_ip4.o(i.net_ip4_chk_frame)
    net_ip4_chksum                           0x080182f5   Thumb Code    44  net_ip4.o(i.net_ip4_chksum)
    net_ip4_chksum_buf                       0x08018321   Thumb Code     6  net_ip4.o(i.net_ip4_chksum_buf)
    net_ip4_find_route                       0x08018329   Thumb Code   104  net_ip4.o(i.net_ip4_find_route)
    net_ip4_frag_add                         0x080183a9   Thumb Code   284  net_ip4_frag.o(i.net_ip4_frag_add)
    net_ip4_frag_get                         0x080184cd   Thumb Code   168  net_ip4_frag.o(i.net_ip4_frag_get)
    net_ip4_frag_init                        0x08018579   Thumb Code    12  net_ip4_frag.o(i.net_ip4_frag_init)
    net_ip4_frag_run                         0x08018589   Thumb Code    50  net_ip4_frag.o(i.net_ip4_frag_run)
    net_ip4_get_local                        0x080185c5   Thumb Code    40  net_ip4.o(i.net_ip4_get_local)
    net_ip4_init                             0x080185f1   Thumb Code    22  net_ip4.o(i.net_ip4_init)
    net_ip4_is_onlink                        0x08018615   Thumb Code    32  net_ip4.o(i.net_ip4_is_onlink)
    net_ip4_is_subcast                       0x08018635   Thumb Code    38  net_ip4.o(i.net_ip4_is_subcast)
    net_ip4_reass_frame                      0x0801865b   Thumb Code    14  net_ip4.o(i.net_ip4_reass_frame)
    net_ip4_send_frame                       0x08018669   Thumb Code   340  net_ip4.o(i.net_ip4_send_frame)
    net_ip4_tx_offl_hl                       0x080187cd   Thumb Code    42  net_ip4.o(i.net_ip4_tx_offl_hl)
    net_ip6_chk_frame                        0x080187f9   Thumb Code   236  net_ip6.o(i.net_ip6_chk_frame)
    net_ip6_chksum                           0x080188f9   Thumb Code    50  net_ip6.o(i.net_ip6_chksum)
    net_ip6_collect_mcast                    0x0801892d   Thumb Code   118  net_ip6.o(i.net_ip6_collect_mcast)
    net_ip6_find_route                       0x080189a9   Thumb Code    56  net_ip6.o(i.net_ip6_find_route)
    net_ip6_get_local                        0x080189f1   Thumb Code    74  net_ip6.o(i.net_ip6_get_local)
    net_ip6_init                             0x08018a45   Thumb Code    20  net_ip6.o(i.net_ip6_init)
    net_ip6_send_frame                       0x08018a61   Thumb Code   192  net_ip6.o(i.net_ip6_send_frame)
    net_ip6_tx_offl_hl                       0x08018b2d   Thumb Code    30  net_ip6.o(i.net_ip6_tx_offl_hl)
    net_itoa                                 0x08018b4b   Thumb Code     8  net_common.o(i.net_itoa)
    net_itoa_n0                              0x08018b53   Thumb Code     6  net_common.o(i.net_itoa_n0)
    net_loop_iface_init                      0x08018b59   Thumb Code    40  net_loopback.o(i.net_loop_iface_init)
    net_loop_iface_run                       0x08018b89   Thumb Code   176  net_loopback.o(i.net_loop_iface_run)
    net_loop_send_frame                      0x08018c45   Thumb Code   104  net_loopback.o(i.net_loop_send_frame)
    net_mem_alloc                            0x08018cb5   Thumb Code   178  net_mem.o(i.net_mem_alloc)
    net_mem_avail                            0x08018d75   Thumb Code    22  net_mem.o(i.net_mem_avail)
    net_mem_free                             0x08018d91   Thumb Code   152  net_mem.o(i.net_mem_free)
    net_mem_init                             0x08018e35   Thumb Code    98  net_mem.o(i.net_mem_init)
    net_mem_shrink                           0x08018ea5   Thumb Code    62  net_mem.o(i.net_mem_shrink)
    net_nbns_client_init                     0x08018eed   Thumb Code    82  net_nbns_client.o(i.net_nbns_client_init)
    net_ndp_cache_find                       0x08018f51   Thumb Code   438  net_ndp.o(i.net_ndp_cache_find)
    net_ndp_cache_init                       0x08019115   Thumb Code   114  net_ndp.o(i.net_ndp_cache_init)
    net_ndp_cache_refresh                    0x08019195   Thumb Code   112  net_ndp.o(i.net_ndp_cache_refresh)
    net_ndp_cache_run                        0x0801920d   Thumb Code    22  net_ndp.o(i.net_ndp_cache_run)
    net_ndp_enqueue                          0x08019229   Thumb Code   108  net_ndp.o(i.net_ndp_enqueue)
    net_ndp_process                          0x08019299   Thumb Code   872  net_ndp.o(i.net_ndp_process)
    net_path                                 0x0801960d   Thumb Code    52  net_sys.o(i.net_path)
    net_ping_client_init                     0x08019645   Thumb Code    22  net_ping_core.o(i.net_ping_client_init)
    net_ping_client_run                      0x08019665   Thumb Code   110  net_ping_core.o(i.net_ping_client_run)
    net_rand32                               0x080196e5   Thumb Code    18  net_sys.o(i.net_rand32)
    net_sntp_client_init                     0x08019701   Thumb Code    80  net_sntp_client_core.o(i.net_sntp_client_init)
    net_sntp_client_run                      0x0801975d   Thumb Code    76  net_sntp_client_core.o(i.net_sntp_client_run)
    net_sntp_client_start                    0x080197b5   Thumb Code   312  net_sntp_client_core.o(i.net_sntp_client_start)
    net_strcasecmp                           0x080198fd   Thumb Code    46  net_common.o(i.net_strcasecmp)
    net_strchr                               0x0801992b   Thumb Code    22  net_common.o(i.net_strchr)
    net_strcmp                               0x08019941   Thumb Code    26  net_common.o(i.net_strcmp)
    net_strcpy                               0x0801995b   Thumb Code    18  net_common.o(i.net_strcpy)
    net_strnchr                              0x0801996d   Thumb Code    28  net_common.o(i.net_strnchr)
    net_strncpy                              0x08019989   Thumb Code    26  net_common.o(i.net_strncpy)
    net_strtoupper                           0x080199a3   Thumb Code    32  net_common.o(i.net_strtoupper)
    net_sys_lock                             0x080199c5   Thumb Code     8  net_sys.o(i.net_sys_lock)
    net_sys_resume                           0x080199d1   Thumb Code    22  net_sys.o(i.net_sys_resume)
    net_sys_tick                             0x080199e9   Thumb Code    16  net_sys.o(i.net_sys_tick)
    net_sys_unlock                           0x080199fd   Thumb Code     8  net_sys.o(i.net_sys_unlock)
    net_sys_wakeup                           0x08019a09   Thumb Code    26  net_sys.o(i.net_sys_wakeup)
    net_tcp_abort                            0x08019a29   Thumb Code   122  net_tcp.o(i.net_tcp_abort)
    net_tcp_close                            0x08019aad   Thumb Code   218  net_tcp.o(i.net_tcp_close)
    net_tcp_get_buf                          0x08019b91   Thumb Code    46  net_tcp.o(i.net_tcp_get_buf)
    net_tcp_get_local_port                   0x08019bc1   Thumb Code    48  net_tcp.o(i.net_tcp_get_local_port)
    net_tcp_get_mss                          0x08019bf5   Thumb Code    34  net_tcp.o(i.net_tcp_get_mss)
    net_tcp_get_peer                         0x08019c1d   Thumb Code    80  net_tcp.o(i.net_tcp_get_peer)
    net_tcp_get_socket                       0x08019c71   Thumb Code   104  net_tcp.o(i.net_tcp_get_socket)
    net_tcp_get_state                        0x08019ce1   Thumb Code    40  net_tcp.o(i.net_tcp_get_state)
    net_tcp_get_timer                        0x08019d0d   Thumb Code    48  net_tcp.o(i.net_tcp_get_timer)
    net_tcp_listen                           0x08019d41   Thumb Code   168  net_tcp.o(i.net_tcp_listen)
    net_tcp_process                          0x08019df1   Thumb Code  1956  net_tcp.o(i.net_tcp_process)
    net_tcp_send                             0x0801a599   Thumb Code   336  net_tcp.o(i.net_tcp_send)
    net_tcp_set_option                       0x0801a6f5   Thumb Code   288  net_tcp.o(i.net_tcp_set_option)
    net_tcp_socket_init                      0x0801a821   Thumb Code    30  net_tcp.o(i.net_tcp_socket_init)
    net_tcp_socket_run                       0x0801a849   Thumb Code   938  net_tcp.o(i.net_tcp_socket_run)
    net_udp_close                            0x0801ac09   Thumb Code    62  net_udp.o(i.net_udp_close)
    net_udp_get_buf                          0x0801ac51   Thumb Code    46  net_udp.o(i.net_udp_get_buf)
    net_udp_get_socket                       0x0801ac81   Thumb Code   102  net_udp.o(i.net_udp_get_socket)
    net_udp_open                             0x0801acf1   Thumb Code   160  net_udp.o(i.net_udp_open)
    net_udp_process                          0x0801ad9d   Thumb Code   322  net_udp.o(i.net_udp_process)
    net_udp_send                             0x0801aef5   Thumb Code    18  net_udp.o(i.net_udp_send)
    net_udp_send_if                          0x0801af09   Thumb Code   540  net_udp.o(i.net_udp_send_if)
    net_udp_socket_init                      0x0801b135   Thumb Code    30  net_udp.o(i.net_udp_socket_init)
    net_ultoa                                0x0801b159   Thumb Code     8  net_common.o(i.net_ultoa)
    net_ultox                                0x0801b161   Thumb Code    44  net_common.o(i.net_ultox)
    net_xtoul                                0x0801b191   Thumb Code    76  net_common.o(i.net_xtoul)
    app_main_attr                            0x0801bfac   Data          36  http_server.o(.constdata)
    imageLastModified                        0x0801bfd0   Data           4  web.o(.constdata)
    Arial12x12                               0x08023ad8   Data        2400  lcd.o(.constdata)
    ntp_server_1                             0x08024438   Data           8  sntp.o(.constdata)
    ntp_server_2                             0x08024440   Data           8  sntp.o(.constdata)
    osRtxUserSVC                             0x080244a8   Data           4  rtx_lib.o(.constdata)
    Driver_ETH_PHY0                          0x080244b0   Data          32  phy_lan8742a.o(.constdata)
    Driver_ETH_MAC0                          0x08024520   Data          68  emac_stm32f4xx.o(.constdata)
    Driver_SPI1                              0x080245b8   Data          44  spi_stm32f4xx.o(.constdata)
    EventRecorderInfo                        0x080245e4   Data          24  eventrecorder.o(.constdata)
    AHBPrescTable                            0x08024604   Data          16  system_stm32f4xx_1.o(.constdata)
    APBPrescTable                            0x08024614   Data           8  system_stm32f4xx_1.o(.constdata)
    net_sys_config                           0x080246c4   Data          28  net_config.o(.constdata)
    net_eth0_if_config                       0x08024778   Data          44  net_config.o(.constdata)
    net_eth_list                             0x080247a4   Data           8  net_config.o(.constdata)
    net_if_list_lan                          0x080247ac   Data           8  net_config.o(.constdata)
    net_if_list_all                          0x080247b4   Data           8  net_config.o(.constdata)
    net_if_inet_def                          0x080247bc   Data           8  net_config.o(.constdata)
    net_if_link_def                          0x080247c4   Data           8  net_config.o(.constdata)
    net_arp_list                             0x080247cc   Data           8  net_config.o(.constdata)
    net_icmp_list                            0x080247d4   Data           8  net_config.o(.constdata)
    net_ndp_list                             0x080247dc   Data           8  net_config.o(.constdata)
    net_icmp6_list                           0x080247e4   Data           8  net_config.o(.constdata)
    net_dhcp6_list                           0x080247ec   Data           8  net_config.o(.constdata)
    net_ip4_frag_config                      0x080247f4   Data           8  net_config.o(.constdata)
    net_udp_config                           0x080247fc   Data          12  net_config.o(.constdata)
    net_tcp_config                           0x08024808   Data          24  net_config.o(.constdata)
    net_http_config                          0x08024820   Data          52  net_config.o(.constdata)
    net_sntp_config                          0x08024854   Data           8  net_config.o(.constdata)
    netif_getopt_func                        0x080248bc   Data          16  net_config.o(.constdata)
    netif_setopt_func                        0x080248cc   Data          16  net_config.o(.constdata)
    net_loop_if_config                       0x080248dc   Data          44  net_loopback.o(.constdata)
    net_http_auth_basic_func                 0x08024a28   Data          24  net_http_server_auth.o(.constdata)
    net_ping_payload                         0x08024a40   Data          18  net_ping_core.o(.constdata)
    net_addr_unspec                          0x08024a52   Data          16  net_addr.o(.constdata)
    net_addr_bcast                           0x08024a62   Data           6  net_addr.o(.constdata)
    net_addr4_loopback                       0x08024a68   Data           4  net_ip4.o(.constdata)
    net_addr6_all_nodes                      0x08024a6c   Data          16  net_ip6.o(.constdata)
    net_addr6_loopback                       0x08024a7c   Data          16  net_ip6.o(.constdata)
    net_addr6_all_routers                    0x08024a8c   Data          16  net_ip6.o(.constdata)
    net_http_error                           0x08024a9c   Data          24  net_http_server_err.o(.constdata)
    net_lib_version                          0x08024b54   Data           4  net_version.o(.constdata)
    network_ip4ip6_debug_v7.15.0             0x08024b54   Data           4  net_version.o(.constdata)
    __ctype_table                            0x08024bba   Data         129  ctype_o.o(.constdata)
    osRtxConfig                              0x08025064   Data         112  rtx_lib.o(.rodata)
    os_cb_sections                           0x080250d4   Data          56  rtx_lib.o(.rodata)
    Region$$Table$$Base                      0x0802510c   Number         0  anon$$obj.o(Region$$Table)
    Region$$Table$$Limit                     0x0802513c   Number         0  anon$$obj.o(Region$$Table)
    .bss.os.msgqueue.cb$$Base                0x20008044   Number         0  rtx_lib.o(.bss.os.msgqueue.cb)
    .bss.os.msgqueue.cb$$Limit               0x20008078   Number         0  rtx_lib.o(.bss.os.msgqueue.cb)
    .bss.os.mutex.cb$$Base                   0x200080c8   Number         0  net_config.o(.bss.os.mutex.cb)
    .bss.os.mutex.cb$$Limit                  0x20008100   Number         0  net_config.o(.bss.os.mutex.cb)
    .bss.os.semaphore.cb$$Base               0x20008100   Number         0  net_config.o(.bss.os.semaphore.cb)
    .bss.os.semaphore.cb$$Limit              0x20008110   Number         0  net_config.o(.bss.os.semaphore.cb)
    .bss.os.thread.cb$$Base                  0x20008110   Number         0  rtx_lib.o(.bss.os.thread.cb)
    .bss.os.thread.cb$$Limit                 0x20008220   Number         0  net_config.o(.bss.os.thread.cb)
    .bss.os.timer.cb$$Base                   0x20008620   Number         0  net_config.o(.bss.os.timer.cb)
    .bss.os.timer.cb$$Limit                  0x20008640   Number         0  net_config.o(.bss.os.timer.cb)
    lcd_text                                 0x20008644   Data          42  http_server.o(.data)
    LEDrun                                   0x2000866e   Data           1  http_server.o(.data)
    TID_Display                              0x20008670   Data           4  http_server.o(.data)
    horaAlarmaRecibido                       0x20008674   Data           1  http_server_cgi.o(.data)
    minutoAlarmaRecibido                     0x20008675   Data           1  http_server_cgi.o(.data)
    segundoAlarmaRecibido                    0x20008676   Data           1  http_server_cgi.o(.data)
    SPIdrv                                   0x2000867c   Data           4  lcd.o(.data)
    state                                    0x20008680   Data           4  lcd.o(.data)
    tid_Thread_Parpadeo                      0x20008684   Data           4  parpadeo.o(.data)
    sDate                                    0x20008688   Data           4  rtc.o(.data)
    sel_SNTP_Server                          0x2000868c   Data           1  sntp.o(.data)
    tid_ThSNTP                               0x20008690   Data           4  sntp.o(.data)
    timer_SNTP                               0x20008694   Data           4  sntp.o(.data)
    status                                   0x2000869c   Data           4  sntp.o(.data)
    tid_Thjoy                                0x200086a0   Data           4  joystick.o(.data)
    ITM_RxBuffer                             0x200086b0   Data           4  retarget_io.o(.data)
    uwTickFreq                               0x200086b4   Data           1  stm32f4xx_hal.o(.data)
    uwTickPrio                               0x200086b8   Data           4  stm32f4xx_hal.o(.data)
    uwTick                                   0x200086bc   Data           4  stm32f4xx_hal.o(.data)
    SystemCoreClock                          0x200086c0   Data           4  system_stm32f4xx_1.o(.data)
    net_eth0_icmp_control                    0x200086dc   Data           1  net_icmp.o(.data)
    net_eth0_icmp6_control                   0x200086dd   Data           1  net_icmp6.o(.data)
    __stdout                                 0x20008700   Data           4  stdout.o(.data)
    __stderr                                 0x20008704   Data           4  stderr.o(.data)
    osRtxInfo                                0x2000870c   Data         164  rtx_kernel.o(.data.os)
    app_main_stk                             0x200087b0   Data        1024  http_server.o(.bss)
    htim7                                    0x20008bfc   Data          72  lcd.o(.bss)
    buffer                                   0x20008c44   Data         512  lcd.o(.bss)
    hrtc                                     0x20008e58   Data          32  rtc.o(.bss)
    sAlarm                                   0x20008e78   Data          40  rtc.o(.bss)
    sTime                                    0x20008ea0   Data          20  rtc.o(.bss)
    timeString                               0x20008eb4   Data          30  rtc.o(.bss)
    dateString                               0x20008ed2   Data          30  rtc.o(.bss)
    Time_Date                                0x20008ef0   Data          60  rtc.o(.bss)
    net_eth0_if_control                      0x2000f0e4   Data         160  net_eth.o(.bss)
    net_eth0_arp_control                     0x2000f184   Data          24  net_arp.o(.bss)
    net_eth0_ndp_control                     0x2000f19c   Data          68  net_ndp.o(.bss)
    net_eth0_dhcp6_control                   0x2000f1fc   Data          68  net_dhcp6_client.o(.bss)
    net_http_control                         0x2000f2c4   Data          20  net_http_server.o(.bss)
    net_sntp_control                         0x2000f2d8   Data          44  net_sntp_client_core.o(.bss)
    net_ping_control                         0x2000f304   Data          44  net_ping_core.o(.bss)
    net_sys_control                          0x2000f340   Data          28  net_sys.o(.bss)
    net_dbg_buf                              0x2000f368   Data          36  net_sys.o(.bss)
    __initial_sp                             0x2000f828   Data           0  startup_stm32f429xx.o(STACK)



==============================================================================

Memory Map of the image

  Image Entry point : 0x080001ad

  Load Region LR_IROM1 (Base: 0x08000000, Size: 0x0002d8ec, Max: 0x00200000, ABSOLUTE, COMPRESSED[0x0002527c])

    Execution Region ER_IROM1 (Exec base: 0x08000000, Load base: 0x08000000, Size: 0x0002513c, Max: 0x00200000, ABSOLUTE)

    Exec Addr    Load Addr    Size         Type   Attr      Idx    E Section Name        Object

    0x08000000   0x08000000   0x000001ac   Data   RO         1665    RESET               startup_stm32f429xx.o
    0x080001ac   0x080001ac   0x00000000   Code   RO         2851  * .ARM.Collect$$$$00000000  mc_w.l(entry.o)
    0x080001ac   0x080001ac   0x00000004   Code   RO         3163    .ARM.Collect$$$$00000001  mc_w.l(entry2.o)
    0x080001b0   0x080001b0   0x00000004   Code   RO         3166    .ARM.Collect$$$$00000004  mc_w.l(entry5.o)
    0x080001b4   0x080001b4   0x00000000   Code   RO         3168    .ARM.Collect$$$$00000008  mc_w.l(entry7b.o)
    0x080001b4   0x080001b4   0x00000000   Code   RO         3170    .ARM.Collect$$$$0000000A  mc_w.l(entry8b.o)
    0x080001b4   0x080001b4   0x00000008   Code   RO         3171    .ARM.Collect$$$$0000000B  mc_w.l(entry9a.o)
    0x080001bc   0x080001bc   0x00000004   Code   RO         3178    .ARM.Collect$$$$0000000E  mc_w.l(entry12b.o)
    0x080001c0   0x080001c0   0x00000000   Code   RO         3173    .ARM.Collect$$$$0000000F  mc_w.l(entry10a.o)
    0x080001c0   0x080001c0   0x00000000   Code   RO         3175    .ARM.Collect$$$$00000011  mc_w.l(entry11a.o)
    0x080001c0   0x080001c0   0x00000004   Code   RO         3164    .ARM.Collect$$$$00002712  mc_w.l(entry2.o)
    0x080001c4   0x080001c4   0x00000148   Code   RO          780    .emb_text           rtx_mempool.o
    0x0800030c   0x0800030c   0x00000148   Code   RO          811    .emb_text           rtx_msgqueue.o
    0x08000454   0x08000454   0x00000148   Code   RO          876    .emb_text           rtx_semaphore.o
    0x0800059c   0x0800059c   0x00000148   Code   RO          907    .emb_text           rtx_system.o
    0x080006e4   0x080006e4   0x00000148   Code   RO          941    .emb_text           rtx_thread.o
    0x0800082c   0x0800082c   0x00000074   Code   RO         1159    .emb_text           eventrecorder.o
    0x080008a0   0x080008a0   0x00000170   Code   RO            4    .text               main.o
    0x08000a10   0x08000a10   0x00000058   Code   RO          195    .text               http_server.o
    0x08000a68   0x08000a68   0x00000980   Code   RO          246    .text               http_server_cgi.o
    0x080013e8   0x080013e8   0x00000078   Code   RO          296    .text               web.o
    0x08001460   0x08001460   0x00000130   Code   RO          316    .text               adc.o
    0x08001590   0x08001590   0x000003dc   Code   RO          340    .text               lcd.o
    0x0800196c   0x0800196c   0x0000003c   Code   RO          386    .text               leds.o
    0x080019a8   0x080019a8   0x00000054   Code   RO          412    .text               parpadeo.o
    0x080019fc   0x080019fc   0x00000254   Code   RO          439    .text               rtc.o
    0x08001c50   0x08001c50   0x0000021c   Code   RO          471    .text               sntp.o
    0x08001e6c   0x08001e6c   0x00000198   Code   RO          499    .text               joystick.o
    0x08002004   0x08002004   0x00000094   Code   RO          528    .text               irq_armv7m.o
    0x08002098   0x08002098   0x00000104   Code   RO          536    .text               rtx_delay.o
    0x0800219c   0x0800219c   0x00000964   Code   RO          634    .text               rtx_evr.o
    0x08002b00   0x08002b00   0x000006d8   Code   RO          659    .text               rtx_kernel.o
    0x080031d8   0x080031d8   0x00000124   Code   RO          750    .text               rtx_memory.o
    0x080032fc   0x080032fc   0x00000678   Code   RO          781    .text               rtx_mempool.o
    0x08003974   0x08003974   0x000009bc   Code   RO          812    .text               rtx_msgqueue.o
    0x08004330   0x08004330   0x00000558   Code   RO          846    .text               rtx_mutex.o
    0x08004888   0x08004888   0x00000450   Code   RO          877    .text               rtx_semaphore.o
    0x08004cd8   0x08004cd8   0x00000154   Code   RO          908    .text               rtx_system.o
    0x08004e2c   0x08004e2c   0x00001194   Code   RO          942    .text               rtx_thread.o
    0x08005fc0   0x08005fc0   0x00000480   Code   RO          976    .text               rtx_timer.o
    0x08006440   0x08006440   0x000000c4   Code   RO         1006    .text               os_systick.o
    0x08006504   0x08006504   0x00000004   Code   RO         1032    .text               rtx_config.o
    0x08006508   0x08006508   0x000001ac   Code   RO         1053    .text               phy_lan8742a.o
    0x080066b4   0x080066b4   0x000009f8   Code   RO         1081    .text               emac_stm32f4xx.o
    0x080070ac   0x080070ac   0x00000d6c   Code   RO         1120    .text               spi_stm32f4xx.o
    0x08007e18   0x08007e18   0x00000538   Code   RO         1160    .text               eventrecorder.o
    0x08008350   0x08008350   0x000000f0   Code   RO         1191    .text               retarget_io.o
    0x08008440   0x08008440   0x000001c8   Code   RO         1223    .text               stm32f4xx_hal.o
    0x08008608   0x08008608   0x00000b20   Code   RO         1253    .text               stm32f4xx_hal_adc.o
    0x08009128   0x08009128   0x0000075c   Code   RO         1277    .text               stm32f4xx_hal_adc_ex.o
    0x08009884   0x08009884   0x00000298   Code   RO         1301    .text               stm32f4xx_hal_cortex.o
    0x08009b1c   0x08009b1c   0x0000071c   Code   RO         1329    .text               stm32f4xx_hal_dma.o
    0x0800a238   0x0800a238   0x00000388   Code   RO         1378    .text               stm32f4xx_hal_gpio.o
    0x0800a5c0   0x0800a5c0   0x00000188   Code   RO         1402    .text               stm32f4xx_hal_pwr.o
    0x0800a748   0x0800a748   0x00000754   Code   RO         1450    .text               stm32f4xx_hal_rcc.o
    0x0800ae9c   0x0800ae9c   0x000005e4   Code   RO         1474    .text               stm32f4xx_hal_rcc_ex.o
    0x0800b480   0x0800b480   0x00000964   Code   RO         1498    .text               stm32f4xx_hal_rtc.o
    0x0800bde4   0x0800bde4   0x00000abc   Code   RO         1522    .text               stm32f4xx_hal_rtc_ex.o
    0x0800c8a0   0x0800c8a0   0x000031c4   Code   RO         1594    .text               stm32f4xx_hal_tim.o
    0x0800fa64   0x0800fa64   0x00001378   Code   RO         1618    .text               stm32f4xx_hal_tim_ex.o
    0x08010ddc   0x08010ddc   0x00000024   Code   RO         1666    .text               startup_stm32f429xx.o
    0x08010e00   0x08010e00   0x00000088   Code   RO         1673    .text               system_stm32f4xx_1.o
    0x08010e88   0x08010e88   0x0000016c   Code   RO         1702    .text               net_config.o
    0x08010ff4   0x08010ff4   0x00000152   Code   RO         1802    .text               net_debug.o
    0x08011146   0x08011146   0x00000062   Code   RO         2860    .text               mc_w.l(uldiv.o)
    0x080111a8   0x080111a8   0x00000094   Code   RO         2862    .text               mc_w.l(localtime.o)
    0x0801123c   0x0801123c   0x00000394   Code   RO         2866    .text               mc_w.l(strftime.o)
    0x080115d0   0x080115d0   0x00000024   Code   RO         2872    .text               mc_w.l(memcpya.o)
    0x080115f4   0x080115f4   0x00000024   Code   RO         2874    .text               mc_w.l(memseta.o)
    0x08011618   0x08011618   0x0000000e   Code   RO         2876    .text               mc_w.l(strlen.o)
    0x08011626   0x08011626   0x0000001c   Code   RO         2878    .text               mc_w.l(strcmp.o)
    0x08011642   0x08011642   0x0000001a   Code   RO         2880    .text               mc_w.l(memcmp.o)
    0x0801165c   0x0801165c   0x00000012   Code   RO         2882    .text               mc_w.l(strcpy.o)
    0x0801166e   0x0801166e   0x0000001e   Code   RO         2884    .text               mc_w.l(strncmp.o)
    0x0801168c   0x0801168c   0x0000001a   Code   RO         3149    .text               mc_w.l(atoi.o)
    0x080116a6   0x080116a6   0x00000064   Code   RO         3151    .text               mf_w.l(fmul.o)
    0x0801170a   0x0801170a   0x00000018   Code   RO         3153    .text               mf_w.l(fscalb.o)
    0x08011722   0x08011722   0x000000e4   Code   RO         3155    .text               mf_w.l(dmul.o)
    0x08011806   0x08011806   0x0000002e   Code   RO         3157    .text               mf_w.l(dscalb.o)
    0x08011834   0x08011834   0x0000000a   Code   RO         3159    .text               mf_w.l(ffltui.o)
    0x0801183e   0x0801183e   0x0000001a   Code   RO         3161    .text               mf_w.l(dfltui.o)
    0x08011858   0x08011858   0x0000002c   Code   RO         3179    .text               mc_w.l(uidiv.o)
    0x08011884   0x08011884   0x0000001e   Code   RO         3181    .text               mc_w.l(llshl.o)
    0x080118a2   0x080118a2   0x00000020   Code   RO         3183    .text               mc_w.l(llushr.o)
    0x080118c2   0x080118c2   0x00000070   Code   RO         3192    .text               mc_w.l(strtol.o)
    0x08011932   0x08011932   0x00000000   Code   RO         3194    .text               mc_w.l(iusefp.o)
    0x08011932   0x08011932   0x0000006e   Code   RO         3195    .text               mf_w.l(fepilogue.o)
    0x080119a0   0x080119a0   0x000000ba   Code   RO         3197    .text               mf_w.l(depilogue.o)
    0x08011a5a   0x08011a5a   0x0000014e   Code   RO         3199    .text               mf_w.l(dadd.o)
    0x08011ba8   0x08011ba8   0x000000de   Code   RO         3201    .text               mf_w.l(ddiv.o)
    0x08011c86   0x08011c86   0x00000030   Code   RO         3203    .text               mf_w.l(dfixul.o)
    0x08011cb6   0x08011cb6   0x00000002   PAD
    0x08011cb8   0x08011cb8   0x00000030   Code   RO         3205    .text               mf_w.l(cdrcmple.o)
    0x08011ce8   0x08011ce8   0x00000024   Code   RO         3207    .text               mc_w.l(init.o)
    0x08011d0c   0x08011d0c   0x00000024   Code   RO         3209    .text               mc_w.l(llsshr.o)
    0x08011d30   0x08011d30   0x00000008   Code   RO         3211    .text               mc_w.l(ctype_o.o)
    0x08011d38   0x08011d38   0x0000009e   Code   RO         3239    .text               mc_w.l(_strtoul.o)
    0x08011dd6   0x08011dd6   0x0000001c   Code   RO         3241    .text               mc_w.l(_chval.o)
    0x08011df2   0x08011df2   0x00000056   Code   RO         3250    .text               mc_w.l(__dczerorl2.o)
    0x08011e48   0x08011e48   0x00000020   Code   RO         3121    i.__0printf         mc_w.l(printfa.o)
    0x08011e68   0x08011e68   0x00000028   Code   RO         3123    i.__0sprintf        mc_w.l(printfa.o)
    0x08011e90   0x08011e90   0x00000008   Code   RO         3185    i.__aeabi_errno_addr  mc_w.l(errno.o)
    0x08011e98   0x08011e98   0x0000000e   Code   RO         3244    i.__scatterload_copy  mc_w.l(handlers.o)
    0x08011ea6   0x08011ea6   0x00000002   Code   RO         3245    i.__scatterload_null  mc_w.l(handlers.o)
    0x08011ea8   0x08011ea8   0x0000000e   Code   RO         3246    i.__scatterload_zeroinit  mc_w.l(handlers.o)
    0x08011eb6   0x08011eb6   0x00000002   PAD
    0x08011eb8   0x08011eb8   0x00000184   Code   RO         3128    i._fp_digits        mc_w.l(printfa.o)
    0x0801203c   0x0801203c   0x000006b4   Code   RO         3129    i._printf_core      mc_w.l(printfa.o)
    0x080126f0   0x080126f0   0x00000024   Code   RO         3130    i._printf_post_padding  mc_w.l(printfa.o)
    0x08012714   0x08012714   0x0000002e   Code   RO         3131    i._printf_pre_padding  mc_w.l(printfa.o)
    0x08012742   0x08012742   0x0000000a   Code   RO         3133    i._sputc            mc_w.l(printfa.o)
    0x0801274c   0x0801274c   0x00000054   Code   RO         2340    i.add_server_id     Net_Dbg_CM3_L.lib(net_http_server.o)
    0x080127a0   0x080127a0   0x0000005c   Code   RO         1888    i.arp_cache_alloc   Net_Dbg_CM3_L.lib(net_arp.o)
    0x080127fc   0x080127fc   0x00000170   Code   RO         1889    i.arp_cache_run     Net_Dbg_CM3_L.lib(net_arp.o)
    0x0801296c   0x0801296c   0x00000038   Code   RO         1890    i.arp_is_cacheable  Net_Dbg_CM3_L.lib(net_arp.o)
    0x080129a4   0x080129a4   0x00000088   Code   RO         1891    i.arp_probe_run     Net_Dbg_CM3_L.lib(net_arp.o)
    0x08012a2c   0x08012a2c   0x000000d8   Code   RO         1893    i.arp_proc_response  Net_Dbg_CM3_L.lib(net_arp.o)
    0x08012b04   0x08012b04   0x0000001a   Code   RO         1894    i.arp_que_free      Net_Dbg_CM3_L.lib(net_arp.o)
    0x08012b1e   0x08012b1e   0x00000002   PAD
    0x08012b20   0x08012b20   0x000000a0   Code   RO         1895    i.arp_send_reply    Net_Dbg_CM3_L.lib(net_arp.o)
    0x08012bc0   0x08012bc0   0x000000d0   Code   RO         1896    i.arp_send_request  Net_Dbg_CM3_L.lib(net_arp.o)
    0x08012c90   0x08012c90   0x00000068   Code   RO         1897    i.arp_sender_valid  Net_Dbg_CM3_L.lib(net_arp.o)
    0x08012cf8   0x08012cf8   0x0000006c   Code   RO         2284    i.check_client_id   Net_Dbg_CM3_L.lib(net_dhcp6_client.o)
    0x08012d64   0x08012d64   0x0000018c   Code   RO         2341    i.chk_post_req      Net_Dbg_CM3_L.lib(net_http_server.o)
    0x08012ef0   0x08012ef0   0x00000028   Code   RO         2765    i.crc32_8bit        Net_Dbg_CM3_L.lib(net_common.o)
    0x08012f18   0x08012f18   0x00000394   Code   RO         2285    i.dhcp6_client_run  Net_Dbg_CM3_L.lib(net_dhcp6_client.o)
    0x080132ac   0x080132ac   0x00000058   Code   RO         2286    i.dhcp6_client_start  Net_Dbg_CM3_L.lib(net_dhcp6_client.o)
    0x08013304   0x08013304   0x000004b8   Code   RO         2288    i.dhcp6_listener    Net_Dbg_CM3_L.lib(net_dhcp6_client.o)
    0x080137bc   0x080137bc   0x000001f8   Code   RO         2289    i.dhcp6_send_message  Net_Dbg_CM3_L.lib(net_dhcp6_client.o)
    0x080139b4   0x080139b4   0x0000009a   Code   RO         1832    i.eth_check_link    Net_Dbg_CM3_L.lib(net_eth.o)
    0x08013a4e   0x08013a4e   0x00000002   PAD
    0x08013a50   0x08013a50   0x00000020   Code   RO         1833    i.eth_if_map        Net_Dbg_CM3_L.lib(net_eth.o)
    0x08013a70   0x08013a70   0x00000304   Code   RO         1834    i.eth_iface_init    Net_Dbg_CM3_L.lib(net_eth.o)
    0x08013d74   0x08013d74   0x00000290   Code   RO         1835    i.eth_iface_run     Net_Dbg_CM3_L.lib(net_eth.o)
    0x08014004   0x08014004   0x00000008   Code   RO         1837    i.eth_lock          Net_Dbg_CM3_L.lib(net_eth.o)
    0x0801400c   0x0801400c   0x0000001c   Code   RO         1838    i.eth_mtu_limit     Net_Dbg_CM3_L.lib(net_eth.o)
    0x08014028   0x08014028   0x00000048   Code   RO         1839    i.eth_opt_len       Net_Dbg_CM3_L.lib(net_eth.o)
    0x08014070   0x08014070   0x00000088   Code   RO         1840    i.eth_receive       Net_Dbg_CM3_L.lib(net_eth.o)
    0x080140f8   0x080140f8   0x00000008   Code   RO         1841    i.eth_unlock        Net_Dbg_CM3_L.lib(net_eth.o)
    0x08014100   0x08014100   0x00000018   Code   RO         2854    i.fputs             mc_w.l(fputs.o)
    0x08014118   0x08014118   0x0000007c   Code   RO         2042    i.frag_map_session  Net_Dbg_CM3_L.lib(net_ip4_frag.o)
    0x08014194   0x08014194   0x00000028   Code   RO         2342    i.get_next_field    Net_Dbg_CM3_L.lib(net_http_server.o)
    0x080141bc   0x080141bc   0x00000032   Code   RO         2343    i.get_next_par      Net_Dbg_CM3_L.lib(net_http_server.o)
    0x080141ee   0x080141ee   0x0000005c   Code   RO         2290    i.get_tout          Net_Dbg_CM3_L.lib(net_dhcp6_client.o)
    0x0801424a   0x0801424a   0x00000022   Code   RO         2344    i.hex2byte          Net_Dbg_CM3_L.lib(net_http_server.o)
    0x0801426c   0x0801426c   0x0000036c   Code   RO         2345    i.http_add_header   Net_Dbg_CM3_L.lib(net_http_server.o)
    0x080145d8   0x080145d8   0x00000050   Code   RO         2465    i.http_auth_basic_add  Net_Dbg_CM3_L.lib(net_http_server_auth.o)
    0x08014628   0x08014628   0x00000090   Code   RO         2466    i.http_auth_basic_parse  Net_Dbg_CM3_L.lib(net_http_server_auth.o)
    0x080146b8   0x080146b8   0x00000002   Code   RO         2472    i.http_auth_dummy   Net_Dbg_CM3_L.lib(net_http_server_auth.o)
    0x080146ba   0x080146ba   0x00000002   PAD
    0x080146bc   0x080146bc   0x00000024   Code   RO         2473    i.http_auth_init    Net_Dbg_CM3_L.lib(net_http_server_auth.o)
    0x080146e0   0x080146e0   0x000001cc   Code   RO         2346    i.http_error_msg    Net_Dbg_CM3_L.lib(net_http_server.o)
    0x080148ac   0x080148ac   0x00000078   Code   RO         2347    i.http_get_ftype    Net_Dbg_CM3_L.lib(net_http_server.o)
    0x08014924   0x08014924   0x0000005e   Code   RO         2348    i.http_kill_session  Net_Dbg_CM3_L.lib(net_http_server.o)
    0x08014982   0x08014982   0x00000002   PAD
    0x08014984   0x08014984   0x000002a8   Code   RO         2349    i.http_listener     Net_Dbg_CM3_L.lib(net_http_server.o)
    0x08014c2c   0x08014c2c   0x00000184   Code   RO         2350    i.http_open_file    Net_Dbg_CM3_L.lib(net_http_server.o)
    0x08014db0   0x08014db0   0x0000011c   Code   RO         2351    i.http_parse_header  Net_Dbg_CM3_L.lib(net_http_server.o)
    0x08014ecc   0x08014ecc   0x000001a8   Code   RO         2352    i.http_proc_multipart  Net_Dbg_CM3_L.lib(net_http_server.o)
    0x08015074   0x08015074   0x00000138   Code   RO         2353    i.http_proc_post    Net_Dbg_CM3_L.lib(net_http_server.o)
    0x080151ac   0x080151ac   0x00000468   Code   RO         2354    i.http_server_run   Net_Dbg_CM3_L.lib(net_http_server.o)
    0x08015614   0x08015614   0x00000060   Code   RO         2355    i.http_server_start  Net_Dbg_CM3_L.lib(net_http_server.o)
    0x08015674   0x08015674   0x00000020   Code   RO         2357    i.http_strcpy       Net_Dbg_CM3_L.lib(net_http_server.o)
    0x08015694   0x08015694   0x000000ac   Code   RO         2358    i.http_to_utc       Net_Dbg_CM3_L.lib(net_http_server.o)
    0x08015740   0x08015740   0x0000001a   Code   RO         2766    i.i2str             Net_Dbg_CM3_L.lib(net_common.o)
    0x0801575a   0x0801575a   0x0000000c   Code   RO         2663    i.ip4_get_chksum    Net_Dbg_CM3_L.lib(net_ip4.o)
    0x08015766   0x08015766   0x00000028   Code   RO         2664    i.ip4_get_mtu       Net_Dbg_CM3_L.lib(net_ip4.o)
    0x0801578e   0x0801578e   0x00000040   Code   RO         2596    i.ip4_ntoa          Net_Dbg_CM3_L.lib(net_addr.o)
    0x080157ce   0x080157ce   0x00000002   PAD
    0x080157d0   0x080157d0   0x000000ca   Code   RO         2597    i.ip6_ntoa          Net_Dbg_CM3_L.lib(net_addr.o)
    0x0801589a   0x0801589a   0x00000002   PAD
    0x0801589c   0x0801589c   0x0000000c   Code   RO         2742    i.mem_lock          Net_Dbg_CM3_L.lib(net_mem.o)
    0x080158a8   0x080158a8   0x0000000c   Code   RO         2743    i.mem_unlock        Net_Dbg_CM3_L.lib(net_mem.o)
    0x080158b4   0x080158b4   0x000001a4   Code   RO         2326    i.nbns_listener     Net_Dbg_CM3_L.lib(net_nbns_client.o)
    0x08015a58   0x08015a58   0x00000120   Code   RO         1955    i.ndp_cache_add     Net_Dbg_CM3_L.lib(net_ndp.o)
    0x08015b78   0x08015b78   0x00000072   Code   RO         1956    i.ndp_cache_alloc   Net_Dbg_CM3_L.lib(net_ndp.o)
    0x08015bea   0x08015bea   0x00000002   PAD
    0x08015bec   0x08015bec   0x00000078   Code   RO         1957    i.ndp_cache_delete  Net_Dbg_CM3_L.lib(net_ndp.o)
    0x08015c64   0x08015c64   0x0000016c   Code   RO         1958    i.ndp_cache_run     Net_Dbg_CM3_L.lib(net_ndp.o)
    0x08015dd0   0x08015dd0   0x0000002c   Code   RO         1959    i.ndp_check_frame   Net_Dbg_CM3_L.lib(net_ndp.o)
    0x08015dfc   0x08015dfc   0x00000012   Code   RO         1960    i.ndp_next_opt      Net_Dbg_CM3_L.lib(net_ndp.o)
    0x08015e0e   0x08015e0e   0x00000002   PAD
    0x08015e10   0x08015e10   0x000000e4   Code   RO         1961    i.ndp_prefix_add    Net_Dbg_CM3_L.lib(net_ndp.o)
    0x08015ef4   0x08015ef4   0x0000009c   Code   RO         1962    i.ndp_probe_run     Net_Dbg_CM3_L.lib(net_ndp.o)
    0x08015f90   0x08015f90   0x000000fc   Code   RO         1964    i.ndp_proc_response  Net_Dbg_CM3_L.lib(net_ndp.o)
    0x0801608c   0x0801608c   0x0000001a   Code   RO         1965    i.ndp_que_free      Net_Dbg_CM3_L.lib(net_ndp.o)
    0x080160a6   0x080160a6   0x00000002   PAD
    0x080160a8   0x080160a8   0x00000038   Code   RO         1966    i.ndp_router_remove  Net_Dbg_CM3_L.lib(net_ndp.o)
    0x080160e0   0x080160e0   0x0000009c   Code   RO         1967    i.ndp_send_reply    Net_Dbg_CM3_L.lib(net_ndp.o)
    0x0801617c   0x0801617c   0x000000bc   Code   RO         1968    i.ndp_send_request  Net_Dbg_CM3_L.lib(net_ndp.o)
    0x08016238   0x08016238   0x000001a0   Code   RO         1969    i.ndp_slaac_run     Net_Dbg_CM3_L.lib(net_ndp.o)
    0x080163d8   0x080163d8   0x00000004   Code   RO         2359    i.netCGI_Charset    Net_Dbg_CM3_L.lib(net_http_server.o)
    0x080163dc   0x080163dc   0x00000004   Code   RO         2360    i.netCGI_ContentType  Net_Dbg_CM3_L.lib(net_http_server.o)
    0x080163e0   0x080163e0   0x00000004   Code   RO         2361    i.netCGI_CustomHeader  Net_Dbg_CM3_L.lib(net_http_server.o)
    0x080163e4   0x080163e4   0x0000006c   Code   RO         2362    i.netCGI_GetEnvVar  Net_Dbg_CM3_L.lib(net_http_server.o)
    0x08016450   0x08016450   0x00000004   Code   RO         2365    i.netCGI_Redirect   Net_Dbg_CM3_L.lib(net_http_server.o)
    0x08016454   0x08016454   0x00000004   Code   RO         2367    i.netCGX_ContentType  Net_Dbg_CM3_L.lib(net_http_server.o)
    0x08016458   0x08016458   0x00000064   Code   RO         2546    i.netCore_Thread    Net_Dbg_CM3_L.lib(net_sys.o)
    0x080164bc   0x080164bc   0x00000002   Code   RO         2293    i.netDHCP6_Notify   Net_Dbg_CM3_L.lib(net_dhcp6_client.o)
    0x080164be   0x080164be   0x00000002   Code   RO         1842    i.netETH_Notify     Net_Dbg_CM3_L.lib(net_eth.o)
    0x080164c0   0x080164c0   0x00000002   Code   RO         1843    i.netETH_ReceiveRaw  Net_Dbg_CM3_L.lib(net_eth.o)
    0x080164c2   0x080164c2   0x00000072   Code   RO         1845    i.netETH_Thread     Net_Dbg_CM3_L.lib(net_eth.o)
    0x08016534   0x08016534   0x00000004   Code   RO         2368    i.netHTTPs_AcceptClient  Net_Dbg_CM3_L.lib(net_http_server.o)
    0x08016538   0x08016538   0x00000004   Code   RO         2474    i.netHTTPs_CheckAccount  Net_Dbg_CM3_L.lib(net_http_server_auth.o)
    0x0801653c   0x0801653c   0x00000004   Code   RO         2370    i.netHTTPs_FileAccess  Net_Dbg_CM3_L.lib(net_http_server.o)
    0x08016540   0x08016540   0x00000020   Code   RO         2373    i.netHTTPs_GetLanguage  Net_Dbg_CM3_L.lib(net_http_server.o)
    0x08016560   0x08016560   0x0000000c   Code   RO         2374    i.netHTTPs_GetPassword  Net_Dbg_CM3_L.lib(net_http_server.o)
    0x0801656c   0x0801656c   0x0000000c   Code   RO         2380    i.netHTTPs_LoginActive  Net_Dbg_CM3_L.lib(net_http_server.o)
    0x08016578   0x08016578   0x00000058   Code   RO         2383    i.netHTTPs_SetPassword  Net_Dbg_CM3_L.lib(net_http_server.o)
    0x080165d0   0x080165d0   0x00000088   Code   RO         2547    i.netIF_GetOption   Net_Dbg_CM3_L.lib(net_sys.o)
    0x08016658   0x08016658   0x00000084   Code   RO         2549    i.netIF_SetOption   Net_Dbg_CM3_L.lib(net_sys.o)
    0x080166dc   0x080166dc   0x0000001a   Code   RO         2599    i.netIP_aton        Net_Dbg_CM3_L.lib(net_addr.o)
    0x080166f6   0x080166f6   0x00000032   Code   RO         2600    i.netIP_ntoa        Net_Dbg_CM3_L.lib(net_addr.o)
    0x08016728   0x08016728   0x000000ac   Code   RO         2550    i.netInitialize     Net_Dbg_CM3_L.lib(net_sys.o)
    0x080167d4   0x080167d4   0x0000008c   Code   RO         2601    i.netMAC_aton       Net_Dbg_CM3_L.lib(net_addr.o)
    0x08016860   0x08016860   0x0000001c   Code   RO         2499    i.netSNTPc_GetTime  Net_Dbg_CM3_L.lib(net_sntp_client_core.o)
    0x0801687c   0x0801687c   0x00000004   Code   RO         2165    i.netTCP_GetLocalPort  Net_Dbg_CM3_L.lib(net_tcp.o)
    0x08016880   0x08016880   0x00000020   Code   RO         2167    i.netTCP_GetPeer    Net_Dbg_CM3_L.lib(net_tcp.o)
    0x080168a0   0x080168a0   0x00000004   Code   RO         2169    i.netTCP_GetState   Net_Dbg_CM3_L.lib(net_tcp.o)
    0x080168a4   0x080168a4   0x00000004   Code   RO         2170    i.netTCP_GetTimer   Net_Dbg_CM3_L.lib(net_tcp.o)
    0x080168a8   0x080168a8   0x0000007c   Code   RO         2603    i.net_addr4_aton    Net_Dbg_CM3_L.lib(net_addr.o)
    0x08016924   0x08016924   0x0000001e   Code   RO         2605    i.net_addr4_to_mac  Net_Dbg_CM3_L.lib(net_addr.o)
    0x08016942   0x08016942   0x00000002   PAD
    0x08016944   0x08016944   0x000000e6   Code   RO         2606    i.net_addr6_aton    Net_Dbg_CM3_L.lib(net_addr.o)
    0x08016a2a   0x08016a2a   0x00000028   Code   RO         2607    i.net_addr6_comp    Net_Dbg_CM3_L.lib(net_addr.o)
    0x08016a52   0x08016a52   0x00000012   Code   RO         2608    i.net_addr6_copy    Net_Dbg_CM3_L.lib(net_addr.o)
    0x08016a64   0x08016a64   0x0000004c   Code   RO         2609    i.net_addr6_create  Net_Dbg_CM3_L.lib(net_addr.o)
    0x08016ab0   0x08016ab0   0x00000028   Code   RO         2610    i.net_addr6_get_solicited  Net_Dbg_CM3_L.lib(net_addr.o)
    0x08016ad8   0x08016ad8   0x00000018   Code   RO         2611    i.net_addr6_is_linklocal  Net_Dbg_CM3_L.lib(net_addr.o)
    0x08016af0   0x08016af0   0x0000006e   Code   RO         2612    i.net_addr6_is_onlink  Net_Dbg_CM3_L.lib(net_addr.o)
    0x08016b5e   0x08016b5e   0x00000048   Code   RO         2613    i.net_addr6_is_solicited  Net_Dbg_CM3_L.lib(net_addr.o)
    0x08016ba6   0x08016ba6   0x00000018   Code   RO         2614    i.net_addr6_is_unspec  Net_Dbg_CM3_L.lib(net_addr.o)
    0x08016bbe   0x08016bbe   0x0000000e   Code   RO         2616    i.net_addr6_to_mac  Net_Dbg_CM3_L.lib(net_addr.o)
    0x08016bcc   0x08016bcc   0x0000002c   Code   RO         2617    i.net_addr_comp     Net_Dbg_CM3_L.lib(net_addr.o)
    0x08016bf8   0x08016bf8   0x00000026   Code   RO         2618    i.net_addr_copy     Net_Dbg_CM3_L.lib(net_addr.o)
    0x08016c1e   0x08016c1e   0x0000001a   Code   RO         2619    i.net_addr_find_route  Net_Dbg_CM3_L.lib(net_addr.o)
    0x08016c38   0x08016c38   0x00000020   Code   RO         2621    i.net_addr_get_local  Net_Dbg_CM3_L.lib(net_addr.o)
    0x08016c58   0x08016c58   0x00000022   Code   RO         2622    i.net_addr_is_unspec  Net_Dbg_CM3_L.lib(net_addr.o)
    0x08016c7a   0x08016c7a   0x00000002   PAD
    0x08016c7c   0x08016c7c   0x0000011c   Code   RO         1905    i.net_arp_cache_add  Net_Dbg_CM3_L.lib(net_arp.o)
    0x08016d98   0x08016d98   0x000000bc   Code   RO         1906    i.net_arp_cache_early  Net_Dbg_CM3_L.lib(net_arp.o)
    0x08016e54   0x08016e54   0x000000ec   Code   RO         1907    i.net_arp_cache_find  Net_Dbg_CM3_L.lib(net_arp.o)
    0x08016f40   0x08016f40   0x00000048   Code   RO         1908    i.net_arp_cache_init  Net_Dbg_CM3_L.lib(net_arp.o)
    0x08016f88   0x08016f88   0x0000001c   Code   RO         1909    i.net_arp_cache_run  Net_Dbg_CM3_L.lib(net_arp.o)
    0x08016fa4   0x08016fa4   0x00000078   Code   RO         1911    i.net_arp_enqueue   Net_Dbg_CM3_L.lib(net_arp.o)
    0x0801701c   0x0801701c   0x00000020   Code   RO         1913    i.net_arp_notify    Net_Dbg_CM3_L.lib(net_arp.o)
    0x0801703c   0x0801703c   0x00000224   Code   RO         1915    i.net_arp_process   Net_Dbg_CM3_L.lib(net_arp.o)
    0x08017260   0x08017260   0x00000042   Code   RO         2767    i.net_atoi          Net_Dbg_CM3_L.lib(net_common.o)
    0x080172a2   0x080172a2   0x00000002   PAD
    0x080172a4   0x080172a4   0x00000078   Code   RO         2833    i.net_base64_decode  Net_Dbg_CM3_L.lib(net_base64.o)
    0x0801731c   0x0801731c   0x00000030   Code   RO         2769    i.net_chksum_buf    Net_Dbg_CM3_L.lib(net_common.o)
    0x0801734c   0x0801734c   0x0000001e   Code   RO         2770    i.net_crc_buf       Net_Dbg_CM3_L.lib(net_common.o)
    0x0801736a   0x0801736a   0x00000002   PAD
    0x0801736c   0x0801736c   0x00000088   Code   RO         2294    i.net_dhcp6_client_init  Net_Dbg_CM3_L.lib(net_dhcp6_client.o)
    0x080173f4   0x080173f4   0x0000001c   Code   RO         2295    i.net_dhcp6_client_run  Net_Dbg_CM3_L.lib(net_dhcp6_client.o)
    0x08017410   0x08017410   0x0000000e   Code   RO         1846    i.net_eth_callback  Net_Dbg_CM3_L.lib(net_eth.o)
    0x0801741e   0x0801741e   0x00000068   Code   RO         1847    i.net_eth_config_mcast  Net_Dbg_CM3_L.lib(net_eth.o)
    0x08017486   0x08017486   0x000000ea   Code   RO         1849    i.net_eth_get_option  Net_Dbg_CM3_L.lib(net_eth.o)
    0x08017570   0x08017570   0x0000001c   Code   RO         1850    i.net_eth_iface_init  Net_Dbg_CM3_L.lib(net_eth.o)
    0x0801758c   0x0801758c   0x0000001c   Code   RO         1851    i.net_eth_iface_run  Net_Dbg_CM3_L.lib(net_eth.o)
    0x080175a8   0x080175a8   0x000000a8   Code   RO         1853    i.net_eth_output    Net_Dbg_CM3_L.lib(net_eth.o)
    0x08017650   0x08017650   0x000001e0   Code   RO         1854    i.net_eth_send_frame  Net_Dbg_CM3_L.lib(net_eth.o)
    0x08017830   0x08017830   0x00000270   Code   RO         1855    i.net_eth_set_option  Net_Dbg_CM3_L.lib(net_eth.o)
    0x08017aa0   0x08017aa0   0x000000e8   Code   RO         2389    i.net_http_server_init  Net_Dbg_CM3_L.lib(net_http_server.o)
    0x08017b88   0x08017b88   0x00000028   Code   RO         2390    i.net_http_server_run  Net_Dbg_CM3_L.lib(net_http_server.o)
    0x08017bb0   0x08017bb0   0x00000018   Code   RO         2084    i.net_icmp6_init    Net_Dbg_CM3_L.lib(net_icmp6.o)
    0x08017bc8   0x08017bc8   0x00000238   Code   RO         2085    i.net_icmp6_process  Net_Dbg_CM3_L.lib(net_icmp6.o)
    0x08017e00   0x08017e00   0x00000084   Code   RO         2086    i.net_icmp6_send    Net_Dbg_CM3_L.lib(net_icmp6.o)
    0x08017e84   0x08017e84   0x00000058   Code   RO         2087    i.net_icmp6_send_echo  Net_Dbg_CM3_L.lib(net_icmp6.o)
    0x08017edc   0x08017edc   0x00000018   Code   RO         2064    i.net_icmp_init     Net_Dbg_CM3_L.lib(net_icmp.o)
    0x08017ef4   0x08017ef4   0x000001c8   Code   RO         2065    i.net_icmp_process  Net_Dbg_CM3_L.lib(net_icmp.o)
    0x080180bc   0x080180bc   0x000000a0   Code   RO         2066    i.net_icmp_send_echo  Net_Dbg_CM3_L.lib(net_icmp.o)
    0x0801815c   0x0801815c   0x0000000c   Code   RO         2554    i.net_if_map_all    Net_Dbg_CM3_L.lib(net_sys.o)
    0x08018168   0x08018168   0x0000018c   Code   RO         2665    i.net_ip4_chk_frame  Net_Dbg_CM3_L.lib(net_ip4.o)
    0x080182f4   0x080182f4   0x0000002c   Code   RO         2666    i.net_ip4_chksum    Net_Dbg_CM3_L.lib(net_ip4.o)
    0x08018320   0x08018320   0x00000006   Code   RO         2667    i.net_ip4_chksum_buf  Net_Dbg_CM3_L.lib(net_ip4.o)
    0x08018326   0x08018326   0x00000002   PAD
    0x08018328   0x08018328   0x00000080   Code   RO         2669    i.net_ip4_find_route  Net_Dbg_CM3_L.lib(net_ip4.o)
    0x080183a8   0x080183a8   0x00000124   Code   RO         2043    i.net_ip4_frag_add  Net_Dbg_CM3_L.lib(net_ip4_frag.o)
    0x080184cc   0x080184cc   0x000000ac   Code   RO         2044    i.net_ip4_frag_get  Net_Dbg_CM3_L.lib(net_ip4_frag.o)
    0x08018578   0x08018578   0x00000010   Code   RO         2045    i.net_ip4_frag_init  Net_Dbg_CM3_L.lib(net_ip4_frag.o)
    0x08018588   0x08018588   0x0000003c   Code   RO         2046    i.net_ip4_frag_run  Net_Dbg_CM3_L.lib(net_ip4_frag.o)
    0x080185c4   0x080185c4   0x0000002c   Code   RO         2670    i.net_ip4_get_local  Net_Dbg_CM3_L.lib(net_ip4.o)
    0x080185f0   0x080185f0   0x00000024   Code   RO         2671    i.net_ip4_init      Net_Dbg_CM3_L.lib(net_ip4.o)
    0x08018614   0x08018614   0x00000020   Code   RO         2672    i.net_ip4_is_onlink  Net_Dbg_CM3_L.lib(net_ip4.o)
    0x08018634   0x08018634   0x00000026   Code   RO         2673    i.net_ip4_is_subcast  Net_Dbg_CM3_L.lib(net_ip4.o)
    0x0801865a   0x0801865a   0x0000000e   Code   RO         2674    i.net_ip4_reass_frame  Net_Dbg_CM3_L.lib(net_ip4.o)
    0x08018668   0x08018668   0x00000164   Code   RO         2675    i.net_ip4_send_frame  Net_Dbg_CM3_L.lib(net_ip4.o)
    0x080187cc   0x080187cc   0x0000002a   Code   RO         2677    i.net_ip4_tx_offl_hl  Net_Dbg_CM3_L.lib(net_ip4.o)
    0x080187f6   0x080187f6   0x00000002   PAD
    0x080187f8   0x080187f8   0x00000100   Code   RO         2703    i.net_ip6_chk_frame  Net_Dbg_CM3_L.lib(net_ip6.o)
    0x080188f8   0x080188f8   0x00000032   Code   RO         2704    i.net_ip6_chksum    Net_Dbg_CM3_L.lib(net_ip6.o)
    0x0801892a   0x0801892a   0x00000002   PAD
    0x0801892c   0x0801892c   0x0000007c   Code   RO         2705    i.net_ip6_collect_mcast  Net_Dbg_CM3_L.lib(net_ip6.o)
    0x080189a8   0x080189a8   0x00000048   Code   RO         2707    i.net_ip6_find_route  Net_Dbg_CM3_L.lib(net_ip6.o)
    0x080189f0   0x080189f0   0x00000054   Code   RO         2708    i.net_ip6_get_local  Net_Dbg_CM3_L.lib(net_ip6.o)
    0x08018a44   0x08018a44   0x0000001c   Code   RO         2709    i.net_ip6_init      Net_Dbg_CM3_L.lib(net_ip6.o)
    0x08018a60   0x08018a60   0x000000cc   Code   RO         2710    i.net_ip6_send_frame  Net_Dbg_CM3_L.lib(net_ip6.o)
    0x08018b2c   0x08018b2c   0x0000001e   Code   RO         2712    i.net_ip6_tx_offl_hl  Net_Dbg_CM3_L.lib(net_ip6.o)
    0x08018b4a   0x08018b4a   0x00000008   Code   RO         2771    i.net_itoa          Net_Dbg_CM3_L.lib(net_common.o)
    0x08018b52   0x08018b52   0x00000006   Code   RO         2773    i.net_itoa_n0       Net_Dbg_CM3_L.lib(net_common.o)
    0x08018b58   0x08018b58   0x00000030   Code   RO         2025    i.net_loop_iface_init  Net_Dbg_CM3_L.lib(net_loopback.o)
    0x08018b88   0x08018b88   0x000000bc   Code   RO         2026    i.net_loop_iface_run  Net_Dbg_CM3_L.lib(net_loopback.o)
    0x08018c44   0x08018c44   0x00000070   Code   RO         2028    i.net_loop_send_frame  Net_Dbg_CM3_L.lib(net_loopback.o)
    0x08018cb4   0x08018cb4   0x000000c0   Code   RO         2744    i.net_mem_alloc     Net_Dbg_CM3_L.lib(net_mem.o)
    0x08018d74   0x08018d74   0x0000001c   Code   RO         2745    i.net_mem_avail     Net_Dbg_CM3_L.lib(net_mem.o)
    0x08018d90   0x08018d90   0x000000a4   Code   RO         2746    i.net_mem_free      Net_Dbg_CM3_L.lib(net_mem.o)
    0x08018e34   0x08018e34   0x00000070   Code   RO         2747    i.net_mem_init      Net_Dbg_CM3_L.lib(net_mem.o)
    0x08018ea4   0x08018ea4   0x00000048   Code   RO         2748    i.net_mem_shrink    Net_Dbg_CM3_L.lib(net_mem.o)
    0x08018eec   0x08018eec   0x00000064   Code   RO         2327    i.net_nbns_client_init  Net_Dbg_CM3_L.lib(net_nbns_client.o)
    0x08018f50   0x08018f50   0x000001c4   Code   RO         1976    i.net_ndp_cache_find  Net_Dbg_CM3_L.lib(net_ndp.o)
    0x08019114   0x08019114   0x00000080   Code   RO         1977    i.net_ndp_cache_init  Net_Dbg_CM3_L.lib(net_ndp.o)
    0x08019194   0x08019194   0x00000078   Code   RO         1979    i.net_ndp_cache_refresh  Net_Dbg_CM3_L.lib(net_ndp.o)
    0x0801920c   0x0801920c   0x0000001c   Code   RO         1980    i.net_ndp_cache_run  Net_Dbg_CM3_L.lib(net_ndp.o)
    0x08019228   0x08019228   0x00000070   Code   RO         1982    i.net_ndp_enqueue   Net_Dbg_CM3_L.lib(net_ndp.o)
    0x08019298   0x08019298   0x00000374   Code   RO         1984    i.net_ndp_process   Net_Dbg_CM3_L.lib(net_ndp.o)
    0x0801960c   0x0801960c   0x00000038   Code   RO         2556    i.net_path          Net_Dbg_CM3_L.lib(net_sys.o)
    0x08019644   0x08019644   0x00000020   Code   RO         2527    i.net_ping_client_init  Net_Dbg_CM3_L.lib(net_ping_core.o)
    0x08019664   0x08019664   0x00000080   Code   RO         2528    i.net_ping_client_run  Net_Dbg_CM3_L.lib(net_ping_core.o)
    0x080196e4   0x080196e4   0x0000001c   Code   RO         2557    i.net_rand32        Net_Dbg_CM3_L.lib(net_sys.o)
    0x08019700   0x08019700   0x0000005c   Code   RO         2501    i.net_sntp_client_init  Net_Dbg_CM3_L.lib(net_sntp_client_core.o)
    0x0801975c   0x0801975c   0x00000058   Code   RO         2502    i.net_sntp_client_run  Net_Dbg_CM3_L.lib(net_sntp_client_core.o)
    0x080197b4   0x080197b4   0x00000148   Code   RO         2503    i.net_sntp_client_start  Net_Dbg_CM3_L.lib(net_sntp_client_core.o)
    0x080198fc   0x080198fc   0x0000002e   Code   RO         2774    i.net_strcasecmp    Net_Dbg_CM3_L.lib(net_common.o)
    0x0801992a   0x0801992a   0x00000016   Code   RO         2775    i.net_strchr        Net_Dbg_CM3_L.lib(net_common.o)
    0x08019940   0x08019940   0x0000001a   Code   RO         2776    i.net_strcmp        Net_Dbg_CM3_L.lib(net_common.o)
    0x0801995a   0x0801995a   0x00000012   Code   RO         2777    i.net_strcpy        Net_Dbg_CM3_L.lib(net_common.o)
    0x0801996c   0x0801996c   0x0000001c   Code   RO         2779    i.net_strnchr       Net_Dbg_CM3_L.lib(net_common.o)
    0x08019988   0x08019988   0x0000001a   Code   RO         2780    i.net_strncpy       Net_Dbg_CM3_L.lib(net_common.o)
    0x080199a2   0x080199a2   0x00000020   Code   RO         2781    i.net_strtoupper    Net_Dbg_CM3_L.lib(net_common.o)
    0x080199c2   0x080199c2   0x00000002   PAD
    0x080199c4   0x080199c4   0x0000000c   Code   RO         2558    i.net_sys_lock      Net_Dbg_CM3_L.lib(net_sys.o)
    0x080199d0   0x080199d0   0x00000016   Code   RO         2559    i.net_sys_resume    Net_Dbg_CM3_L.lib(net_sys.o)
    0x080199e6   0x080199e6   0x00000002   PAD
    0x080199e8   0x080199e8   0x00000014   Code   RO         2561    i.net_sys_tick      Net_Dbg_CM3_L.lib(net_sys.o)
    0x080199fc   0x080199fc   0x0000000c   Code   RO         2562    i.net_sys_unlock    Net_Dbg_CM3_L.lib(net_sys.o)
    0x08019a08   0x08019a08   0x00000020   Code   RO         2564    i.net_sys_wakeup    Net_Dbg_CM3_L.lib(net_sys.o)
    0x08019a28   0x08019a28   0x00000084   Code   RO         2177    i.net_tcp_abort     Net_Dbg_CM3_L.lib(net_tcp.o)
    0x08019aac   0x08019aac   0x000000e4   Code   RO         2180    i.net_tcp_close     Net_Dbg_CM3_L.lib(net_tcp.o)
    0x08019b90   0x08019b90   0x0000002e   Code   RO         2183    i.net_tcp_get_buf   Net_Dbg_CM3_L.lib(net_tcp.o)
    0x08019bbe   0x08019bbe   0x00000002   PAD
    0x08019bc0   0x08019bc0   0x00000034   Code   RO         2185    i.net_tcp_get_local_port  Net_Dbg_CM3_L.lib(net_tcp.o)
    0x08019bf4   0x08019bf4   0x00000028   Code   RO         2186    i.net_tcp_get_mss   Net_Dbg_CM3_L.lib(net_tcp.o)
    0x08019c1c   0x08019c1c   0x00000054   Code   RO         2188    i.net_tcp_get_peer  Net_Dbg_CM3_L.lib(net_tcp.o)
    0x08019c70   0x08019c70   0x00000070   Code   RO         2190    i.net_tcp_get_socket  Net_Dbg_CM3_L.lib(net_tcp.o)
    0x08019ce0   0x08019ce0   0x0000002c   Code   RO         2191    i.net_tcp_get_state  Net_Dbg_CM3_L.lib(net_tcp.o)
    0x08019d0c   0x08019d0c   0x00000034   Code   RO         2192    i.net_tcp_get_timer  Net_Dbg_CM3_L.lib(net_tcp.o)
    0x08019d40   0x08019d40   0x000000b0   Code   RO         2193    i.net_tcp_listen    Net_Dbg_CM3_L.lib(net_tcp.o)
    0x08019df0   0x08019df0   0x000007a8   Code   RO         2195    i.net_tcp_process   Net_Dbg_CM3_L.lib(net_tcp.o)
    0x0801a598   0x0801a598   0x0000015c   Code   RO         2199    i.net_tcp_send      Net_Dbg_CM3_L.lib(net_tcp.o)
    0x0801a6f4   0x0801a6f4   0x0000012c   Code   RO         2201    i.net_tcp_set_option  Net_Dbg_CM3_L.lib(net_tcp.o)
    0x0801a820   0x0801a820   0x00000028   Code   RO         2202    i.net_tcp_socket_init  Net_Dbg_CM3_L.lib(net_tcp.o)
    0x0801a848   0x0801a848   0x000003c0   Code   RO         2203    i.net_tcp_socket_run  Net_Dbg_CM3_L.lib(net_tcp.o)
    0x0801ac08   0x0801ac08   0x00000048   Code   RO         2111    i.net_udp_close     Net_Dbg_CM3_L.lib(net_udp.o)
    0x0801ac50   0x0801ac50   0x0000002e   Code   RO         2114    i.net_udp_get_buf   Net_Dbg_CM3_L.lib(net_udp.o)
    0x0801ac7e   0x0801ac7e   0x00000002   PAD
    0x0801ac80   0x0801ac80   0x00000070   Code   RO         2117    i.net_udp_get_socket  Net_Dbg_CM3_L.lib(net_udp.o)
    0x0801acf0   0x0801acf0   0x000000ac   Code   RO         2119    i.net_udp_open      Net_Dbg_CM3_L.lib(net_udp.o)
    0x0801ad9c   0x0801ad9c   0x00000158   Code   RO         2120    i.net_udp_process   Net_Dbg_CM3_L.lib(net_udp.o)
    0x0801aef4   0x0801aef4   0x00000012   Code   RO         2122    i.net_udp_send      Net_Dbg_CM3_L.lib(net_udp.o)
    0x0801af06   0x0801af06   0x00000002   PAD
    0x0801af08   0x0801af08   0x0000022c   Code   RO         2123    i.net_udp_send_if   Net_Dbg_CM3_L.lib(net_udp.o)
    0x0801b134   0x0801b134   0x00000024   Code   RO         2125    i.net_udp_socket_init  Net_Dbg_CM3_L.lib(net_udp.o)
    0x0801b158   0x0801b158   0x00000008   Code   RO         2782    i.net_ultoa         Net_Dbg_CM3_L.lib(net_common.o)
    0x0801b160   0x0801b160   0x00000030   Code   RO         2785    i.net_ultox         Net_Dbg_CM3_L.lib(net_common.o)
    0x0801b190   0x0801b190   0x0000004c   Code   RO         2786    i.net_xtoul         Net_Dbg_CM3_L.lib(net_common.o)
    0x0801b1dc   0x0801b1dc   0x0000001c   Code   RO         2531    i.ping_send_req     Net_Dbg_CM3_L.lib(net_ping_core.o)
    0x0801b1f8   0x0801b1f8   0x00000104   Code   RO         2297    i.proc_opt_ia_na    Net_Dbg_CM3_L.lib(net_dhcp6_client.o)
    0x0801b2fc   0x0801b2fc   0x00000058   Code   RO         2393    i.proc_req_line     Net_Dbg_CM3_L.lib(net_http_server.o)
    0x0801b354   0x0801b354   0x0000001a   Code   RO         2048    i.que_free_list     Net_Dbg_CM3_L.lib(net_ip4_frag.o)
    0x0801b36e   0x0801b36e   0x000000a0   Code   RO         2394    i.read_script_line  Net_Dbg_CM3_L.lib(net_http_server.o)
    0x0801b40e   0x0801b40e   0x00000048   Code   RO         2395    i.search_delim      Net_Dbg_CM3_L.lib(net_http_server.o)
    0x0801b456   0x0801b456   0x00000070   Code   RO         2298    i.select_server     Net_Dbg_CM3_L.lib(net_dhcp6_client.o)
    0x0801b4c6   0x0801b4c6   0x00000002   PAD
    0x0801b4c8   0x0801b4c8   0x000000fc   Code   RO         2505    i.sntp_listener     Net_Dbg_CM3_L.lib(net_sntp_client_core.o)
    0x0801b5c4   0x0801b5c4   0x0000003c   Code   RO         2506    i.sntp_send_message  Net_Dbg_CM3_L.lib(net_sntp_client_core.o)
    0x0801b600   0x0801b600   0x00000018   Code   RO         2508    i.sntp_stop         Net_Dbg_CM3_L.lib(net_sntp_client_core.o)
    0x0801b618   0x0801b618   0x00000018   Code   RO         2565    i.sys_map_if        Net_Dbg_CM3_L.lib(net_sys.o)
    0x0801b630   0x0801b630   0x0000004c   Code   RO         2566    i.sys_proc_tick     Net_Dbg_CM3_L.lib(net_sys.o)
    0x0801b67c   0x0801b67c   0x00000110   Code   RO         2205    i.tcp_map_socket    Net_Dbg_CM3_L.lib(net_tcp.o)
    0x0801b78c   0x0801b78c   0x00000084   Code   RO         2206    i.tcp_parse_opt     Net_Dbg_CM3_L.lib(net_tcp.o)
    0x0801b810   0x0801b810   0x0000011c   Code   RO         2207    i.tcp_proc_acknr    Net_Dbg_CM3_L.lib(net_tcp.o)
    0x0801b92c   0x0801b92c   0x000000ac   Code   RO         2208    i.tcp_proc_dupack   Net_Dbg_CM3_L.lib(net_tcp.o)
    0x0801b9d8   0x0801b9d8   0x0000001a   Code   RO         2209    i.tcp_que_free      Net_Dbg_CM3_L.lib(net_tcp.o)
    0x0801b9f2   0x0801b9f2   0x0000001a   Code   RO         2210    i.tcp_que_init      Net_Dbg_CM3_L.lib(net_tcp.o)
    0x0801ba0c   0x0801ba0c   0x000000ac   Code   RO         2211    i.tcp_que_resend    Net_Dbg_CM3_L.lib(net_tcp.o)
    0x0801bab8   0x0801bab8   0x00000090   Code   RO         2212    i.tcp_send_ctrl     Net_Dbg_CM3_L.lib(net_tcp.o)
    0x0801bb48   0x0801bb48   0x0000007c   Code   RO         2213    i.tcp_send_data     Net_Dbg_CM3_L.lib(net_tcp.o)
    0x0801bbc4   0x0801bbc4   0x00000090   Code   RO         2214    i.tcp_send_reset    Net_Dbg_CM3_L.lib(net_tcp.o)
    0x0801bc54   0x0801bc54   0x00000044   Code   RO         2215    i.tcp_set_cwnd      Net_Dbg_CM3_L.lib(net_tcp.o)
    0x0801bc98   0x0801bc98   0x00000074   Code   RO         2216    i.tcp_transit       Net_Dbg_CM3_L.lib(net_tcp.o)
    0x0801bd0c   0x0801bd0c   0x0000010c   Code   RO         2217    i.tcp_write         Net_Dbg_CM3_L.lib(net_tcp.o)
    0x0801be18   0x0801be18   0x0000002c   Code   RO         2127    i.udp_port_in_use   Net_Dbg_CM3_L.lib(net_udp.o)
    0x0801be44   0x0801be44   0x00000044   Code   RO         2787    i.ul2str            Net_Dbg_CM3_L.lib(net_common.o)
    0x0801be88   0x0801be88   0x00000124   Code   RO         2396    i.utc_to_http       Net_Dbg_CM3_L.lib(net_http_server.o)
    0x0801bfac   0x0801bfac   0x00000024   Data   RO          197    .constdata          http_server.o
    0x0801bfd0   0x0801bfd0   0x00000004   Data   RO          297    .constdata          web.o
    0x0801bfd4   0x0801bfd4   0x00007a3c   Data   RO          298    .constdata          web.o
    0x08023a10   0x08023a10   0x000000c8   Data   RO          299    .constdata          web.o
    0x08023ad8   0x08023ad8   0x00000960   Data   RO          342    .constdata          lcd.o
    0x08024438   0x08024438   0x00000010   Data   RO          472    .constdata          sntp.o
    0x08024448   0x08024448   0x00000024   Data   RO          715    .constdata          rtx_lib.o
    0x0802446c   0x0802446c   0x00000024   Data   RO          716    .constdata          rtx_lib.o
    0x08024490   0x08024490   0x00000018   Data   RO          717    .constdata          rtx_lib.o
    0x080244a8   0x080244a8   0x00000004   Data   RO          719    .constdata          rtx_lib.o
    0x080244ac   0x080244ac   0x00000004   Data   RO         1055    .constdata          phy_lan8742a.o
    0x080244b0   0x080244b0   0x00000020   Data   RO         1056    .constdata          phy_lan8742a.o
    0x080244d0   0x080244d0   0x00000050   Data   RO         1083    .constdata          emac_stm32f4xx.o
    0x08024520   0x08024520   0x00000044   Data   RO         1084    .constdata          emac_stm32f4xx.o
    0x08024564   0x08024564   0x00000034   Data   RO         1123    .constdata          spi_stm32f4xx.o
    0x08024598   0x08024598   0x00000010   Data   RO         1124    .constdata          spi_stm32f4xx.o
    0x080245a8   0x080245a8   0x00000010   Data   RO         1125    .constdata          spi_stm32f4xx.o
    0x080245b8   0x080245b8   0x0000002c   Data   RO         1126    .constdata          spi_stm32f4xx.o
    0x080245e4   0x080245e4   0x00000018   Data   RO         1162    .constdata          eventrecorder.o
    0x080245fc   0x080245fc   0x00000008   Data   RO         1330    .constdata          stm32f4xx_hal_dma.o
    0x08024604   0x08024604   0x00000010   Data   RO         1674    .constdata          system_stm32f4xx_1.o
    0x08024614   0x08024614   0x00000008   Data   RO         1675    .constdata          system_stm32f4xx_1.o
    0x0802461c   0x0802461c   0x000000a8   Data   RO         1720    .constdata          net_config.o
    0x080246c4   0x080246c4   0x0000001c   Data   RO         1721    .constdata          net_config.o
    0x080246e0   0x080246e0   0x00000014   Data   RO         1722    .constdata          net_config.o
    0x080246f4   0x080246f4   0x0000000c   Data   RO         1723    .constdata          net_config.o
    0x08024700   0x08024700   0x00000028   Data   RO         1724    .constdata          net_config.o
    0x08024728   0x08024728   0x00000010   Data   RO         1725    .constdata          net_config.o
    0x08024738   0x08024738   0x0000000c   Data   RO         1726    .constdata          net_config.o
    0x08024744   0x08024744   0x00000014   Data   RO         1727    .constdata          net_config.o
    0x08024758   0x08024758   0x00000020   Data   RO         1728    .constdata          net_config.o
    0x08024778   0x08024778   0x0000002c   Data   RO         1729    .constdata          net_config.o
    0x080247a4   0x080247a4   0x00000008   Data   RO         1730    .constdata          net_config.o
    0x080247ac   0x080247ac   0x00000008   Data   RO         1731    .constdata          net_config.o
    0x080247b4   0x080247b4   0x00000008   Data   RO         1732    .constdata          net_config.o
    0x080247bc   0x080247bc   0x00000008   Data   RO         1733    .constdata          net_config.o
    0x080247c4   0x080247c4   0x00000008   Data   RO         1734    .constdata          net_config.o
    0x080247cc   0x080247cc   0x00000008   Data   RO         1735    .constdata          net_config.o
    0x080247d4   0x080247d4   0x00000008   Data   RO         1736    .constdata          net_config.o
    0x080247dc   0x080247dc   0x00000008   Data   RO         1737    .constdata          net_config.o
    0x080247e4   0x080247e4   0x00000008   Data   RO         1738    .constdata          net_config.o
    0x080247ec   0x080247ec   0x00000008   Data   RO         1739    .constdata          net_config.o
    0x080247f4   0x080247f4   0x00000008   Data   RO         1740    .constdata          net_config.o
    0x080247fc   0x080247fc   0x0000000c   Data   RO         1741    .constdata          net_config.o
    0x08024808   0x08024808   0x00000018   Data   RO         1742    .constdata          net_config.o
    0x08024820   0x08024820   0x00000034   Data   RO         1743    .constdata          net_config.o
    0x08024854   0x08024854   0x00000008   Data   RO         1744    .constdata          net_config.o
    0x0802485c   0x0802485c   0x00000034   Data   RO         1745    .constdata          net_config.o
    0x08024890   0x08024890   0x0000002c   Data   RO         1746    .constdata          net_config.o
    0x080248bc   0x080248bc   0x00000010   Data   RO         1748    .constdata          net_config.o
    0x080248cc   0x080248cc   0x00000010   Data   RO         1749    .constdata          net_config.o
    0x080248dc   0x080248dc   0x0000002c   Data   RO         2029    .constdata          Net_Dbg_CM3_L.lib(net_loopback.o)
    0x08024908   0x08024908   0x0000000c   Data   RO         2030    .constdata          Net_Dbg_CM3_L.lib(net_loopback.o)
    0x08024914   0x08024914   0x00000010   Data   RO         2303    .constdata          Net_Dbg_CM3_L.lib(net_dhcp6_client.o)
    0x08024924   0x08024924   0x00000008   Data   RO         2329    .constdata          Net_Dbg_CM3_L.lib(net_nbns_client.o)
    0x0802492c   0x0802492c   0x000000fa   Data   RO         2398    .constdata          Net_Dbg_CM3_L.lib(net_http_server.o)
    0x08024a26   0x08024a26   0x00000002   PAD
    0x08024a28   0x08024a28   0x00000018   Data   RO         2477    .constdata          Net_Dbg_CM3_L.lib(net_http_server_auth.o)
    0x08024a40   0x08024a40   0x00000012   Data   RO         2533    .constdata          Net_Dbg_CM3_L.lib(net_ping_core.o)
    0x08024a52   0x08024a52   0x00000010   Data   RO         2626    .constdata          Net_Dbg_CM3_L.lib(net_addr.o)
    0x08024a62   0x08024a62   0x00000006   Data   RO         2627    .constdata          Net_Dbg_CM3_L.lib(net_addr.o)
    0x08024a68   0x08024a68   0x00000004   Data   RO         2679    .constdata          Net_Dbg_CM3_L.lib(net_ip4.o)
    0x08024a6c   0x08024a6c   0x00000020   Data   RO         2714    .constdata          Net_Dbg_CM3_L.lib(net_ip6.o)
    0x08024a8c   0x08024a8c   0x00000010   Data   RO         2715    .constdata          Net_Dbg_CM3_L.lib(net_ip6.o)
    0x08024a9c   0x08024a9c   0x00000018   Data   RO         2734    .constdata          Net_Dbg_CM3_L.lib(net_http_server_err.o)
    0x08024ab4   0x08024ab4   0x00000010   Data   RO         2788    .constdata          Net_Dbg_CM3_L.lib(net_common.o)
    0x08024ac4   0x08024ac4   0x00000090   Data   RO         2835    .constdata          Net_Dbg_CM3_L.lib(net_base64.o)
    0x08024b54   0x08024b54   0x00000004   Data   RO         2844    .constdata          Net_Dbg_CM3_L.lib(net_version.o)
    0x08024b58   0x08024b58   0x0000000c   Data   RO         2864    .constdata          mc_w.l(localtime.o)
    0x08024b64   0x08024b64   0x00000056   Data   RO         2867    .constdata          mc_w.l(strftime.o)
    0x08024bba   0x08024bba   0x00000081   Data   RO         3212    .constdata          mc_w.l(ctype_o.o)
    0x08024c3b   0x08024c3b   0x00000001   PAD
    0x08024c3c   0x08024c3c   0x00000004   Data   RO         3213    .constdata          mc_w.l(ctype_o.o)
    0x08024c40   0x08024c40   0x000000da   Data   RO          249    .conststring        http_server_cgi.o
    0x08024d1a   0x08024d1a   0x00000002   PAD
    0x08024d1c   0x08024d1c   0x00000078   Data   RO         1750    .conststring        net_config.o
    0x08024d94   0x08024d94   0x0000000d   Data   RO         1751    .conststring        net_config.o
    0x08024da1   0x08024da1   0x00000003   PAD
    0x08024da4   0x08024da4   0x00000040   Data   RO         1752    .conststring        net_config.o
    0x08024de4   0x08024de4   0x0000003d   Data   RO         1753    .conststring        net_config.o
    0x08024e21   0x08024e21   0x00000003   PAD
    0x08024e24   0x08024e24   0x0000001d   Data   RO         1754    .conststring        net_config.o
    0x08024e41   0x08024e41   0x00000003   PAD
    0x08024e44   0x08024e44   0x0000000f   Data   RO         1755    .conststring        net_config.o
    0x08024e53   0x08024e53   0x00000001   PAD
    0x08024e54   0x08024e54   0x00000203   Data   RO         2735    .conststring        Net_Dbg_CM3_L.lib(net_http_server_err.o)
    0x08025057   0x08025057   0x00000001   PAD
    0x08025058   0x08025058   0x0000000b   Data   RO          660    .conststrlit        rtx_kernel.o
    0x08025063   0x08025063   0x00000001   PAD
    0x08025064   0x08025064   0x000000a8   Data   RO          720    .rodata             rtx_lib.o
    0x0802510c   0x0802510c   0x00000030   Data   RO         3243    Region$$Table       anon$$obj.o


    Execution Region RW_IRAM2 (Exec base: 0x10000000, Load base: 0x0802527c, Size: 0x000004a4, Max: 0x00010000, ABSOLUTE)

    Exec Addr    Load Addr    Size         Type   Attr      Idx    E Section Name        Object

    0x10000000        -       0x000004a4   Zero   RW         1161    .bss.noinit         eventrecorder.o


    Execution Region RW_IRAM1 (Exec base: 0x20000000, Load base: 0x0802513c, Size: 0x0000f828, Max: 0x00030000, ABSOLUTE, COMPRESSED[0x00000140])

    Exec Addr    Load Addr    Size         Type   Attr      Idx    E Section Name        Object

    0x20000000   COMPRESSED   0x00008000   Data   RW          707    .bss.os             rtx_lib.o
    0x20008000   COMPRESSED   0x00000040   Data   RW          708    .bss.os             rtx_lib.o
    0x20008040   COMPRESSED   0x00000001   Data   RW         1007    .bss.os             os_systick.o
    0x20008041   COMPRESSED   0x00000003   PAD
    0x20008044   COMPRESSED   0x00000034   Data   RW          709    .bss.os.msgqueue.cb  rtx_lib.o
    0x20008078   COMPRESSED   0x00000050   Data   RW          710    .bss.os.msgqueue.mem  rtx_lib.o
    0x200080c8   COMPRESSED   0x0000001c   Data   RW         1714    .bss.os.mutex.cb    net_config.o
    0x200080e4   COMPRESSED   0x0000001c   Data   RW         1715    .bss.os.mutex.cb    net_config.o
    0x20008100   COMPRESSED   0x00000010   Data   RW         1716    .bss.os.semaphore.cb  net_config.o
    0x20008110   COMPRESSED   0x00000044   Data   RW          711    .bss.os.thread.cb   rtx_lib.o
    0x20008154   COMPRESSED   0x00000044   Data   RW          712    .bss.os.thread.cb   rtx_lib.o
    0x20008198   COMPRESSED   0x00000044   Data   RW         1717    .bss.os.thread.cb   net_config.o
    0x200081dc   COMPRESSED   0x00000044   Data   RW         1718    .bss.os.thread.cb   net_config.o
    0x20008220   COMPRESSED   0x00000200   Data   RW          713    .bss.os.thread.idle.stack  rtx_lib.o
    0x20008420   COMPRESSED   0x00000200   Data   RW          714    .bss.os.thread.timer.stack  rtx_lib.o
    0x20008620   COMPRESSED   0x00000020   Data   RW         1719    .bss.os.timer.cb    net_config.o
    0x20008640   COMPRESSED   0x00000004   Data   RW            5    .data               main.o
    0x20008644   COMPRESSED   0x0000002a   Data   RW          198    .data               http_server.o
    0x2000866e   COMPRESSED   0x00000001   Data   RW          199    .data               http_server.o
    0x2000866f   COMPRESSED   0x00000001   PAD
    0x20008670   COMPRESSED   0x00000004   Data   RW          200    .data               http_server.o
    0x20008674   COMPRESSED   0x00000008   Data   RW          250    .data               http_server_cgi.o
    0x2000867c   COMPRESSED   0x00000008   Data   RW          343    .data               lcd.o
    0x20008684   COMPRESSED   0x00000004   Data   RW          413    .data               parpadeo.o
    0x20008688   COMPRESSED   0x00000004   Data   RW          441    .data               rtc.o
    0x2000868c   COMPRESSED   0x00000014   Data   RW          473    .data               sntp.o
    0x200086a0   COMPRESSED   0x00000010   Data   RW          500    .data               joystick.o
    0x200086b0   COMPRESSED   0x00000004   Data   RW         1192    .data               retarget_io.o
    0x200086b4   COMPRESSED   0x0000000c   Data   RW         1224    .data               stm32f4xx_hal.o
    0x200086c0   COMPRESSED   0x00000004   Data   RW         1676    .data               system_stm32f4xx_1.o
    0x200086c4   COMPRESSED   0x00000004   Data   RW         1756    .data               net_config.o
    0x200086c8   COMPRESSED   0x00000006   Data   RW         1757    .data               net_config.o
    0x200086ce   COMPRESSED   0x00000004   Data   RW         1758    .data               net_config.o
    0x200086d2   COMPRESSED   0x00000002   PAD
    0x200086d4   COMPRESSED   0x00000004   Data   RW         2031    .data               Net_Dbg_CM3_L.lib(net_loopback.o)
    0x200086d8   COMPRESSED   0x00000004   Data   RW         2049    .data               Net_Dbg_CM3_L.lib(net_ip4_frag.o)
    0x200086dc   COMPRESSED   0x00000001   Data   RW         2067    .data               Net_Dbg_CM3_L.lib(net_icmp.o)
    0x200086dd   COMPRESSED   0x00000001   Data   RW         2088    .data               Net_Dbg_CM3_L.lib(net_icmp6.o)
    0x200086de   COMPRESSED   0x00000002   Data   RW         2129    .data               Net_Dbg_CM3_L.lib(net_udp.o)
    0x200086e0   COMPRESSED   0x00000004   Data   RW         2220    .data               Net_Dbg_CM3_L.lib(net_tcp.o)
    0x200086e4   COMPRESSED   0x00000002   Data   RW         2304    .data               Net_Dbg_CM3_L.lib(net_dhcp6_client.o)
    0x200086e6   COMPRESSED   0x00000001   Data   RW         2330    .data               Net_Dbg_CM3_L.lib(net_nbns_client.o)
    0x200086e7   COMPRESSED   0x00000001   PAD
    0x200086e8   COMPRESSED   0x0000000c   Data   RW         2399    .data               Net_Dbg_CM3_L.lib(net_http_server.o)
    0x200086f4   COMPRESSED   0x00000008   Data   RW         2680    .data               Net_Dbg_CM3_L.lib(net_ip4.o)
    0x200086fc   COMPRESSED   0x00000004   Data   RW         2716    .data               Net_Dbg_CM3_L.lib(net_ip6.o)
    0x20008700   COMPRESSED   0x00000004   Data   RW         2858    .data               mc_w.l(stdout.o)
    0x20008704   COMPRESSED   0x00000004   Data   RW         2859    .data               mc_w.l(stderr.o)
    0x20008708   COMPRESSED   0x00000004   Data   RW         3188    .data               mc_w.l(errno.o)
    0x2000870c   COMPRESSED   0x000000a4   Data   RW          661    .data.os            rtx_kernel.o
    0x200087b0        -       0x00000400   Zero   RW          196    .bss                http_server.o
    0x20008bb0        -       0x00000038   Zero   RW          248    .bss                http_server_cgi.o
    0x20008be8        -       0x0000025c   Zero   RW          341    .bss                lcd.o
    0x20008e44        -       0x00000014   Zero   RW          387    .bss                leds.o
    0x20008e58        -       0x000000d4   Zero   RW          440    .bss                rtc.o
    0x20008f2c        -       0x0000000c   Zero   RW         1054    .bss                phy_lan8742a.o
    0x20008f38        -       0x000024cc   Zero   RW         1082    .bss                emac_stm32f4xx.o
    0x2000b404        -       0x00000010   Zero   RW         1121    .bss                spi_stm32f4xx.o
    0x2000b414        -       0x0000001c   Zero   RW         1122    .bss                spi_stm32f4xx.o
    0x2000b430        -       0x00000400   Zero   RW         1703    .bss                net_config.o
    0x2000b830        -       0x00000400   Zero   RW         1704    .bss                net_config.o
    0x2000bc30        -       0x00002ee0   Zero   RW         1705    .bss                net_config.o
    0x2000eb10        -       0x000000c8   Zero   RW         1706    .bss                net_config.o
    0x2000ebd8        -       0x00000018   Zero   RW         1707    .bss                net_config.o
    0x2000ebf0        -       0x000000a0   Zero   RW         1708    .bss                net_config.o
    0x2000ec90        -       0x00000064   Zero   RW         1709    .bss                net_config.o
    0x2000ecf4        -       0x00000028   Zero   RW         1710    .bss                net_config.o
    0x2000ed1c        -       0x00000050   Zero   RW         1711    .bss                net_config.o
    0x2000ed6c        -       0x00000228   Zero   RW         1712    .bss                net_config.o
    0x2000ef94        -       0x00000150   Zero   RW         1713    .bss                net_config.o
    0x2000f0e4        -       0x000000a0   Zero   RW         1856    .bss                Net_Dbg_CM3_L.lib(net_eth.o)
    0x2000f184        -       0x00000018   Zero   RW         1916    .bss                Net_Dbg_CM3_L.lib(net_arp.o)
    0x2000f19c        -       0x00000044   Zero   RW         1985    .bss                Net_Dbg_CM3_L.lib(net_ndp.o)
    0x2000f1e0        -       0x0000001c   Zero   RW         2128    .bss                Net_Dbg_CM3_L.lib(net_udp.o)
    0x2000f1fc        -       0x00000044   Zero   RW         2299    .bss                Net_Dbg_CM3_L.lib(net_dhcp6_client.o)
    0x2000f240        -       0x00000098   Zero   RW         2397    .bss                Net_Dbg_CM3_L.lib(net_http_server.o)
    0x2000f2d8        -       0x0000002c   Zero   RW         2509    .bss                Net_Dbg_CM3_L.lib(net_sntp_client_core.o)
    0x2000f304        -       0x0000002c   Zero   RW         2532    .bss                Net_Dbg_CM3_L.lib(net_ping_core.o)
    0x2000f330        -       0x00000038   Zero   RW         2567    .bss                Net_Dbg_CM3_L.lib(net_sys.o)
    0x2000f368        -       0x00000024   Zero   RW         2568    .bss                Net_Dbg_CM3_L.lib(net_sys.o)
    0x2000f38c        -       0x0000005c   Zero   RW         2625    .bss                Net_Dbg_CM3_L.lib(net_addr.o)
    0x2000f3e8        -       0x00000014   Zero   RW         2750    .bss                Net_Dbg_CM3_L.lib(net_mem.o)
    0x2000f3fc        -       0x0000002c   Zero   RW         2863    .bss                mc_w.l(localtime.o)
    0x2000f428        -       0x00000400   Zero   RW         1663    STACK               startup_stm32f429xx.o


==============================================================================

Image component sizes


      Code (inc. data)   RO Data    RW Data    ZI Data      Debug   Object Name

       304         22          0          0          0       2164   adc.o
      2552        158        148          0       9420      47618   emac_stm32f4xx.o
      1452         40         24          0       1188      17464   eventrecorder.o
        88         10         36         47       1024       2220   http_server.o
      2432        588        218          8         56       8383   http_server_cgi.o
       148          8          0          0          0        616   irq_armv7m.o
       408         26          0         16          0       2361   joystick.o
       988         36       2400          8        604       9461   lcd.o
        60         12          0          0         20        867   leds.o
       368         28          0          4          0     815743   main.o
       364         24       1006        254      15540      32631   net_config.o
       338          0          0          0          0        830   net_debug.o
       196         12          0          1          0       1992   os_systick.o
        84          8          0          4          0        943   parpadeo.o
       428         10         36          0         12       6922   phy_lan8742a.o
       240         60          0          4          0       4087   retarget_io.o
       596        122          0          4        212       2972   rtc.o
         4          0          0          0          0        575   rtx_config.o
       260         14          0          0          0      17878   rtx_delay.o
      2404         88          0          0          0      45314   rtx_evr.o
      1752         98         11        164          0      28052   rtx_kernel.o
         0          0        268      34124          0       9214   rtx_lib.o
       292          0          0          0          0       3791   rtx_memory.o
      1984         48          0          0          0      15164   rtx_mempool.o
      2820         58          0          0          0      23680   rtx_msgqueue.o
      1368         30          0          0          0      10126   rtx_mutex.o
      1432         34          0          0          0      11892   rtx_semaphore.o
       668         18          0          0          0       8469   rtx_system.o
      4828        124          0          0          0      33215   rtx_thread.o
      1152         34          0          0          0      10233   rtx_timer.o
       540        236         16         20          0       2518   sntp.o
      3436        100        128          0         44      45063   spi_stm32f4xx.o
        36          8        428          0       1024        812   startup_stm32f429xx.o
       456         38          0         12          0      11391   stm32f4xx_hal.o
      2848        100          0          0          0       8943   stm32f4xx_hal_adc.o
      1884         42          0          0          0       6546   stm32f4xx_hal_adc_ex.o
       664         10          0          0          0      36074   stm32f4xx_hal_cortex.o
      1820         28          8          0          0       7709   stm32f4xx_hal_dma.o
       904         54          0          0          0       3779   stm32f4xx_hal_gpio.o
       392         20          0          0          0       3715   stm32f4xx_hal_pwr.o
      1876         66          0          0          0       6115   stm32f4xx_hal_rcc.o
      1508         80          0          0          0       4645   stm32f4xx_hal_rcc_ex.o
      2404         26          0          0          0       9629   stm32f4xx_hal_rtc.o
      2748         20          0          0          0      13849   stm32f4xx_hal_rtc_ex.o
     12740        296          0          0          0      45954   stm32f4xx_hal_tim.o
      4984        154          0          0          0      18131   stm32f4xx_hal_tim_ex.o
       136         16         24          4          0       1653   system_stm32f4xx_1.o
       120         10      31496          0          0       1700   web.o

    ----------------------------------------------------------------------
     69506       3014      36308      34680      29144    1403103   Object Totals
         0          0         48          0          0          0   (incl. Generated)
         0          0         13          6          0          0   (incl. Padding)

    ----------------------------------------------------------------------

      Code (inc. data)   RO Data    RW Data    ZI Data      Debug   Library Member Name

      1458         18         22          0         92       1624   net_addr.o
      2874        144          0          0         24       1548   net_arp.o
       120          6        144          0          0         84   net_base64.o
       622         10         16          0          0       1340   net_common.o
      3454        144         16          2         68        944   net_dhcp6_client.o
      3664        138          0          0        160       1600   net_eth.o
      6834       1268        250         12        152       2852   net_http_server.o
       266         66         24          0          0        368   net_http_server_auth.o
         0          0        539          0          0          0   net_http_server_err.o
       640         48          0          1          0        236   net_icmp.o
       812         60          0          1          0        332   net_icmp6.o
      1188         82          4          8          0        956   net_ip4.o
       690         30          0          4          0        476   net_ip4_frag.o
       848         72         48          4          0        644   net_ip6.o
       348         28         56          4          0        256   net_loopback.o
       592         64          0          0         20        564   net_mem.o
       520         44          8          1          0        188   net_nbns_client.o
      4150        176          0          0         68       1848   net_ndp.o
       188         32         18          0         44        220   net_ping_core.o
       872         70          0          0         44        584   net_sntp_client_core.o
       834         84          0          0         92       1012   net_sys.o
      6566        282          0          4          0       2728   net_tcp.o
      1400         80          0          2         28        772   net_udp.o
         0          0          4          0          0          0   net_version.o
        86          0          0          0          0          0   __dczerorl2.o
        28          0          0          0          0         68   _chval.o
       158          0          0          0          0         92   _strtoul.o
        26          0          0          0          0         80   atoi.o
         8          4        133          0          0         68   ctype_o.o
         0          0          0          0          0          0   entry.o
         0          0          0          0          0          0   entry10a.o
         0          0          0          0          0          0   entry11a.o
         4          0          0          0          0          0   entry12b.o
         8          4          0          0          0          0   entry2.o
         4          0          0          0          0          0   entry5.o
         0          0          0          0          0          0   entry7b.o
         0          0          0          0          0          0   entry8b.o
         8          4          0          0          0          0   entry9a.o
         8          4          0          4          0         68   errno.o
        24          0          0          0          0         80   fputs.o
        30          0          0          0          0          0   handlers.o
        36          8          0          0          0         68   init.o
         0          0          0          0          0          0   iusefp.o
        30          0          0          0          0         68   llshl.o
        36          0          0          0          0         68   llsshr.o
        32          0          0          0          0         68   llushr.o
       148         10         12          0         44         76   localtime.o
        26          0          0          0          0         80   memcmp.o
        36          0          0          0          0         68   memcpya.o
        36          0          0          0          0        108   memseta.o
      2268         96          0          0          0        616   printfa.o
         0          0          0          4          0          0   stderr.o
         0          0          0          4          0          0   stdout.o
        28          0          0          0          0         76   strcmp.o
        18          0          0          0          0         68   strcpy.o
       916        264         86          0          0        144   strftime.o
        14          0          0          0          0         68   strlen.o
        30          0          0          0          0         80   strncmp.o
       112          0          0          0          0         88   strtol.o
        44          0          0          0          0         80   uidiv.o
        98          0          0          0          0         92   uldiv.o
        48          0          0          0          0         68   cdrcmple.o
       334          0          0          0          0        148   dadd.o
       222          0          0          0          0        100   ddiv.o
       186          0          0          0          0        176   depilogue.o
        48          0          0          0          0         68   dfixul.o
        26          0          0          0          0         76   dfltui.o
       228          0          0          0          0         96   dmul.o
        46          0          0          0          0         80   dscalb.o
       110          0          0          0          0        168   fepilogue.o
        10          0          0          0          0         68   ffltui.o
       100          0          0          0          0         76   fmul.o
        24          0          0          0          0         68   fscalb.o

    ----------------------------------------------------------------------
     44670       3340       1384         56        836      24740   Library Totals
        48          0          4          1          0          0   (incl. Padding)

    ----------------------------------------------------------------------

      Code (inc. data)   RO Data    RW Data    ZI Data      Debug   Library Name

     38940       2946       1149         43        792      21176   Net_Dbg_CM3_L.lib
      4300        394        231         12         44       2372   mc_w.l
      1382          0          0          0          0       1192   mf_w.l

    ----------------------------------------------------------------------
     44670       3340       1384         56        836      24740   Library Totals

    ----------------------------------------------------------------------

==============================================================================


      Code (inc. data)   RO Data    RW Data    ZI Data      Debug   

    114176       6354      37692      34736      29980    1408055   Grand Totals
    114176       6354      37692        320      29980    1408055   ELF Image Totals (compressed)
    114176       6354      37692        320          0          0   ROM Totals

==============================================================================

    Total RO  Size (Code + RO Data)               151868 ( 148.31kB)
    Total RW  Size (RW Data + ZI Data)             64716 (  63.20kB)
    Total ROM Size (Code + RO Data + RW Data)     152188 ( 148.62kB)

==============================================================================

