Component: ARM Compiler 5.06 update 7 (build 960) Tool: armlink [4d3601]

==============================================================================

Section Cross References

    main.o(.text) refers to rtx_kernel.o(.text) for osKernelGetState
    main.o(.text) refers to lcd.o(.text) for LCD_reset
    main.o(.text) refers to leds.o(.text) for LED_Init
    main.o(.text) refers to rtc.o(.text) for RTC_Init
    main.o(.text) refers to joystick.o(.text) for Init_Joystick
    main.o(.text) refers to rtx_delay.o(.text) for osDelay
    main.o(.text) refers to stm32f4xx_hal_rcc.o(.text) for HAL_RCC_OscConfig
    main.o(.text) refers to stm32f4xx_hal_rcc_ex.o(.text) for HAL_RCCEx_PeriphCLKConfig
    main.o(.text) refers to stm32f4xx_hal.o(.text) for HAL_GetREVID
    main.o(.text) refers to system_stm32f4xx_1.o(.text) for SystemCoreClockUpdate
    main.o(.text) refers to rtx_thread.o(.text) for osThreadNew
    main.o(.text) refers to parpadeo.o(.text) for Init_Parpadeo
    main.o(.text) refers to sntp.o(.text) for Init_ThSNTP
    main.o(.text) refers to system_stm32f4xx_1.o(.data) for SystemCoreClock
    main.o(.text) refers to main.o(.data) for .data
    main.o(.text) refers to http_server.o(.constdata) for app_main_attr
    main.o(.text) refers to http_server.o(.text) for app_main
    http_server.o(.text) refers to adc.o(.text) for ADC1_pins_F429ZI_config
    http_server.o(.text) refers to rtx_thread.o(.text) for osThreadFlagsSet
    http_server.o(.text) refers to net_sys.o(i.netInitialize) for netInitialize
    http_server.o(.text) refers to lcd.o(.text) for LCD_reset
    http_server.o(.text) refers to leds.o(.text) for LED_Init
    http_server.o(.text) refers to http_server.o(.data) for .data
    http_server.o(.constdata) refers to http_server.o(.bss) for app_main_stk
    http_server_cgi.o(.text) refers to net_http_server.o(i.netCGI_GetEnvVar) for netCGI_GetEnvVar
    http_server_cgi.o(.text) refers to net_addr.o(i.netIP_aton) for netIP_aton
    http_server_cgi.o(.text) refers to net_sys.o(i.netIF_SetOption) for netIF_SetOption
    http_server_cgi.o(.text) refers to stm32f4xx_hal_gpio.o(.text) for HAL_GPIO_WritePin
    http_server_cgi.o(.text) refers to strcmp.o(.text) for strcmp
    http_server_cgi.o(.text) refers to strncmp.o(.text) for strncmp
    http_server_cgi.o(.text) refers to printfa.o(i.__0printf) for __2printf
    http_server_cgi.o(.text) refers to net_http_server.o(i.netHTTPs_LoginActive) for netHTTPs_LoginActive
    http_server_cgi.o(.text) refers to strcpy.o(.text) for strcpy
    http_server_cgi.o(.text) refers to net_http_server.o(i.netHTTPs_SetPassword) for netHTTPs_SetPassword
    http_server_cgi.o(.text) refers to lcd.o(.text) for LCD_clear
    http_server_cgi.o(.text) refers to strlen.o(.text) for strlen
    http_server_cgi.o(.text) refers to net_sys.o(i.netIF_GetOption) for netIF_GetOption
    http_server_cgi.o(.text) refers to net_addr.o(i.netIP_ntoa) for netIP_ntoa
    http_server_cgi.o(.text) refers to printfa.o(i.__0sprintf) for __2sprintf
    http_server_cgi.o(.text) refers to net_tcp.o(i.netTCP_GetState) for netTCP_GetState
    http_server_cgi.o(.text) refers to net_tcp.o(i.netTCP_GetPeer) for netTCP_GetPeer
    http_server_cgi.o(.text) refers to net_tcp.o(i.netTCP_GetTimer) for netTCP_GetTimer
    http_server_cgi.o(.text) refers to http_server_cgi.o(.bss) for .bss
    http_server_cgi.o(.text) refers to http_server_cgi.o(.data) for .data
    http_server_cgi.o(.text) refers to http_server.o(.data) for LEDrun
    http_server_cgi.o(.text) refers to sntp.o(.data) for sel_SNTP_Server
    http_server_cgi.o(.text) refers to http_server.o(.data) for lcd_text
    http_server_cgi.o(.text) refers to http_server_cgi.o(.conststring) for .conststring
    http_server_cgi.o(.text) refers to net_tcp.o(i.netTCP_GetLocalPort) for netTCP_GetLocalPort
    http_server_cgi.o(.text) refers to net_http_server.o(i.netHTTPs_GetPassword) for netHTTPs_GetPassword
    http_server_cgi.o(.text) refers to net_http_server.o(i.netHTTPs_GetLanguage) for netHTTPs_GetLanguage
    http_server_cgi.o(.text) refers to http_server.o(.text) for AD_in
    http_server_cgi.o(.text) refers to dfltui.o(.text) for __aeabi_ui2d
    http_server_cgi.o(.text) refers to dmul.o(.text) for __aeabi_dmul
    http_server_cgi.o(.text) refers to dscalb.o(.text) for __ARM_scalbn
    http_server_cgi.o(.text) refers to rtc.o(.text) for Get_String_Date_Time
    http_server_cgi.o(.text) refers to rtc.o(.bss) for Time_Date
    web.o(.text) refers to web.o(.constdata) for .constdata
    web.o(.constdata) refers to web.o(.constdata) for imageFileData
    adc.o(.text) refers to memseta.o(.text) for __aeabi_memclr4
    adc.o(.text) refers to stm32f4xx_hal_gpio.o(.text) for HAL_GPIO_Init
    adc.o(.text) refers to stm32f4xx_hal_adc.o(.text) for HAL_ADC_Init
    adc.o(.text) refers to ffltui.o(.text) for __aeabi_ui2f
    adc.o(.text) refers to fmul.o(.text) for __aeabi_fmul
    adc.o(.text) refers to fscalb.o(.text) for __ARM_scalbnf
[...]
    net_eth_config_mcast                     0x08015a3b   Thumb Code   104  net_eth.o(i.net_eth_config_mcast)
    net_eth_get_option                       0x08015aa3   Thumb Code   234  net_eth.o(i.net_eth_get_option)
    net_eth_iface_init                       0x08015b8d   Thumb Code    22  net_eth.o(i.net_eth_iface_init)
    net_eth_iface_run                        0x08015ba9   Thumb Code    22  net_eth.o(i.net_eth_iface_run)
    net_eth_output                           0x08015bc5   Thumb Code   164  net_eth.o(i.net_eth_output)
    net_eth_send_frame                       0x08015c6d   Thumb Code   462  net_eth.o(i.net_eth_send_frame)
    net_eth_set_option                       0x08015e4d   Thumb Code   610  net_eth.o(i.net_eth_set_option)
    net_http_server_init                     0x080160bd   Thumb Code   212  net_http_server.o(i.net_http_server_init)
    net_http_server_run                      0x080161a5   Thumb Code    30  net_http_server.o(i.net_http_server_run)
    net_icmp6_init                           0x080161cd   Thumb Code    20  net_icmp6.o(i.net_icmp6_init)
    net_icmp6_process                        0x080161e5   Thumb Code   542  net_icmp6.o(i.net_icmp6_process)
    net_icmp6_send                           0x0801641d   Thumb Code   122  net_icmp6.o(i.net_icmp6_send)
    net_icmp6_send_echo                      0x080164a1   Thumb Code    78  net_icmp6.o(i.net_icmp6_send_echo)
    net_icmp_init                            0x080164f9   Thumb Code    20  net_icmp.o(i.net_icmp_init)
    net_icmp_process                         0x08016511   Thumb Code   430  net_icmp.o(i.net_icmp_process)
    net_icmp_send_echo                       0x080166d9   Thumb Code   142  net_icmp.o(i.net_icmp_send_echo)
    net_if_map_all                           0x08016779   Thumb Code     6  net_sys.o(i.net_if_map_all)
    net_ip4_chk_frame                        0x08016785   Thumb Code   372  net_ip4.o(i.net_ip4_chk_frame)
    net_ip4_chksum                           0x08016911   Thumb Code    44  net_ip4.o(i.net_ip4_chksum)
    net_ip4_chksum_buf                       0x0801693d   Thumb Code     6  net_ip4.o(i.net_ip4_chksum_buf)
    net_ip4_find_route                       0x08016945   Thumb Code   104  net_ip4.o(i.net_ip4_find_route)
    net_ip4_frag_add                         0x080169c5   Thumb Code   284  net_ip4_frag.o(i.net_ip4_frag_add)
    net_ip4_frag_get                         0x08016ae9   Thumb Code   168  net_ip4_frag.o(i.net_ip4_frag_get)
    net_ip4_frag_init                        0x08016b95   Thumb Code    12  net_ip4_frag.o(i.net_ip4_frag_init)
    net_ip4_frag_run                         0x08016ba5   Thumb Code    50  net_ip4_frag.o(i.net_ip4_frag_run)
    net_ip4_get_local                        0x08016be1   Thumb Code    40  net_ip4.o(i.net_ip4_get_local)
    net_ip4_init                             0x08016c0d   Thumb Code    22  net_ip4.o(i.net_ip4_init)
    net_ip4_is_onlink                        0x08016c31   Thumb Code    32  net_ip4.o(i.net_ip4_is_onlink)
    net_ip4_is_subcast                       0x08016c51   Thumb Code    38  net_ip4.o(i.net_ip4_is_subcast)
    net_ip4_reass_frame                      0x08016c77   Thumb Code    14  net_ip4.o(i.net_ip4_reass_frame)
    net_ip4_send_frame                       0x08016c85   Thumb Code   340  net_ip4.o(i.net_ip4_send_frame)
    net_ip4_tx_offl_hl                       0x08016de9   Thumb Code    42  net_ip4.o(i.net_ip4_tx_offl_hl)
    net_ip6_chk_frame                        0x08016e15   Thumb Code   236  net_ip6.o(i.net_ip6_chk_frame)
    net_ip6_chksum                           0x08016f15   Thumb Code    50  net_ip6.o(i.net_ip6_chksum)
    net_ip6_collect_mcast                    0x08016f49   Thumb Code   118  net_ip6.o(i.net_ip6_collect_mcast)
    net_ip6_find_route                       0x08016fc5   Thumb Code    56  net_ip6.o(i.net_ip6_find_route)
    net_ip6_get_local                        0x0801700d   Thumb Code    74  net_ip6.o(i.net_ip6_get_local)
    net_ip6_init                             0x08017061   Thumb Code    20  net_ip6.o(i.net_ip6_init)
    net_ip6_send_frame                       0x0801707d   Thumb Code   192  net_ip6.o(i.net_ip6_send_frame)
    net_ip6_tx_offl_hl                       0x08017149   Thumb Code    30  net_ip6.o(i.net_ip6_tx_offl_hl)
    net_itoa                                 0x08017167   Thumb Code     8  net_common.o(i.net_itoa)
    net_itoa_n0                              0x0801716f   Thumb Code     6  net_common.o(i.net_itoa_n0)
    net_loop_iface_init                      0x08017175   Thumb Code    40  net_loopback.o(i.net_loop_iface_init)
    net_loop_iface_run                       0x080171a5   Thumb Code   176  net_loopback.o(i.net_loop_iface_run)
    net_loop_send_frame                      0x08017261   Thumb Code   104  net_loopback.o(i.net_loop_send_frame)
    net_mem_alloc                            0x080172d1   Thumb Code   178  net_mem.o(i.net_mem_alloc)
    net_mem_avail                            0x08017391   Thumb Code    22  net_mem.o(i.net_mem_avail)
    net_mem_free                             0x080173ad   Thumb Code   152  net_mem.o(i.net_mem_free)
    net_mem_init                             0x08017451   Thumb Code    98  net_mem.o(i.net_mem_init)
    net_mem_shrink                           0x080174c1   Thumb Code    62  net_mem.o(i.net_mem_shrink)
    net_nbns_client_init                     0x08017509   Thumb Code    82  net_nbns_client.o(i.net_nbns_client_init)
    net_ndp_cache_find                       0x0801756d   Thumb Code   438  net_ndp.o(i.net_ndp_cache_find)
    net_ndp_cache_init                       0x08017731   Thumb Code   114  net_ndp.o(i.net_ndp_cache_init)
    net_ndp_cache_refresh                    0x080177b1   Thumb Code   112  net_ndp.o(i.net_ndp_cache_refresh)
    net_ndp_cache_run                        0x08017829   Thumb Code    22  net_ndp.o(i.net_ndp_cache_run)
    net_ndp_enqueue                          0x08017845   Thumb Code   108  net_ndp.o(i.net_ndp_enqueue)
    net_ndp_process                          0x080178b5   Thumb Code   872  net_ndp.o(i.net_ndp_process)
    net_path                                 0x08017c29   Thumb Code    52  net_sys.o(i.net_path)
    net_ping_client_init                     0x08017c61   Thumb Code    22  net_ping_core.o(i.net_ping_client_init)
    net_ping_client_run                      0x08017c81   Thumb Code   110  net_ping_core.o(i.net_ping_client_run)
    net_rand32                               0x08017d01   Thumb Code    18  net_sys.o(i.net_rand32)
    net_sntp_client_init                     0x08017d1d   Thumb Code    80  net_sntp_client_core.o(i.net_sntp_client_init)
    net_sntp_client_run                      0x08017d79   Thumb Code    76  net_sntp_client_core.o(i.net_sntp_client_run)
    net_sntp_client_start                    0x08017dd1   Thumb Code   312  net_sntp_client_core.o(i.net_sntp_client_start)
    net_strcasecmp                           0x08017f19   Thumb Code    46  net_common.o(i.net_strcasecmp)
    net_strchr                               0x08017f47   Thumb Code    22  net_common.o(i.net_strchr)
    net_strcmp                               0x08017f5d   Thumb Code    26  net_common.o(i.net_strcmp)
    net_strcpy                               0x08017f77   Thumb Code    18  net_common.o(i.net_strcpy)
    net_strnchr                              0x08017f89   Thumb Code    28  net_common.o(i.net_strnchr)
    net_strncpy                              0x08017fa5   Thumb Code    26  net_common.o(i.net_strncpy)
    net_strtoupper                           0x08017fbf   Thumb Code    32  net_common.o(i.net_strtoupper)
    net_sys_lock                             0x08017fe1   Thumb Code     8  net_sys.o(i.net_sys_lock)
    net_sys_resume                           0x08017fed   Thumb Code    22  net_sys.o(i.net_sys_resume)
    net_sys_tick                             0x08018005   Thumb Code    16  net_sys.o(i.net_sys_tick)
    net_sys_unlock                           0x08018019   Thumb Code     8  net_sys.o(i.net_sys_unlock)
    net_sys_wakeup                           0x08018025   Thumb Code    26  net_sys.o(i.net_sys_wakeup)
    net_tcp_abort                            0x08018045   Thumb Code   122  net_tcp.o(i.net_tcp_abort)
    net_tcp_close                            0x080180c9   Thumb Code   218  net_tcp.o(i.net_tcp_close)
    net_tcp_get_buf                          0x080181ad   Thumb Code    46  net_tcp.o(i.net_tcp_get_buf)
    net_tcp_get_local_port                   0x080181dd   Thumb Code    48  net_tcp.o(i.net_tcp_get_local_port)
    net_tcp_get_mss                          0x08018211   Thumb Code    34  net_tcp.o(i.net_tcp_get_mss)
    net_tcp_get_peer                         0x08018239   Thumb Code    80  net_tcp.o(i.net_tcp_get_peer)
    net_tcp_get_socket                       0x0801828d   Thumb Code   104  net_tcp.o(i.net_tcp_get_socket)
    net_tcp_get_state                        0x080182fd   Thumb Code    40  net_tcp.o(i.net_tcp_get_state)
    net_tcp_get_timer                        0x08018329   Thumb Code    48  net_tcp.o(i.net_tcp_get_timer)
    net_tcp_listen                           0x0801835d   Thumb Code   168  net_tcp.o(i.net_tcp_listen)
    net_tcp_process                          0x0801840d   Thumb Code  1956  net_tcp.o(i.net_tcp_process)
    net_tcp_send                             0x08018bb5   Thumb Code   336  net_tcp.o(i.net_tcp_send)
    net_tcp_set_option                       0x08018d11   Thumb Code   288  net_tcp.o(i.net_tcp_set_option)
    net_tcp_socket_init                      0x08018e3d   Thumb Code    30  net_tcp.o(i.net_tcp_socket_init)
    net_tcp_socket_run                       0x08018e65   Thumb Code   938  net_tcp.o(i.net_tcp_socket_run)
    net_udp_close                            0x08019225   Thumb Code    62  net_udp.o(i.net_udp_close)
    net_udp_get_buf                          0x0801926d   Thumb Code    46  net_udp.o(i.net_udp_get_buf)
    net_udp_get_socket                       0x0801929d   Thumb Code   102  net_udp.o(i.net_udp_get_socket)
    net_udp_open                             0x0801930d   Thumb Code   160  net_udp.o(i.net_udp_open)
    net_udp_process                          0x080193b9   Thumb Code   322  net_udp.o(i.net_udp_process)
    net_udp_send                             0x08019511   Thumb Code    18  net_udp.o(i.net_udp_send)
    net_udp_send_if                          0x08019525   Thumb Code   540  net_udp.o(i.net_udp_send_if)
    net_udp_socket_init                      0x08019751   Thumb Code    30  net_udp.o(i.net_udp_socket_init)
    net_ultoa                                0x08019775   Thumb Code     8  net_common.o(i.net_ultoa)
    net_ultox                                0x0801977d   Thumb Code    44  net_common.o(i.net_ultox)
    net_xtoul                                0x080197ad   Thumb Code    76  net_common.o(i.net_xtoul)
    app_main_attr                            0x0801a5c8   Data          36  http_server.o(.constdata)
    imageLastModified                        0x0801a5ec   Data           4  web.o(.constdata)
    Arial12x12                               0x08021ac0   Data        2400  lcd.o(.constdata)
    ntp_server_1                             0x08022420   Data           8  sntp.o(.constdata)
    ntp_server_2                             0x08022428   Data           8  sntp.o(.constdata)
    osRtxUserSVC                             0x08022490   Data           4  rtx_lib.o(.constdata)
    Driver_ETH_PHY0                          0x08022498   Data          32  phy_lan8742a.o(.constdata)
    Driver_ETH_MAC0                          0x08022508   Data          68  emac_stm32f4xx.o(.constdata)
    Driver_SPI1                              0x080225a0   Data          44  spi_stm32f4xx.o(.constdata)
    EventRecorderInfo                        0x080225cc   Data          24  eventrecorder.o(.constdata)
    AHBPrescTable                            0x080225ec   Data          16  system_stm32f4xx_1.o(.constdata)
    APBPrescTable                            0x080225fc   Data           8  system_stm32f4xx_1.o(.constdata)
    net_sys_config                           0x080226ac   Data          28  net_config.o(.constdata)
    net_eth0_if_config                       0x08022760   Data          44  net_config.o(.constdata)
    net_eth_list                             0x0802278c   Data           8  net_config.o(.constdata)
    net_if_list_lan                          0x08022794   Data           8  net_config.o(.constdata)
    net_if_list_all                          0x0802279c   Data           8  net_config.o(.constdata)
    net_if_inet_def                          0x080227a4   Data           8  net_config.o(.constdata)
    net_if_link_def                          0x080227ac   Data           8  net_config.o(.constdata)
    net_arp_list                             0x080227b4   Data           8  net_config.o(.constdata)
    net_icmp_list                            0x080227bc   Data           8  net_config.o(.constdata)
    net_ndp_list                             0x080227c4   Data           8  net_config.o(.constdata)
    net_icmp6_list                           0x080227cc   Data           8  net_config.o(.constdata)
    net_dhcp6_list                           0x080227d4   Data           8  net_config.o(.constdata)
    net_ip4_frag_config                      0x080227dc   Data           8  net_config.o(.constdata)
    net_udp_config                           0x080227e4   Data          12  net_config.o(.constdata)
    net_tcp_config                           0x080227f0   Data          24  net_config.o(.constdata)
    net_http_config                          0x08022808   Data          52  net_config.o(.constdata)
    net_sntp_config                          0x0802283c   Data           8  net_config.o(.constdata)
    netif_getopt_func                        0x080228a4   Data          16  net_config.o(.constdata)
    netif_setopt_func                        0x080228b4   Data          16  net_config.o(.constdata)
    net_loop_if_config                       0x080228c4   Data          44  net_loopback.o(.constdata)
    net_http_auth_basic_func                 0x08022a10   Data          24  net_http_server_auth.o(.constdata)
    net_ping_payload                         0x08022a28   Data          18  net_ping_core.o(.constdata)
    net_addr_unspec                          0x08022a3a   Data          16  net_addr.o(.constdata)
    net_addr_bcast                           0x08022a4a   Data           6  net_addr.o(.constdata)
    net_addr4_loopback                       0x08022a50   Data           4  net_ip4.o(.constdata)
    net_addr6_all_nodes                      0x08022a54   Data          16  net_ip6.o(.constdata)
    net_addr6_loopback                       0x08022a64   Data          16  net_ip6.o(.constdata)
    net_addr6_all_routers                    0x08022a74   Data          16  net_ip6.o(.constdata)
    net_http_error                           0x08022a84   Data          24  net_http_server_err.o(.constdata)
    net_lib_version                          0x08022b3c   Data           4  net_version.o(.constdata)
    network_ip4ip6_debug_v7.15.0             0x08022b3c   Data           4  net_version.o(.constdata)
    osRtxConfig                              0x08022fc0   Data         112  rtx_lib.o(.rodata)
    os_cb_sections                           0x08023030   Data          56  rtx_lib.o(.rodata)
    Region$$Table$$Base                      0x08023068   Number         0  anon$$obj.o(Region$$Table)
    Region$$Table$$Limit                     0x08023098   Number         0  anon$$obj.o(Region$$Table)
    .bss.os.msgqueue.cb$$Base                0x20008044   Number         0  rtx_lib.o(.bss.os.msgqueue.cb)
    .bss.os.msgqueue.cb$$Limit               0x20008078   Number         0  rtx_lib.o(.bss.os.msgqueue.cb)
    .bss.os.mutex.cb$$Base                   0x200080c8   Number         0  net_config.o(.bss.os.mutex.cb)
    .bss.os.mutex.cb$$Limit                  0x20008100   Number         0  net_config.o(.bss.os.mutex.cb)
    .bss.os.semaphore.cb$$Base               0x20008100   Number         0  net_config.o(.bss.os.semaphore.cb)
    .bss.os.semaphore.cb$$Limit              0x20008110   Number         0  net_config.o(.bss.os.semaphore.cb)
    .bss.os.thread.cb$$Base                  0x20008110   Number         0  rtx_lib.o(.bss.os.thread.cb)
    .bss.os.thread.cb$$Limit                 0x20008220   Number         0  net_config.o(.bss.os.thread.cb)
    .bss.os.timer.cb$$Base                   0x20008620   Number         0  net_config.o(.bss.os.timer.cb)
    .bss.os.timer.cb$$Limit                  0x20008640   Number         0  net_config.o(.bss.os.timer.cb)
    lcd_text                                 0x20008644   Data          42  http_server.o(.data)
    LEDrun                                   0x2000866e   Data           1  http_server.o(.data)
    TID_Display                              0x20008670   Data           4  http_server.o(.data)
    SPIdrv                                   0x2000867c   Data           4  lcd.o(.data)
    state                                    0x20008680   Data           4  lcd.o(.data)
    tid_Thread_Parpadeo                      0x20008684   Data           4  parpadeo.o(.data)
    sDate                                    0x20008688   Data           4  rtc.o(.data)
    sel_SNTP_Server                          0x2000868c   Data           1  sntp.o(.data)
    tid_ThSNTP                               0x20008690   Data           4  sntp.o(.data)
    timer_SNTP                               0x20008694   Data           4  sntp.o(.data)
    status                                   0x2000869c   Data           4  sntp.o(.data)
    tid_Thjoy                                0x200086a0   Data           4  joystick.o(.data)
    ITM_RxBuffer                             0x200086b0   Data           4  retarget_io.o(.data)
    uwTickFreq                               0x200086b4   Data           1  stm32f4xx_hal.o(.data)
    uwTickPrio                               0x200086b8   Data           4  stm32f4xx_hal.o(.data)
    uwTick                                   0x200086bc   Data           4  stm32f4xx_hal.o(.data)
    SystemCoreClock                          0x200086c0   Data           4  system_stm32f4xx_1.o(.data)
    net_eth0_icmp_control                    0x200086dc   Data           1  net_icmp.o(.data)
    net_eth0_icmp6_control                   0x200086dd   Data           1  net_icmp6.o(.data)
    __stdout                                 0x20008700   Data           4  stdout.o(.data)
    __stderr                                 0x20008704   Data           4  stderr.o(.data)
    osRtxInfo                                0x20008708   Data         164  rtx_kernel.o(.data.os)
    app_main_stk                             0x200087b0   Data        1024  http_server.o(.bss)
    htim7                                    0x20008bfc   Data          64  lcd.o(.bss)
    buffer                                   0x20008c3c   Data         512  lcd.o(.bss)
    hrtc                                     0x20008e50   Data          32  rtc.o(.bss)
    sAlarm                                   0x20008e70   Data          40  rtc.o(.bss)
    sTime                                    0x20008e98   Data          20  rtc.o(.bss)
    timeString                               0x20008eac   Data          30  rtc.o(.bss)
    dateString                               0x20008eca   Data          30  rtc.o(.bss)
    Time_Date                                0x20008ee8   Data          60  rtc.o(.bss)
    net_eth0_if_control                      0x2000f0dc   Data         160  net_eth.o(.bss)
    net_eth0_arp_control                     0x2000f17c   Data          24  net_arp.o(.bss)
    net_eth0_ndp_control                     0x2000f194   Data          68  net_ndp.o(.bss)
    net_eth0_dhcp6_control                   0x2000f1f4   Data          68  net_dhcp6_client.o(.bss)
    net_http_control                         0x2000f2bc   Data          20  net_http_server.o(.bss)
    net_sntp_control                         0x2000f2d0   Data          44  net_sntp_client_core.o(.bss)
    net_ping_control                         0x2000f2fc   Data          44  net_ping_core.o(.bss)
    net_sys_control                          0x2000f338   Data          28  net_sys.o(.bss)
    net_dbg_buf                              0x2000f360   Data          36  net_sys.o(.bss)
    __initial_sp                             0x2000f820   Data           0  startup_stm32f429xx.o(STACK)



==============================================================================

Memory Map of the image

  Image Entry point : 0x080001ad

  Load Region LR_IROM1 (Base: 0x08000000, Size: 0x0002b844, Max: 0x00200000, ABSOLUTE, COMPRESSED[0x000231d8])

    Execution Region ER_IROM1 (Exec base: 0x08000000, Load base: 0x08000000, Size: 0x00023098, Max: 0x00200000, ABSOLUTE)

    Exec Addr    Load Addr    Size         Type   Attr      Idx    E Section Name        Object

    0x08000000   0x08000000   0x000001ac   Data   RO         1646    RESET               startup_stm32f429xx.o
    0x080001ac   0x080001ac   0x00000000   Code   RO         2832  * .ARM.Collect$$$$00000000  mc_w.l(entry.o)
    0x080001ac   0x080001ac   0x00000004   Code   RO         3142    .ARM.Collect$$$$00000001  mc_w.l(entry2.o)
    0x080001b0   0x080001b0   0x00000004   Code   RO         3145    .ARM.Collect$$$$00000004  mc_w.l(entry5.o)
    0x080001b4   0x080001b4   0x00000000   Code   RO         3147    .ARM.Collect$$$$00000008  mc_w.l(entry7b.o)
    0x080001b4   0x080001b4   0x00000000   Code   RO         3149    .ARM.Collect$$$$0000000A  mc_w.l(entry8b.o)
    0x080001b4   0x080001b4   0x00000008   Code   RO         3150    .ARM.Collect$$$$0000000B  mc_w.l(entry9a.o)
    0x080001bc   0x080001bc   0x00000004   Code   RO         3157    .ARM.Collect$$$$0000000E  mc_w.l(entry12b.o)
    0x080001c0   0x080001c0   0x00000000   Code   RO         3152    .ARM.Collect$$$$0000000F  mc_w.l(entry10a.o)
    0x080001c0   0x080001c0   0x00000000   Code   RO         3154    .ARM.Collect$$$$00000011  mc_w.l(entry11a.o)
    0x080001c0   0x080001c0   0x00000004   Code   RO         3143    .ARM.Collect$$$$00002712  mc_w.l(entry2.o)
    0x080001c4   0x080001c4   0x00000148   Code   RO          761    .emb_text           rtx_mempool.o
    0x0800030c   0x0800030c   0x00000148   Code   RO          792    .emb_text           rtx_msgqueue.o
    0x08000454   0x08000454   0x00000148   Code   RO          857    .emb_text           rtx_semaphore.o
    0x0800059c   0x0800059c   0x00000148   Code   RO          888    .emb_text           rtx_system.o
    0x080006e4   0x080006e4   0x00000148   Code   RO          922    .emb_text           rtx_thread.o
    0x0800082c   0x0800082c   0x00000074   Code   RO         1140    .emb_text           eventrecorder.o
    0x080008a0   0x080008a0   0x00000170   Code   RO            4    .text               main.o
    0x08000a10   0x08000a10   0x00000058   Code   RO          189    .text               http_server.o
    0x08000a68   0x08000a68   0x00000838   Code   RO          240    .text               http_server_cgi.o
    0x080012a0   0x080012a0   0x00000078   Code   RO          277    .text               web.o
    0x08001318   0x08001318   0x00000130   Code   RO          297    .text               adc.o
    0x08001448   0x08001448   0x000003dc   Code   RO          321    .text               lcd.o
    0x08001824   0x08001824   0x0000003c   Code   RO          367    .text               leds.o
    0x08001860   0x08001860   0x00000054   Code   RO          393    .text               parpadeo.o
    0x080018b4   0x080018b4   0x00000254   Code   RO          420    .text               rtc.o
    0x08001b08   0x08001b08   0x0000021c   Code   RO          452    .text               sntp.o
    0x08001d24   0x08001d24   0x00000198   Code   RO          480    .text               joystick.o
    0x08001ebc   0x08001ebc   0x00000094   Code   RO          509    .text               irq_armv7m.o
    0x08001f50   0x08001f50   0x00000104   Code   RO          517    .text               rtx_delay.o
    0x08002054   0x08002054   0x00000964   Code   RO          615    .text               rtx_evr.o
    0x080029b8   0x080029b8   0x000006d8   Code   RO          640    .text               rtx_kernel.o
    0x08003090   0x08003090   0x00000124   Code   RO          731    .text               rtx_memory.o
    0x080031b4   0x080031b4   0x00000678   Code   RO          762    .text               rtx_mempool.o
    0x0800382c   0x0800382c   0x000009bc   Code   RO          793    .text               rtx_msgqueue.o
    0x080041e8   0x080041e8   0x00000558   Code   RO          827    .text               rtx_mutex.o
    0x08004740   0x08004740   0x00000450   Code   RO          858    .text               rtx_semaphore.o
    0x08004b90   0x08004b90   0x00000154   Code   RO          889    .text               rtx_system.o
    0x08004ce4   0x08004ce4   0x00001194   Code   RO          923    .text               rtx_thread.o
    0x08005e78   0x08005e78   0x00000480   Code   RO          957    .text               rtx_timer.o
    0x080062f8   0x080062f8   0x000000c4   Code   RO          987    .text               os_systick.o
    0x080063bc   0x080063bc   0x00000004   Code   RO         1013    .text               rtx_config.o
    0x080063c0   0x080063c0   0x000001ac   Code   RO         1034    .text               phy_lan8742a.o
    0x0800656c   0x0800656c   0x000009e8   Code   RO         1062    .text               emac_stm32f4xx.o
    0x08006f54   0x08006f54   0x00000c5c   Code   RO         1101    .text               spi_stm32f4xx.o
    0x08007bb0   0x08007bb0   0x00000538   Code   RO         1141    .text               eventrecorder.o
    0x080080e8   0x080080e8   0x000000f0   Code   RO         1172    .text               retarget_io.o
    0x080081d8   0x080081d8   0x000001c8   Code   RO         1204    .text               stm32f4xx_hal.o
    0x080083a0   0x080083a0   0x00000ab8   Code   RO         1234    .text               stm32f4xx_hal_adc.o
    0x08008e58   0x08008e58   0x00000724   Code   RO         1258    .text               stm32f4xx_hal_adc_ex.o
    0x0800957c   0x0800957c   0x00000298   Code   RO         1282    .text               stm32f4xx_hal_cortex.o
    0x08009814   0x08009814   0x00000718   Code   RO         1310    .text               stm32f4xx_hal_dma.o
    0x08009f2c   0x08009f2c   0x00000364   Code   RO         1359    .text               stm32f4xx_hal_gpio.o
    0x0800a290   0x0800a290   0x00000178   Code   RO         1383    .text               stm32f4xx_hal_pwr.o
    0x0800a408   0x0800a408   0x00000760   Code   RO         1431    .text               stm32f4xx_hal_rcc.o
    0x0800ab68   0x0800ab68   0x000005e4   Code   RO         1455    .text               stm32f4xx_hal_rcc_ex.o
    0x0800b14c   0x0800b14c   0x00000970   Code   RO         1479    .text               stm32f4xx_hal_rtc.o
    0x0800babc   0x0800babc   0x00000b0c   Code   RO         1503    .text               stm32f4xx_hal_rtc_ex.o
    0x0800c5c8   0x0800c5c8   0x000023d2   Code   RO         1575    .text               stm32f4xx_hal_tim.o
    0x0800e99a   0x0800e99a   0x00000002   PAD
    0x0800e99c   0x0800e99c   0x00000bb0   Code   RO         1599    .text               stm32f4xx_hal_tim_ex.o
    0x0800f54c   0x0800f54c   0x00000024   Code   RO         1647    .text               startup_stm32f429xx.o
    0x0800f570   0x0800f570   0x00000088   Code   RO         1654    .text               system_stm32f4xx_1.o
    0x0800f5f8   0x0800f5f8   0x0000016c   Code   RO         1683    .text               net_config.o
    0x0800f764   0x0800f764   0x00000152   Code   RO         1783    .text               net_debug.o
    0x0800f8b6   0x0800f8b6   0x00000062   Code   RO         2841    .text               mc_w.l(uldiv.o)
    0x0800f918   0x0800f918   0x00000094   Code   RO         2843    .text               mc_w.l(localtime.o)
    0x0800f9ac   0x0800f9ac   0x00000394   Code   RO         2847    .text               mc_w.l(strftime.o)
    0x0800fd40   0x0800fd40   0x00000024   Code   RO         2853    .text               mc_w.l(memcpya.o)
    0x0800fd64   0x0800fd64   0x00000024   Code   RO         2855    .text               mc_w.l(memseta.o)
    0x0800fd88   0x0800fd88   0x0000000e   Code   RO         2857    .text               mc_w.l(strlen.o)
    0x0800fd96   0x0800fd96   0x0000001c   Code   RO         2859    .text               mc_w.l(strcmp.o)
    0x0800fdb2   0x0800fdb2   0x0000001a   Code   RO         2861    .text               mc_w.l(memcmp.o)
    0x0800fdcc   0x0800fdcc   0x00000012   Code   RO         2863    .text               mc_w.l(strcpy.o)
    0x0800fdde   0x0800fdde   0x0000001e   Code   RO         2865    .text               mc_w.l(strncmp.o)
    0x0800fdfc   0x0800fdfc   0x00000064   Code   RO         3130    .text               mf_w.l(fmul.o)
    0x0800fe60   0x0800fe60   0x00000018   Code   RO         3132    .text               mf_w.l(fscalb.o)
    0x0800fe78   0x0800fe78   0x000000e4   Code   RO         3134    .text               mf_w.l(dmul.o)
    0x0800ff5c   0x0800ff5c   0x0000002e   Code   RO         3136    .text               mf_w.l(dscalb.o)
    0x0800ff8a   0x0800ff8a   0x0000000a   Code   RO         3138    .text               mf_w.l(ffltui.o)
    0x0800ff94   0x0800ff94   0x0000001a   Code   RO         3140    .text               mf_w.l(dfltui.o)
    0x0800ffae   0x0800ffae   0x0000002c   Code   RO         3158    .text               mc_w.l(uidiv.o)
    0x0800ffda   0x0800ffda   0x0000001e   Code   RO         3160    .text               mc_w.l(llshl.o)
    0x0800fff8   0x0800fff8   0x00000020   Code   RO         3162    .text               mc_w.l(llushr.o)
    0x08010018   0x08010018   0x00000000   Code   RO         3164    .text               mc_w.l(iusefp.o)
    0x08010018   0x08010018   0x0000006e   Code   RO         3165    .text               mf_w.l(fepilogue.o)
    0x08010086   0x08010086   0x000000ba   Code   RO         3167    .text               mf_w.l(depilogue.o)
    0x08010140   0x08010140   0x0000014e   Code   RO         3169    .text               mf_w.l(dadd.o)
    0x0801028e   0x0801028e   0x000000de   Code   RO         3171    .text               mf_w.l(ddiv.o)
    0x0801036c   0x0801036c   0x00000030   Code   RO         3173    .text               mf_w.l(dfixul.o)
    0x0801039c   0x0801039c   0x00000030   Code   RO         3175    .text               mf_w.l(cdrcmple.o)
    0x080103cc   0x080103cc   0x00000024   Code   RO         3177    .text               mc_w.l(init.o)
    0x080103f0   0x080103f0   0x00000024   Code   RO         3179    .text               mc_w.l(llsshr.o)
    0x08010414   0x08010414   0x00000056   Code   RO         3188    .text               mc_w.l(__dczerorl2.o)
    0x0801046a   0x0801046a   0x00000002   PAD
    0x0801046c   0x0801046c   0x00000020   Code   RO         3102    i.__0printf         mc_w.l(printfa.o)
    0x0801048c   0x0801048c   0x00000028   Code   RO         3104    i.__0sprintf        mc_w.l(printfa.o)
    0x080104b4   0x080104b4   0x0000000e   Code   RO         3182    i.__scatterload_copy  mc_w.l(handlers.o)
    0x080104c2   0x080104c2   0x00000002   Code   RO         3183    i.__scatterload_null  mc_w.l(handlers.o)
    0x080104c4   0x080104c4   0x0000000e   Code   RO         3184    i.__scatterload_zeroinit  mc_w.l(handlers.o)
    0x080104d2   0x080104d2   0x00000002   PAD
    0x080104d4   0x080104d4   0x00000184   Code   RO         3109    i._fp_digits        mc_w.l(printfa.o)
    0x08010658   0x08010658   0x000006b4   Code   RO         3110    i._printf_core      mc_w.l(printfa.o)
    0x08010d0c   0x08010d0c   0x00000024   Code   RO         3111    i._printf_post_padding  mc_w.l(printfa.o)
    0x08010d30   0x08010d30   0x0000002e   Code   RO         3112    i._printf_pre_padding  mc_w.l(printfa.o)
    0x08010d5e   0x08010d5e   0x0000000a   Code   RO         3114    i._sputc            mc_w.l(printfa.o)
    0x08010d68   0x08010d68   0x00000054   Code   RO         2321    i.add_server_id     Net_Dbg_CM3_L.lib(net_http_server.o)
    0x08010dbc   0x08010dbc   0x0000005c   Code   RO         1869    i.arp_cache_alloc   Net_Dbg_CM3_L.lib(net_arp.o)
    0x08010e18   0x08010e18   0x00000170   Code   RO         1870    i.arp_cache_run     Net_Dbg_CM3_L.lib(net_arp.o)
    0x08010f88   0x08010f88   0x00000038   Code   RO         1871    i.arp_is_cacheable  Net_Dbg_CM3_L.lib(net_arp.o)
    0x08010fc0   0x08010fc0   0x00000088   Code   RO         1872    i.arp_probe_run     Net_Dbg_CM3_L.lib(net_arp.o)
    0x08011048   0x08011048   0x000000d8   Code   RO         1874    i.arp_proc_response  Net_Dbg_CM3_L.lib(net_arp.o)
    0x08011120   0x08011120   0x0000001a   Code   RO         1875    i.arp_que_free      Net_Dbg_CM3_L.lib(net_arp.o)
    0x0801113a   0x0801113a   0x00000002   PAD
    0x0801113c   0x0801113c   0x000000a0   Code   RO         1876    i.arp_send_reply    Net_Dbg_CM3_L.lib(net_arp.o)
    0x080111dc   0x080111dc   0x000000d0   Code   RO         1877    i.arp_send_request  Net_Dbg_CM3_L.lib(net_arp.o)
    0x080112ac   0x080112ac   0x00000068   Code   RO         1878    i.arp_sender_valid  Net_Dbg_CM3_L.lib(net_arp.o)
    0x08011314   0x08011314   0x0000006c   Code   RO         2265    i.check_client_id   Net_Dbg_CM3_L.lib(net_dhcp6_client.o)
    0x08011380   0x08011380   0x0000018c   Code   RO         2322    i.chk_post_req      Net_Dbg_CM3_L.lib(net_http_server.o)
    0x0801150c   0x0801150c   0x00000028   Code   RO         2746    i.crc32_8bit        Net_Dbg_CM3_L.lib(net_common.o)
    0x08011534   0x08011534   0x00000394   Code   RO         2266    i.dhcp6_client_run  Net_Dbg_CM3_L.lib(net_dhcp6_client.o)
    0x080118c8   0x080118c8   0x00000058   Code   RO         2267    i.dhcp6_client_start  Net_Dbg_CM3_L.lib(net_dhcp6_client.o)
    0x08011920   0x08011920   0x000004b8   Code   RO         2269    i.dhcp6_listener    Net_Dbg_CM3_L.lib(net_dhcp6_client.o)
    0x08011dd8   0x08011dd8   0x000001f8   Code   RO         2270    i.dhcp6_send_message  Net_Dbg_CM3_L.lib(net_dhcp6_client.o)
    0x08011fd0   0x08011fd0   0x0000009a   Code   RO         1813    i.eth_check_link    Net_Dbg_CM3_L.lib(net_eth.o)
    0x0801206a   0x0801206a   0x00000002   PAD
    0x0801206c   0x0801206c   0x00000020   Code   RO         1814    i.eth_if_map        Net_Dbg_CM3_L.lib(net_eth.o)
    0x0801208c   0x0801208c   0x00000304   Code   RO         1815    i.eth_iface_init    Net_Dbg_CM3_L.lib(net_eth.o)
    0x08012390   0x08012390   0x00000290   Code   RO         1816    i.eth_iface_run     Net_Dbg_CM3_L.lib(net_eth.o)
    0x08012620   0x08012620   0x00000008   Code   RO         1818    i.eth_lock          Net_Dbg_CM3_L.lib(net_eth.o)
    0x08012628   0x08012628   0x0000001c   Code   RO         1819    i.eth_mtu_limit     Net_Dbg_CM3_L.lib(net_eth.o)
    0x08012644   0x08012644   0x00000048   Code   RO         1820    i.eth_opt_len       Net_Dbg_CM3_L.lib(net_eth.o)
    0x0801268c   0x0801268c   0x00000088   Code   RO         1821    i.eth_receive       Net_Dbg_CM3_L.lib(net_eth.o)
    0x08012714   0x08012714   0x00000008   Code   RO         1822    i.eth_unlock        Net_Dbg_CM3_L.lib(net_eth.o)
    0x0801271c   0x0801271c   0x00000018   Code   RO         2835    i.fputs             mc_w.l(fputs.o)
    0x08012734   0x08012734   0x0000007c   Code   RO         2023    i.frag_map_session  Net_Dbg_CM3_L.lib(net_ip4_frag.o)
    0x080127b0   0x080127b0   0x00000028   Code   RO         2323    i.get_next_field    Net_Dbg_CM3_L.lib(net_http_server.o)
    0x080127d8   0x080127d8   0x00000032   Code   RO         2324    i.get_next_par      Net_Dbg_CM3_L.lib(net_http_server.o)
    0x0801280a   0x0801280a   0x0000005c   Code   RO         2271    i.get_tout          Net_Dbg_CM3_L.lib(net_dhcp6_client.o)
    0x08012866   0x08012866   0x00000022   Code   RO         2325    i.hex2byte          Net_Dbg_CM3_L.lib(net_http_server.o)
    0x08012888   0x08012888   0x0000036c   Code   RO         2326    i.http_add_header   Net_Dbg_CM3_L.lib(net_http_server.o)
    0x08012bf4   0x08012bf4   0x00000050   Code   RO         2446    i.http_auth_basic_add  Net_Dbg_CM3_L.lib(net_http_server_auth.o)
    0x08012c44   0x08012c44   0x00000090   Code   RO         2447    i.http_auth_basic_parse  Net_Dbg_CM3_L.lib(net_http_server_auth.o)
    0x08012cd4   0x08012cd4   0x00000002   Code   RO         2453    i.http_auth_dummy   Net_Dbg_CM3_L.lib(net_http_server_auth.o)
    0x08012cd6   0x08012cd6   0x00000002   PAD
    0x08012cd8   0x08012cd8   0x00000024   Code   RO         2454    i.http_auth_init    Net_Dbg_CM3_L.lib(net_http_server_auth.o)
    0x08012cfc   0x08012cfc   0x000001cc   Code   RO         2327    i.http_error_msg    Net_Dbg_CM3_L.lib(net_http_server.o)
    0x08012ec8   0x08012ec8   0x00000078   Code   RO         2328    i.http_get_ftype    Net_Dbg_CM3_L.lib(net_http_server.o)
    0x08012f40   0x08012f40   0x0000005e   Code   RO         2329    i.http_kill_session  Net_Dbg_CM3_L.lib(net_http_server.o)
    0x08012f9e   0x08012f9e   0x00000002   PAD
    0x08012fa0   0x08012fa0   0x000002a8   Code   RO         2330    i.http_listener     Net_Dbg_CM3_L.lib(net_http_server.o)
    0x08013248   0x08013248   0x00000184   Code   RO         2331    i.http_open_file    Net_Dbg_CM3_L.lib(net_http_server.o)
    0x080133cc   0x080133cc   0x0000011c   Code   RO         2332    i.http_parse_header  Net_Dbg_CM3_L.lib(net_http_server.o)
    0x080134e8   0x080134e8   0x000001a8   Code   RO         2333    i.http_proc_multipart  Net_Dbg_CM3_L.lib(net_http_server.o)
    0x08013690   0x08013690   0x00000138   Code   RO         2334    i.http_proc_post    Net_Dbg_CM3_L.lib(net_http_server.o)
    0x080137c8   0x080137c8   0x00000468   Code   RO         2335    i.http_server_run   Net_Dbg_CM3_L.lib(net_http_server.o)
    0x08013c30   0x08013c30   0x00000060   Code   RO         2336    i.http_server_start  Net_Dbg_CM3_L.lib(net_http_server.o)
    0x08013c90   0x08013c90   0x00000020   Code   RO         2338    i.http_strcpy       Net_Dbg_CM3_L.lib(net_http_server.o)
    0x08013cb0   0x08013cb0   0x000000ac   Code   RO         2339    i.http_to_utc       Net_Dbg_CM3_L.lib(net_http_server.o)
    0x08013d5c   0x08013d5c   0x0000001a   Code   RO         2747    i.i2str             Net_Dbg_CM3_L.lib(net_common.o)
    0x08013d76   0x08013d76   0x0000000c   Code   RO         2644    i.ip4_get_chksum    Net_Dbg_CM3_L.lib(net_ip4.o)
    0x08013d82   0x08013d82   0x00000028   Code   RO         2645    i.ip4_get_mtu       Net_Dbg_CM3_L.lib(net_ip4.o)
    0x08013daa   0x08013daa   0x00000040   Code   RO         2577    i.ip4_ntoa          Net_Dbg_CM3_L.lib(net_addr.o)
    0x08013dea   0x08013dea   0x00000002   PAD
    0x08013dec   0x08013dec   0x000000ca   Code   RO         2578    i.ip6_ntoa          Net_Dbg_CM3_L.lib(net_addr.o)
    0x08013eb6   0x08013eb6   0x00000002   PAD
    0x08013eb8   0x08013eb8   0x0000000c   Code   RO         2723    i.mem_lock          Net_Dbg_CM3_L.lib(net_mem.o)
    0x08013ec4   0x08013ec4   0x0000000c   Code   RO         2724    i.mem_unlock        Net_Dbg_CM3_L.lib(net_mem.o)
    0x08013ed0   0x08013ed0   0x000001a4   Code   RO         2307    i.nbns_listener     Net_Dbg_CM3_L.lib(net_nbns_client.o)
    0x08014074   0x08014074   0x00000120   Code   RO         1936    i.ndp_cache_add     Net_Dbg_CM3_L.lib(net_ndp.o)
    0x08014194   0x08014194   0x00000072   Code   RO         1937    i.ndp_cache_alloc   Net_Dbg_CM3_L.lib(net_ndp.o)
    0x08014206   0x08014206   0x00000002   PAD
    0x08014208   0x08014208   0x00000078   Code   RO         1938    i.ndp_cache_delete  Net_Dbg_CM3_L.lib(net_ndp.o)
    0x08014280   0x08014280   0x0000016c   Code   RO         1939    i.ndp_cache_run     Net_Dbg_CM3_L.lib(net_ndp.o)
    0x080143ec   0x080143ec   0x0000002c   Code   RO         1940    i.ndp_check_frame   Net_Dbg_CM3_L.lib(net_ndp.o)
    0x08014418   0x08014418   0x00000012   Code   RO         1941    i.ndp_next_opt      Net_Dbg_CM3_L.lib(net_ndp.o)
    0x0801442a   0x0801442a   0x00000002   PAD
    0x0801442c   0x0801442c   0x000000e4   Code   RO         1942    i.ndp_prefix_add    Net_Dbg_CM3_L.lib(net_ndp.o)
    0x08014510   0x08014510   0x0000009c   Code   RO         1943    i.ndp_probe_run     Net_Dbg_CM3_L.lib(net_ndp.o)
    0x080145ac   0x080145ac   0x000000fc   Code   RO         1945    i.ndp_proc_response  Net_Dbg_CM3_L.lib(net_ndp.o)
    0x080146a8   0x080146a8   0x0000001a   Code   RO         1946    i.ndp_que_free      Net_Dbg_CM3_L.lib(net_ndp.o)
    0x080146c2   0x080146c2   0x00000002   PAD
    0x080146c4   0x080146c4   0x00000038   Code   RO         1947    i.ndp_router_remove  Net_Dbg_CM3_L.lib(net_ndp.o)
    0x080146fc   0x080146fc   0x0000009c   Code   RO         1948    i.ndp_send_reply    Net_Dbg_CM3_L.lib(net_ndp.o)
    0x08014798   0x08014798   0x000000bc   Code   RO         1949    i.ndp_send_request  Net_Dbg_CM3_L.lib(net_ndp.o)
    0x08014854   0x08014854   0x000001a0   Code   RO         1950    i.ndp_slaac_run     Net_Dbg_CM3_L.lib(net_ndp.o)
    0x080149f4   0x080149f4   0x00000004   Code   RO         2340    i.netCGI_Charset    Net_Dbg_CM3_L.lib(net_http_server.o)
    0x080149f8   0x080149f8   0x00000004   Code   RO         2341    i.netCGI_ContentType  Net_Dbg_CM3_L.lib(net_http_server.o)
    0x080149fc   0x080149fc   0x00000004   Code   RO         2342    i.netCGI_CustomHeader  Net_Dbg_CM3_L.lib(net_http_server.o)
    0x08014a00   0x08014a00   0x0000006c   Code   RO         2343    i.netCGI_GetEnvVar  Net_Dbg_CM3_L.lib(net_http_server.o)
    0x08014a6c   0x08014a6c   0x00000004   Code   RO         2346    i.netCGI_Redirect   Net_Dbg_CM3_L.lib(net_http_server.o)
    0x08014a70   0x08014a70   0x00000004   Code   RO         2348    i.netCGX_ContentType  Net_Dbg_CM3_L.lib(net_http_server.o)
    0x08014a74   0x08014a74   0x00000064   Code   RO         2527    i.netCore_Thread    Net_Dbg_CM3_L.lib(net_sys.o)
    0x08014ad8   0x08014ad8   0x00000002   Code   RO         2274    i.netDHCP6_Notify   Net_Dbg_CM3_L.lib(net_dhcp6_client.o)
    0x08014ada   0x08014ada   0x00000002   Code   RO         1823    i.netETH_Notify     Net_Dbg_CM3_L.lib(net_eth.o)
    0x08014adc   0x08014adc   0x00000002   Code   RO         1824    i.netETH_ReceiveRaw  Net_Dbg_CM3_L.lib(net_eth.o)
    0x08014ade   0x08014ade   0x00000072   Code   RO         1826    i.netETH_Thread     Net_Dbg_CM3_L.lib(net_eth.o)
    0x08014b50   0x08014b50   0x00000004   Code   RO         2349    i.netHTTPs_AcceptClient  Net_Dbg_CM3_L.lib(net_http_server.o)
    0x08014b54   0x08014b54   0x00000004   Code   RO         2455    i.netHTTPs_CheckAccount  Net_Dbg_CM3_L.lib(net_http_server_auth.o)
    0x08014b58   0x08014b58   0x00000004   Code   RO         2351    i.netHTTPs_FileAccess  Net_Dbg_CM3_L.lib(net_http_server.o)
    0x08014b5c   0x08014b5c   0x00000020   Code   RO         2354    i.netHTTPs_GetLanguage  Net_Dbg_CM3_L.lib(net_http_server.o)
    0x08014b7c   0x08014b7c   0x0000000c   Code   RO         2355    i.netHTTPs_GetPassword  Net_Dbg_CM3_L.lib(net_http_server.o)
    0x08014b88   0x08014b88   0x0000000c   Code   RO         2361    i.netHTTPs_LoginActive  Net_Dbg_CM3_L.lib(net_http_server.o)
    0x08014b94   0x08014b94   0x00000058   Code   RO         2364    i.netHTTPs_SetPassword  Net_Dbg_CM3_L.lib(net_http_server.o)
    0x08014bec   0x08014bec   0x00000088   Code   RO         2528    i.netIF_GetOption   Net_Dbg_CM3_L.lib(net_sys.o)
    0x08014c74   0x08014c74   0x00000084   Code   RO         2530    i.netIF_SetOption   Net_Dbg_CM3_L.lib(net_sys.o)
    0x08014cf8   0x08014cf8   0x0000001a   Code   RO         2580    i.netIP_aton        Net_Dbg_CM3_L.lib(net_addr.o)
    0x08014d12   0x08014d12   0x00000032   Code   RO         2581    i.netIP_ntoa        Net_Dbg_CM3_L.lib(net_addr.o)
    0x08014d44   0x08014d44   0x000000ac   Code   RO         2531    i.netInitialize     Net_Dbg_CM3_L.lib(net_sys.o)
    0x08014df0   0x08014df0   0x0000008c   Code   RO         2582    i.netMAC_aton       Net_Dbg_CM3_L.lib(net_addr.o)
    0x08014e7c   0x08014e7c   0x0000001c   Code   RO         2480    i.netSNTPc_GetTime  Net_Dbg_CM3_L.lib(net_sntp_client_core.o)
    0x08014e98   0x08014e98   0x00000004   Code   RO         2146    i.netTCP_GetLocalPort  Net_Dbg_CM3_L.lib(net_tcp.o)
    0x08014e9c   0x08014e9c   0x00000020   Code   RO         2148    i.netTCP_GetPeer    Net_Dbg_CM3_L.lib(net_tcp.o)
    0x08014ebc   0x08014ebc   0x00000004   Code   RO         2150    i.netTCP_GetState   Net_Dbg_CM3_L.lib(net_tcp.o)
    0x08014ec0   0x08014ec0   0x00000004   Code   RO         2151    i.netTCP_GetTimer   Net_Dbg_CM3_L.lib(net_tcp.o)
    0x08014ec4   0x08014ec4   0x0000007c   Code   RO         2584    i.net_addr4_aton    Net_Dbg_CM3_L.lib(net_addr.o)
    0x08014f40   0x08014f40   0x0000001e   Code   RO         2586    i.net_addr4_to_mac  Net_Dbg_CM3_L.lib(net_addr.o)
    0x08014f5e   0x08014f5e   0x00000002   PAD
    0x08014f60   0x08014f60   0x000000e6   Code   RO         2587    i.net_addr6_aton    Net_Dbg_CM3_L.lib(net_addr.o)
    0x08015046   0x08015046   0x00000028   Code   RO         2588    i.net_addr6_comp    Net_Dbg_CM3_L.lib(net_addr.o)
    0x0801506e   0x0801506e   0x00000012   Code   RO         2589    i.net_addr6_copy    Net_Dbg_CM3_L.lib(net_addr.o)
    0x08015080   0x08015080   0x0000004c   Code   RO         2590    i.net_addr6_create  Net_Dbg_CM3_L.lib(net_addr.o)
    0x080150cc   0x080150cc   0x00000028   Code   RO         2591    i.net_addr6_get_solicited  Net_Dbg_CM3_L.lib(net_addr.o)
    0x080150f4   0x080150f4   0x00000018   Code   RO         2592    i.net_addr6_is_linklocal  Net_Dbg_CM3_L.lib(net_addr.o)
    0x0801510c   0x0801510c   0x0000006e   Code   RO         2593    i.net_addr6_is_onlink  Net_Dbg_CM3_L.lib(net_addr.o)
    0x0801517a   0x0801517a   0x00000048   Code   RO         2594    i.net_addr6_is_solicited  Net_Dbg_CM3_L.lib(net_addr.o)
    0x080151c2   0x080151c2   0x00000018   Code   RO         2595    i.net_addr6_is_unspec  Net_Dbg_CM3_L.lib(net_addr.o)
    0x080151da   0x080151da   0x0000000e   Code   RO         2597    i.net_addr6_to_mac  Net_Dbg_CM3_L.lib(net_addr.o)
    0x080151e8   0x080151e8   0x0000002c   Code   RO         2598    i.net_addr_comp     Net_Dbg_CM3_L.lib(net_addr.o)
    0x08015214   0x08015214   0x00000026   Code   RO         2599    i.net_addr_copy     Net_Dbg_CM3_L.lib(net_addr.o)
    0x0801523a   0x0801523a   0x0000001a   Code   RO         2600    i.net_addr_find_route  Net_Dbg_CM3_L.lib(net_addr.o)
    0x08015254   0x08015254   0x00000020   Code   RO         2602    i.net_addr_get_local  Net_Dbg_CM3_L.lib(net_addr.o)
    0x08015274   0x08015274   0x00000022   Code   RO         2603    i.net_addr_is_unspec  Net_Dbg_CM3_L.lib(net_addr.o)
    0x08015296   0x08015296   0x00000002   PAD
    0x08015298   0x08015298   0x0000011c   Code   RO         1886    i.net_arp_cache_add  Net_Dbg_CM3_L.lib(net_arp.o)
    0x080153b4   0x080153b4   0x000000bc   Code   RO         1887    i.net_arp_cache_early  Net_Dbg_CM3_L.lib(net_arp.o)
    0x08015470   0x08015470   0x000000ec   Code   RO         1888    i.net_arp_cache_find  Net_Dbg_CM3_L.lib(net_arp.o)
    0x0801555c   0x0801555c   0x00000048   Code   RO         1889    i.net_arp_cache_init  Net_Dbg_CM3_L.lib(net_arp.o)
    0x080155a4   0x080155a4   0x0000001c   Code   RO         1890    i.net_arp_cache_run  Net_Dbg_CM3_L.lib(net_arp.o)
    0x080155c0   0x080155c0   0x00000078   Code   RO         1892    i.net_arp_enqueue   Net_Dbg_CM3_L.lib(net_arp.o)
    0x08015638   0x08015638   0x00000020   Code   RO         1894    i.net_arp_notify    Net_Dbg_CM3_L.lib(net_arp.o)
    0x08015658   0x08015658   0x00000224   Code   RO         1896    i.net_arp_process   Net_Dbg_CM3_L.lib(net_arp.o)
    0x0801587c   0x0801587c   0x00000042   Code   RO         2748    i.net_atoi          Net_Dbg_CM3_L.lib(net_common.o)
    0x080158be   0x080158be   0x00000002   PAD
    0x080158c0   0x080158c0   0x00000078   Code   RO         2814    i.net_base64_decode  Net_Dbg_CM3_L.lib(net_base64.o)
    0x08015938   0x08015938   0x00000030   Code   RO         2750    i.net_chksum_buf    Net_Dbg_CM3_L.lib(net_common.o)
    0x08015968   0x08015968   0x0000001e   Code   RO         2751    i.net_crc_buf       Net_Dbg_CM3_L.lib(net_common.o)
    0x08015986   0x08015986   0x00000002   PAD
    0x08015988   0x08015988   0x00000088   Code   RO         2275    i.net_dhcp6_client_init  Net_Dbg_CM3_L.lib(net_dhcp6_client.o)
    0x08015a10   0x08015a10   0x0000001c   Code   RO         2276    i.net_dhcp6_client_run  Net_Dbg_CM3_L.lib(net_dhcp6_client.o)
    0x08015a2c   0x08015a2c   0x0000000e   Code   RO         1827    i.net_eth_callback  Net_Dbg_CM3_L.lib(net_eth.o)
    0x08015a3a   0x08015a3a   0x00000068   Code   RO         1828    i.net_eth_config_mcast  Net_Dbg_CM3_L.lib(net_eth.o)
    0x08015aa2   0x08015aa2   0x000000ea   Code   RO         1830    i.net_eth_get_option  Net_Dbg_CM3_L.lib(net_eth.o)
    0x08015b8c   0x08015b8c   0x0000001c   Code   RO         1831    i.net_eth_iface_init  Net_Dbg_CM3_L.lib(net_eth.o)
    0x08015ba8   0x08015ba8   0x0000001c   Code   RO         1832    i.net_eth_iface_run  Net_Dbg_CM3_L.lib(net_eth.o)
    0x08015bc4   0x08015bc4   0x000000a8   Code   RO         1834    i.net_eth_output    Net_Dbg_CM3_L.lib(net_eth.o)
    0x08015c6c   0x08015c6c   0x000001e0   Code   RO         1835    i.net_eth_send_frame  Net_Dbg_CM3_L.lib(net_eth.o)
    0x08015e4c   0x08015e4c   0x00000270   Code   RO         1836    i.net_eth_set_option  Net_Dbg_CM3_L.lib(net_eth.o)
    0x080160bc   0x080160bc   0x000000e8   Code   RO         2370    i.net_http_server_init  Net_Dbg_CM3_L.lib(net_http_server.o)
    0x080161a4   0x080161a4   0x00000028   Code   RO         2371    i.net_http_server_run  Net_Dbg_CM3_L.lib(net_http_server.o)
    0x080161cc   0x080161cc   0x00000018   Code   RO         2065    i.net_icmp6_init    Net_Dbg_CM3_L.lib(net_icmp6.o)
    0x080161e4   0x080161e4   0x00000238   Code   RO         2066    i.net_icmp6_process  Net_Dbg_CM3_L.lib(net_icmp6.o)
    0x0801641c   0x0801641c   0x00000084   Code   RO         2067    i.net_icmp6_send    Net_Dbg_CM3_L.lib(net_icmp6.o)
    0x080164a0   0x080164a0   0x00000058   Code   RO         2068    i.net_icmp6_send_echo  Net_Dbg_CM3_L.lib(net_icmp6.o)
    0x080164f8   0x080164f8   0x00000018   Code   RO         2045    i.net_icmp_init     Net_Dbg_CM3_L.lib(net_icmp.o)
    0x08016510   0x08016510   0x000001c8   Code   RO         2046    i.net_icmp_process  Net_Dbg_CM3_L.lib(net_icmp.o)
    0x080166d8   0x080166d8   0x000000a0   Code   RO         2047    i.net_icmp_send_echo  Net_Dbg_CM3_L.lib(net_icmp.o)
    0x08016778   0x08016778   0x0000000c   Code   RO         2535    i.net_if_map_all    Net_Dbg_CM3_L.lib(net_sys.o)
    0x08016784   0x08016784   0x0000018c   Code   RO         2646    i.net_ip4_chk_frame  Net_Dbg_CM3_L.lib(net_ip4.o)
    0x08016910   0x08016910   0x0000002c   Code   RO         2647    i.net_ip4_chksum    Net_Dbg_CM3_L.lib(net_ip4.o)
    0x0801693c   0x0801693c   0x00000006   Code   RO         2648    i.net_ip4_chksum_buf  Net_Dbg_CM3_L.lib(net_ip4.o)
    0x08016942   0x08016942   0x00000002   PAD
    0x08016944   0x08016944   0x00000080   Code   RO         2650    i.net_ip4_find_route  Net_Dbg_CM3_L.lib(net_ip4.o)
    0x080169c4   0x080169c4   0x00000124   Code   RO         2024    i.net_ip4_frag_add  Net_Dbg_CM3_L.lib(net_ip4_frag.o)
    0x08016ae8   0x08016ae8   0x000000ac   Code   RO         2025    i.net_ip4_frag_get  Net_Dbg_CM3_L.lib(net_ip4_frag.o)
    0x08016b94   0x08016b94   0x00000010   Code   RO         2026    i.net_ip4_frag_init  Net_Dbg_CM3_L.lib(net_ip4_frag.o)
    0x08016ba4   0x08016ba4   0x0000003c   Code   RO         2027    i.net_ip4_frag_run  Net_Dbg_CM3_L.lib(net_ip4_frag.o)
    0x08016be0   0x08016be0   0x0000002c   Code   RO         2651    i.net_ip4_get_local  Net_Dbg_CM3_L.lib(net_ip4.o)
    0x08016c0c   0x08016c0c   0x00000024   Code   RO         2652    i.net_ip4_init      Net_Dbg_CM3_L.lib(net_ip4.o)
    0x08016c30   0x08016c30   0x00000020   Code   RO         2653    i.net_ip4_is_onlink  Net_Dbg_CM3_L.lib(net_ip4.o)
    0x08016c50   0x08016c50   0x00000026   Code   RO         2654    i.net_ip4_is_subcast  Net_Dbg_CM3_L.lib(net_ip4.o)
    0x08016c76   0x08016c76   0x0000000e   Code   RO         2655    i.net_ip4_reass_frame  Net_Dbg_CM3_L.lib(net_ip4.o)
    0x08016c84   0x08016c84   0x00000164   Code   RO         2656    i.net_ip4_send_frame  Net_Dbg_CM3_L.lib(net_ip4.o)
    0x08016de8   0x08016de8   0x0000002a   Code   RO         2658    i.net_ip4_tx_offl_hl  Net_Dbg_CM3_L.lib(net_ip4.o)
    0x08016e12   0x08016e12   0x00000002   PAD
    0x08016e14   0x08016e14   0x00000100   Code   RO         2684    i.net_ip6_chk_frame  Net_Dbg_CM3_L.lib(net_ip6.o)
    0x08016f14   0x08016f14   0x00000032   Code   RO         2685    i.net_ip6_chksum    Net_Dbg_CM3_L.lib(net_ip6.o)
    0x08016f46   0x08016f46   0x00000002   PAD
    0x08016f48   0x08016f48   0x0000007c   Code   RO         2686    i.net_ip6_collect_mcast  Net_Dbg_CM3_L.lib(net_ip6.o)
    0x08016fc4   0x08016fc4   0x00000048   Code   RO         2688    i.net_ip6_find_route  Net_Dbg_CM3_L.lib(net_ip6.o)
    0x0801700c   0x0801700c   0x00000054   Code   RO         2689    i.net_ip6_get_local  Net_Dbg_CM3_L.lib(net_ip6.o)
    0x08017060   0x08017060   0x0000001c   Code   RO         2690    i.net_ip6_init      Net_Dbg_CM3_L.lib(net_ip6.o)
    0x0801707c   0x0801707c   0x000000cc   Code   RO         2691    i.net_ip6_send_frame  Net_Dbg_CM3_L.lib(net_ip6.o)
    0x08017148   0x08017148   0x0000001e   Code   RO         2693    i.net_ip6_tx_offl_hl  Net_Dbg_CM3_L.lib(net_ip6.o)
    0x08017166   0x08017166   0x00000008   Code   RO         2752    i.net_itoa          Net_Dbg_CM3_L.lib(net_common.o)
    0x0801716e   0x0801716e   0x00000006   Code   RO         2754    i.net_itoa_n0       Net_Dbg_CM3_L.lib(net_common.o)
    0x08017174   0x08017174   0x00000030   Code   RO         2006    i.net_loop_iface_init  Net_Dbg_CM3_L.lib(net_loopback.o)
    0x080171a4   0x080171a4   0x000000bc   Code   RO         2007    i.net_loop_iface_run  Net_Dbg_CM3_L.lib(net_loopback.o)
    0x08017260   0x08017260   0x00000070   Code   RO         2009    i.net_loop_send_frame  Net_Dbg_CM3_L.lib(net_loopback.o)
    0x080172d0   0x080172d0   0x000000c0   Code   RO         2725    i.net_mem_alloc     Net_Dbg_CM3_L.lib(net_mem.o)
    0x08017390   0x08017390   0x0000001c   Code   RO         2726    i.net_mem_avail     Net_Dbg_CM3_L.lib(net_mem.o)
    0x080173ac   0x080173ac   0x000000a4   Code   RO         2727    i.net_mem_free      Net_Dbg_CM3_L.lib(net_mem.o)
    0x08017450   0x08017450   0x00000070   Code   RO         2728    i.net_mem_init      Net_Dbg_CM3_L.lib(net_mem.o)
    0x080174c0   0x080174c0   0x00000048   Code   RO         2729    i.net_mem_shrink    Net_Dbg_CM3_L.lib(net_mem.o)
    0x08017508   0x08017508   0x00000064   Code   RO         2308    i.net_nbns_client_init  Net_Dbg_CM3_L.lib(net_nbns_client.o)
    0x0801756c   0x0801756c   0x000001c4   Code   RO         1957    i.net_ndp_cache_find  Net_Dbg_CM3_L.lib(net_ndp.o)
    0x08017730   0x08017730   0x00000080   Code   RO         1958    i.net_ndp_cache_init  Net_Dbg_CM3_L.lib(net_ndp.o)
    0x080177b0   0x080177b0   0x00000078   Code   RO         1960    i.net_ndp_cache_refresh  Net_Dbg_CM3_L.lib(net_ndp.o)
    0x08017828   0x08017828   0x0000001c   Code   RO         1961    i.net_ndp_cache_run  Net_Dbg_CM3_L.lib(net_ndp.o)
    0x08017844   0x08017844   0x00000070   Code   RO         1963    i.net_ndp_enqueue   Net_Dbg_CM3_L.lib(net_ndp.o)
    0x080178b4   0x080178b4   0x00000374   Code   RO         1965    i.net_ndp_process   Net_Dbg_CM3_L.lib(net_ndp.o)
    0x08017c28   0x08017c28   0x00000038   Code   RO         2537    i.net_path          Net_Dbg_CM3_L.lib(net_sys.o)
    0x08017c60   0x08017c60   0x00000020   Code   RO         2508    i.net_ping_client_init  Net_Dbg_CM3_L.lib(net_ping_core.o)
    0x08017c80   0x08017c80   0x00000080   Code   RO         2509    i.net_ping_client_run  Net_Dbg_CM3_L.lib(net_ping_core.o)
    0x08017d00   0x08017d00   0x0000001c   Code   RO         2538    i.net_rand32        Net_Dbg_CM3_L.lib(net_sys.o)
    0x08017d1c   0x08017d1c   0x0000005c   Code   RO         2482    i.net_sntp_client_init  Net_Dbg_CM3_L.lib(net_sntp_client_core.o)
    0x08017d78   0x08017d78   0x00000058   Code   RO         2483    i.net_sntp_client_run  Net_Dbg_CM3_L.lib(net_sntp_client_core.o)
    0x08017dd0   0x08017dd0   0x00000148   Code   RO         2484    i.net_sntp_client_start  Net_Dbg_CM3_L.lib(net_sntp_client_core.o)
    0x08017f18   0x08017f18   0x0000002e   Code   RO         2755    i.net_strcasecmp    Net_Dbg_CM3_L.lib(net_common.o)
    0x08017f46   0x08017f46   0x00000016   Code   RO         2756    i.net_strchr        Net_Dbg_CM3_L.lib(net_common.o)
    0x08017f5c   0x08017f5c   0x0000001a   Code   RO         2757    i.net_strcmp        Net_Dbg_CM3_L.lib(net_common.o)
    0x08017f76   0x08017f76   0x00000012   Code   RO         2758    i.net_strcpy        Net_Dbg_CM3_L.lib(net_common.o)
    0x08017f88   0x08017f88   0x0000001c   Code   RO         2760    i.net_strnchr       Net_Dbg_CM3_L.lib(net_common.o)
    0x08017fa4   0x08017fa4   0x0000001a   Code   RO         2761    i.net_strncpy       Net_Dbg_CM3_L.lib(net_common.o)
    0x08017fbe   0x08017fbe   0x00000020   Code   RO         2762    i.net_strtoupper    Net_Dbg_CM3_L.lib(net_common.o)
    0x08017fde   0x08017fde   0x00000002   PAD
    0x08017fe0   0x08017fe0   0x0000000c   Code   RO         2539    i.net_sys_lock      Net_Dbg_CM3_L.lib(net_sys.o)
    0x08017fec   0x08017fec   0x00000016   Code   RO         2540    i.net_sys_resume    Net_Dbg_CM3_L.lib(net_sys.o)
    0x08018002   0x08018002   0x00000002   PAD
    0x08018004   0x08018004   0x00000014   Code   RO         2542    i.net_sys_tick      Net_Dbg_CM3_L.lib(net_sys.o)
    0x08018018   0x08018018   0x0000000c   Code   RO         2543    i.net_sys_unlock    Net_Dbg_CM3_L.lib(net_sys.o)
    0x08018024   0x08018024   0x00000020   Code   RO         2545    i.net_sys_wakeup    Net_Dbg_CM3_L.lib(net_sys.o)
    0x08018044   0x08018044   0x00000084   Code   RO         2158    i.net_tcp_abort     Net_Dbg_CM3_L.lib(net_tcp.o)
    0x080180c8   0x080180c8   0x000000e4   Code   RO         2161    i.net_tcp_close     Net_Dbg_CM3_L.lib(net_tcp.o)
    0x080181ac   0x080181ac   0x0000002e   Code   RO         2164    i.net_tcp_get_buf   Net_Dbg_CM3_L.lib(net_tcp.o)
    0x080181da   0x080181da   0x00000002   PAD
    0x080181dc   0x080181dc   0x00000034   Code   RO         2166    i.net_tcp_get_local_port  Net_Dbg_CM3_L.lib(net_tcp.o)
    0x08018210   0x08018210   0x00000028   Code   RO         2167    i.net_tcp_get_mss   Net_Dbg_CM3_L.lib(net_tcp.o)
    0x08018238   0x08018238   0x00000054   Code   RO         2169    i.net_tcp_get_peer  Net_Dbg_CM3_L.lib(net_tcp.o)
    0x0801828c   0x0801828c   0x00000070   Code   RO         2171    i.net_tcp_get_socket  Net_Dbg_CM3_L.lib(net_tcp.o)
    0x080182fc   0x080182fc   0x0000002c   Code   RO         2172    i.net_tcp_get_state  Net_Dbg_CM3_L.lib(net_tcp.o)
    0x08018328   0x08018328   0x00000034   Code   RO         2173    i.net_tcp_get_timer  Net_Dbg_CM3_L.lib(net_tcp.o)
    0x0801835c   0x0801835c   0x000000b0   Code   RO         2174    i.net_tcp_listen    Net_Dbg_CM3_L.lib(net_tcp.o)
    0x0801840c   0x0801840c   0x000007a8   Code   RO         2176    i.net_tcp_process   Net_Dbg_CM3_L.lib(net_tcp.o)
    0x08018bb4   0x08018bb4   0x0000015c   Code   RO         2180    i.net_tcp_send      Net_Dbg_CM3_L.lib(net_tcp.o)
    0x08018d10   0x08018d10   0x0000012c   Code   RO         2182    i.net_tcp_set_option  Net_Dbg_CM3_L.lib(net_tcp.o)
    0x08018e3c   0x08018e3c   0x00000028   Code   RO         2183    i.net_tcp_socket_init  Net_Dbg_CM3_L.lib(net_tcp.o)
    0x08018e64   0x08018e64   0x000003c0   Code   RO         2184    i.net_tcp_socket_run  Net_Dbg_CM3_L.lib(net_tcp.o)
    0x08019224   0x08019224   0x00000048   Code   RO         2092    i.net_udp_close     Net_Dbg_CM3_L.lib(net_udp.o)
    0x0801926c   0x0801926c   0x0000002e   Code   RO         2095    i.net_udp_get_buf   Net_Dbg_CM3_L.lib(net_udp.o)
    0x0801929a   0x0801929a   0x00000002   PAD
    0x0801929c   0x0801929c   0x00000070   Code   RO         2098    i.net_udp_get_socket  Net_Dbg_CM3_L.lib(net_udp.o)
    0x0801930c   0x0801930c   0x000000ac   Code   RO         2100    i.net_udp_open      Net_Dbg_CM3_L.lib(net_udp.o)
    0x080193b8   0x080193b8   0x00000158   Code   RO         2101    i.net_udp_process   Net_Dbg_CM3_L.lib(net_udp.o)
    0x08019510   0x08019510   0x00000012   Code   RO         2103    i.net_udp_send      Net_Dbg_CM3_L.lib(net_udp.o)
    0x08019522   0x08019522   0x00000002   PAD
    0x08019524   0x08019524   0x0000022c   Code   RO         2104    i.net_udp_send_if   Net_Dbg_CM3_L.lib(net_udp.o)
    0x08019750   0x08019750   0x00000024   Code   RO         2106    i.net_udp_socket_init  Net_Dbg_CM3_L.lib(net_udp.o)
    0x08019774   0x08019774   0x00000008   Code   RO         2763    i.net_ultoa         Net_Dbg_CM3_L.lib(net_common.o)
    0x0801977c   0x0801977c   0x00000030   Code   RO         2766    i.net_ultox         Net_Dbg_CM3_L.lib(net_common.o)
    0x080197ac   0x080197ac   0x0000004c   Code   RO         2767    i.net_xtoul         Net_Dbg_CM3_L.lib(net_common.o)
    0x080197f8   0x080197f8   0x0000001c   Code   RO         2512    i.ping_send_req     Net_Dbg_CM3_L.lib(net_ping_core.o)
    0x08019814   0x08019814   0x00000104   Code   RO         2278    i.proc_opt_ia_na    Net_Dbg_CM3_L.lib(net_dhcp6_client.o)
    0x08019918   0x08019918   0x00000058   Code   RO         2374    i.proc_req_line     Net_Dbg_CM3_L.lib(net_http_server.o)
    0x08019970   0x08019970   0x0000001a   Code   RO         2029    i.que_free_list     Net_Dbg_CM3_L.lib(net_ip4_frag.o)
    0x0801998a   0x0801998a   0x000000a0   Code   RO         2375    i.read_script_line  Net_Dbg_CM3_L.lib(net_http_server.o)
    0x08019a2a   0x08019a2a   0x00000048   Code   RO         2376    i.search_delim      Net_Dbg_CM3_L.lib(net_http_server.o)
    0x08019a72   0x08019a72   0x00000070   Code   RO         2279    i.select_server     Net_Dbg_CM3_L.lib(net_dhcp6_client.o)
    0x08019ae2   0x08019ae2   0x00000002   PAD
    0x08019ae4   0x08019ae4   0x000000fc   Code   RO         2486    i.sntp_listener     Net_Dbg_CM3_L.lib(net_sntp_client_core.o)
    0x08019be0   0x08019be0   0x0000003c   Code   RO         2487    i.sntp_send_message  Net_Dbg_CM3_L.lib(net_sntp_client_core.o)
    0x08019c1c   0x08019c1c   0x00000018   Code   RO         2489    i.sntp_stop         Net_Dbg_CM3_L.lib(net_sntp_client_core.o)
    0x08019c34   0x08019c34   0x00000018   Code   RO         2546    i.sys_map_if        Net_Dbg_CM3_L.lib(net_sys.o)
    0x08019c4c   0x08019c4c   0x0000004c   Code   RO         2547    i.sys_proc_tick     Net_Dbg_CM3_L.lib(net_sys.o)
    0x08019c98   0x08019c98   0x00000110   Code   RO         2186    i.tcp_map_socket    Net_Dbg_CM3_L.lib(net_tcp.o)
    0x08019da8   0x08019da8   0x00000084   Code   RO         2187    i.tcp_parse_opt     Net_Dbg_CM3_L.lib(net_tcp.o)
    0x08019e2c   0x08019e2c   0x0000011c   Code   RO         2188    i.tcp_proc_acknr    Net_Dbg_CM3_L.lib(net_tcp.o)
    0x08019f48   0x08019f48   0x000000ac   Code   RO         2189    i.tcp_proc_dupack   Net_Dbg_CM3_L.lib(net_tcp.o)
    0x08019ff4   0x08019ff4   0x0000001a   Code   RO         2190    i.tcp_que_free      Net_Dbg_CM3_L.lib(net_tcp.o)
    0x0801a00e   0x0801a00e   0x0000001a   Code   RO         2191    i.tcp_que_init      Net_Dbg_CM3_L.lib(net_tcp.o)
    0x0801a028   0x0801a028   0x000000ac   Code   RO         2192    i.tcp_que_resend    Net_Dbg_CM3_L.lib(net_tcp.o)
    0x0801a0d4   0x0801a0d4   0x00000090   Code   RO         2193    i.tcp_send_ctrl     Net_Dbg_CM3_L.lib(net_tcp.o)
    0x0801a164   0x0801a164   0x0000007c   Code   RO         2194    i.tcp_send_data     Net_Dbg_CM3_L.lib(net_tcp.o)
    0x0801a1e0   0x0801a1e0   0x00000090   Code   RO         2195    i.tcp_send_reset    Net_Dbg_CM3_L.lib(net_tcp.o)
    0x0801a270   0x0801a270   0x00000044   Code   RO         2196    i.tcp_set_cwnd      Net_Dbg_CM3_L.lib(net_tcp.o)
    0x0801a2b4   0x0801a2b4   0x00000074   Code   RO         2197    i.tcp_transit       Net_Dbg_CM3_L.lib(net_tcp.o)
    0x0801a328   0x0801a328   0x0000010c   Code   RO         2198    i.tcp_write         Net_Dbg_CM3_L.lib(net_tcp.o)
    0x0801a434   0x0801a434   0x0000002c   Code   RO         2108    i.udp_port_in_use   Net_Dbg_CM3_L.lib(net_udp.o)
    0x0801a460   0x0801a460   0x00000044   Code   RO         2768    i.ul2str            Net_Dbg_CM3_L.lib(net_common.o)
    0x0801a4a4   0x0801a4a4   0x00000124   Code   RO         2377    i.utc_to_http       Net_Dbg_CM3_L.lib(net_http_server.o)
    0x0801a5c8   0x0801a5c8   0x00000024   Data   RO          191    .constdata          http_server.o
    0x0801a5ec   0x0801a5ec   0x00000004   Data   RO          278    .constdata          web.o
    0x0801a5f0   0x0801a5f0   0x0000740d   Data   RO          279    .constdata          web.o
    0x080219fd   0x080219fd   0x00000003   PAD
    0x08021a00   0x08021a00   0x000000c0   Data   RO          280    .constdata          web.o
    0x08021ac0   0x08021ac0   0x00000960   Data   RO          323    .constdata          lcd.o
    0x08022420   0x08022420   0x00000010   Data   RO          453    .constdata          sntp.o
    0x08022430   0x08022430   0x00000024   Data   RO          696    .constdata          rtx_lib.o
    0x08022454   0x08022454   0x00000024   Data   RO          697    .constdata          rtx_lib.o
    0x08022478   0x08022478   0x00000018   Data   RO          698    .constdata          rtx_lib.o
    0x08022490   0x08022490   0x00000004   Data   RO          700    .constdata          rtx_lib.o
    0x08022494   0x08022494   0x00000004   Data   RO         1036    .constdata          phy_lan8742a.o
    0x08022498   0x08022498   0x00000020   Data   RO         1037    .constdata          phy_lan8742a.o
    0x080224b8   0x080224b8   0x00000050   Data   RO         1064    .constdata          emac_stm32f4xx.o
    0x08022508   0x08022508   0x00000044   Data   RO         1065    .constdata          emac_stm32f4xx.o
    0x0802254c   0x0802254c   0x00000034   Data   RO         1104    .constdata          spi_stm32f4xx.o
    0x08022580   0x08022580   0x00000010   Data   RO         1105    .constdata          spi_stm32f4xx.o
    0x08022590   0x08022590   0x00000010   Data   RO         1106    .constdata          spi_stm32f4xx.o
    0x080225a0   0x080225a0   0x0000002c   Data   RO         1107    .constdata          spi_stm32f4xx.o
    0x080225cc   0x080225cc   0x00000018   Data   RO         1143    .constdata          eventrecorder.o
    0x080225e4   0x080225e4   0x00000008   Data   RO         1311    .constdata          stm32f4xx_hal_dma.o
    0x080225ec   0x080225ec   0x00000010   Data   RO         1655    .constdata          system_stm32f4xx_1.o
    0x080225fc   0x080225fc   0x00000008   Data   RO         1656    .constdata          system_stm32f4xx_1.o
    0x08022604   0x08022604   0x000000a8   Data   RO         1701    .constdata          net_config.o
    0x080226ac   0x080226ac   0x0000001c   Data   RO         1702    .constdata          net_config.o
    0x080226c8   0x080226c8   0x00000014   Data   RO         1703    .constdata          net_config.o
    0x080226dc   0x080226dc   0x0000000c   Data   RO         1704    .constdata          net_config.o
    0x080226e8   0x080226e8   0x00000028   Data   RO         1705    .constdata          net_config.o
    0x08022710   0x08022710   0x00000010   Data   RO         1706    .constdata          net_config.o
    0x08022720   0x08022720   0x0000000c   Data   RO         1707    .constdata          net_config.o
    0x0802272c   0x0802272c   0x00000014   Data   RO         1708    .constdata          net_config.o
    0x08022740   0x08022740   0x00000020   Data   RO         1709    .constdata          net_config.o
    0x08022760   0x08022760   0x0000002c   Data   RO         1710    .constdata          net_config.o
    0x0802278c   0x0802278c   0x00000008   Data   RO         1711    .constdata          net_config.o
    0x08022794   0x08022794   0x00000008   Data   RO         1712    .constdata          net_config.o
    0x0802279c   0x0802279c   0x00000008   Data   RO         1713    .constdata          net_config.o
    0x080227a4   0x080227a4   0x00000008   Data   RO         1714    .constdata          net_config.o
    0x080227ac   0x080227ac   0x00000008   Data   RO         1715    .constdata          net_config.o
    0x080227b4   0x080227b4   0x00000008   Data   RO         1716    .constdata          net_config.o
    0x080227bc   0x080227bc   0x00000008   Data   RO         1717    .constdata          net_config.o
    0x080227c4   0x080227c4   0x00000008   Data   RO         1718    .constdata          net_config.o
    0x080227cc   0x080227cc   0x00000008   Data   RO         1719    .constdata          net_config.o
    0x080227d4   0x080227d4   0x00000008   Data   RO         1720    .constdata          net_config.o
    0x080227dc   0x080227dc   0x00000008   Data   RO         1721    .constdata          net_config.o
    0x080227e4   0x080227e4   0x0000000c   Data   RO         1722    .constdata          net_config.o
    0x080227f0   0x080227f0   0x00000018   Data   RO         1723    .constdata          net_config.o
    0x08022808   0x08022808   0x00000034   Data   RO         1724    .constdata          net_config.o
    0x0802283c   0x0802283c   0x00000008   Data   RO         1725    .constdata          net_config.o
    0x08022844   0x08022844   0x00000034   Data   RO         1726    .constdata          net_config.o
    0x08022878   0x08022878   0x0000002c   Data   RO         1727    .constdata          net_config.o
    0x080228a4   0x080228a4   0x00000010   Data   RO         1729    .constdata          net_config.o
    0x080228b4   0x080228b4   0x00000010   Data   RO         1730    .constdata          net_config.o
    0x080228c4   0x080228c4   0x0000002c   Data   RO         2010    .constdata          Net_Dbg_CM3_L.lib(net_loopback.o)
    0x080228f0   0x080228f0   0x0000000c   Data   RO         2011    .constdata          Net_Dbg_CM3_L.lib(net_loopback.o)
    0x080228fc   0x080228fc   0x00000010   Data   RO         2284    .constdata          Net_Dbg_CM3_L.lib(net_dhcp6_client.o)
    0x0802290c   0x0802290c   0x00000008   Data   RO         2310    .constdata          Net_Dbg_CM3_L.lib(net_nbns_client.o)
    0x08022914   0x08022914   0x000000fa   Data   RO         2379    .constdata          Net_Dbg_CM3_L.lib(net_http_server.o)
    0x08022a0e   0x08022a0e   0x00000002   PAD
    0x08022a10   0x08022a10   0x00000018   Data   RO         2458    .constdata          Net_Dbg_CM3_L.lib(net_http_server_auth.o)
    0x08022a28   0x08022a28   0x00000012   Data   RO         2514    .constdata          Net_Dbg_CM3_L.lib(net_ping_core.o)
    0x08022a3a   0x08022a3a   0x00000010   Data   RO         2607    .constdata          Net_Dbg_CM3_L.lib(net_addr.o)
    0x08022a4a   0x08022a4a   0x00000006   Data   RO         2608    .constdata          Net_Dbg_CM3_L.lib(net_addr.o)
    0x08022a50   0x08022a50   0x00000004   Data   RO         2660    .constdata          Net_Dbg_CM3_L.lib(net_ip4.o)
    0x08022a54   0x08022a54   0x00000020   Data   RO         2695    .constdata          Net_Dbg_CM3_L.lib(net_ip6.o)
    0x08022a74   0x08022a74   0x00000010   Data   RO         2696    .constdata          Net_Dbg_CM3_L.lib(net_ip6.o)
    0x08022a84   0x08022a84   0x00000018   Data   RO         2715    .constdata          Net_Dbg_CM3_L.lib(net_http_server_err.o)
    0x08022a9c   0x08022a9c   0x00000010   Data   RO         2769    .constdata          Net_Dbg_CM3_L.lib(net_common.o)
    0x08022aac   0x08022aac   0x00000090   Data   RO         2816    .constdata          Net_Dbg_CM3_L.lib(net_base64.o)
    0x08022b3c   0x08022b3c   0x00000004   Data   RO         2825    .constdata          Net_Dbg_CM3_L.lib(net_version.o)
    0x08022b40   0x08022b40   0x0000000c   Data   RO         2845    .constdata          mc_w.l(localtime.o)
    0x08022b4c   0x08022b4c   0x00000056   Data   RO         2848    .constdata          mc_w.l(strftime.o)
    0x08022ba2   0x08022ba2   0x00000002   PAD
    0x08022ba4   0x08022ba4   0x000000da   Data   RO          243    .conststring        http_server_cgi.o
    0x08022c7e   0x08022c7e   0x00000002   PAD
    0x08022c80   0x08022c80   0x00000078   Data   RO         1731    .conststring        net_config.o
    0x08022cf8   0x08022cf8   0x0000000d   Data   RO         1732    .conststring        net_config.o
    0x08022d05   0x08022d05   0x00000003   PAD
    0x08022d08   0x08022d08   0x00000038   Data   RO         1733    .conststring        net_config.o
    0x08022d40   0x08022d40   0x0000003d   Data   RO         1734    .conststring        net_config.o
    0x08022d7d   0x08022d7d   0x00000003   PAD
    0x08022d80   0x08022d80   0x0000001d   Data   RO         1735    .conststring        net_config.o
    0x08022d9d   0x08022d9d   0x00000003   PAD
    0x08022da0   0x08022da0   0x0000000f   Data   RO         1736    .conststring        net_config.o
    0x08022daf   0x08022daf   0x00000001   PAD
    0x08022db0   0x08022db0   0x00000203   Data   RO         2716    .conststring        Net_Dbg_CM3_L.lib(net_http_server_err.o)
    0x08022fb3   0x08022fb3   0x00000001   PAD
    0x08022fb4   0x08022fb4   0x0000000b   Data   RO          641    .conststrlit        rtx_kernel.o
    0x08022fbf   0x08022fbf   0x00000001   PAD
    0x08022fc0   0x08022fc0   0x000000a8   Data   RO          701    .rodata             rtx_lib.o
    0x08023068   0x08023068   0x00000030   Data   RO         3181    Region$$Table       anon$$obj.o


    Execution Region RW_IRAM2 (Exec base: 0x10000000, Load base: 0x080231d8, Size: 0x000004a4, Max: 0x00010000, ABSOLUTE)

    Exec Addr    Load Addr    Size         Type   Attr      Idx    E Section Name        Object

    0x10000000        -       0x000004a4   Zero   RW         1142    .bss.noinit         eventrecorder.o


    Execution Region RW_IRAM1 (Exec base: 0x20000000, Load base: 0x08023098, Size: 0x0000f820, Max: 0x00030000, ABSOLUTE, COMPRESSED[0x00000140])

    Exec Addr    Load Addr    Size         Type   Attr      Idx    E Section Name        Object

    0x20000000   COMPRESSED   0x00008000   Data   RW          688    .bss.os             rtx_lib.o
    0x20008000   COMPRESSED   0x00000040   Data   RW          689    .bss.os             rtx_lib.o
    0x20008040   COMPRESSED   0x00000001   Data   RW          988    .bss.os             os_systick.o
    0x20008041   COMPRESSED   0x00000003   PAD
    0x20008044   COMPRESSED   0x00000034   Data   RW          690    .bss.os.msgqueue.cb  rtx_lib.o
    0x20008078   COMPRESSED   0x00000050   Data   RW          691    .bss.os.msgqueue.mem  rtx_lib.o
    0x200080c8   COMPRESSED   0x0000001c   Data   RW         1695    .bss.os.mutex.cb    net_config.o
    0x200080e4   COMPRESSED   0x0000001c   Data   RW         1696    .bss.os.mutex.cb    net_config.o
    0x20008100   COMPRESSED   0x00000010   Data   RW         1697    .bss.os.semaphore.cb  net_config.o
    0x20008110   COMPRESSED   0x00000044   Data   RW          692    .bss.os.thread.cb   rtx_lib.o
    0x20008154   COMPRESSED   0x00000044   Data   RW          693    .bss.os.thread.cb   rtx_lib.o
    0x20008198   COMPRESSED   0x00000044   Data   RW         1698    .bss.os.thread.cb   net_config.o
    0x200081dc   COMPRESSED   0x00000044   Data   RW         1699    .bss.os.thread.cb   net_config.o
    0x20008220   COMPRESSED   0x00000200   Data   RW          694    .bss.os.thread.idle.stack  rtx_lib.o
    0x20008420   COMPRESSED   0x00000200   Data   RW          695    .bss.os.thread.timer.stack  rtx_lib.o
    0x20008620   COMPRESSED   0x00000020   Data   RW         1700    .bss.os.timer.cb    net_config.o
    0x20008640   COMPRESSED   0x00000004   Data   RW            5    .data               main.o
    0x20008644   COMPRESSED   0x0000002a   Data   RW          192    .data               http_server.o
    0x2000866e   COMPRESSED   0x00000001   Data   RW          193    .data               http_server.o
    0x2000866f   COMPRESSED   0x00000001   PAD
    0x20008670   COMPRESSED   0x00000004   Data   RW          194    .data               http_server.o
    0x20008674   COMPRESSED   0x00000008   Data   RW          244    .data               http_server_cgi.o
    0x2000867c   COMPRESSED   0x00000008   Data   RW          324    .data               lcd.o
    0x20008684   COMPRESSED   0x00000004   Data   RW          394    .data               parpadeo.o
    0x20008688   COMPRESSED   0x00000004   Data   RW          422    .data               rtc.o
    0x2000868c   COMPRESSED   0x00000014   Data   RW          454    .data               sntp.o
    0x200086a0   COMPRESSED   0x00000010   Data   RW          481    .data               joystick.o
    0x200086b0   COMPRESSED   0x00000004   Data   RW         1173    .data               retarget_io.o
    0x200086b4   COMPRESSED   0x0000000c   Data   RW         1205    .data               stm32f4xx_hal.o
    0x200086c0   COMPRESSED   0x00000004   Data   RW         1657    .data               system_stm32f4xx_1.o
    0x200086c4   COMPRESSED   0x00000004   Data   RW         1737    .data               net_config.o
    0x200086c8   COMPRESSED   0x00000006   Data   RW         1738    .data               net_config.o
    0x200086ce   COMPRESSED   0x00000004   Data   RW         1739    .data               net_config.o
    0x200086d2   COMPRESSED   0x00000002   PAD
    0x200086d4   COMPRESSED   0x00000004   Data   RW         2012    .data               Net_Dbg_CM3_L.lib(net_loopback.o)
    0x200086d8   COMPRESSED   0x00000004   Data   RW         2030    .data               Net_Dbg_CM3_L.lib(net_ip4_frag.o)
    0x200086dc   COMPRESSED   0x00000001   Data   RW         2048    .data               Net_Dbg_CM3_L.lib(net_icmp.o)
    0x200086dd   COMPRESSED   0x00000001   Data   RW         2069    .data               Net_Dbg_CM3_L.lib(net_icmp6.o)
    0x200086de   COMPRESSED   0x00000002   Data   RW         2110    .data               Net_Dbg_CM3_L.lib(net_udp.o)
    0x200086e0   COMPRESSED   0x00000004   Data   RW         2201    .data               Net_Dbg_CM3_L.lib(net_tcp.o)
    0x200086e4   COMPRESSED   0x00000002   Data   RW         2285    .data               Net_Dbg_CM3_L.lib(net_dhcp6_client.o)
    0x200086e6   COMPRESSED   0x00000001   Data   RW         2311    .data               Net_Dbg_CM3_L.lib(net_nbns_client.o)
    0x200086e7   COMPRESSED   0x00000001   PAD
    0x200086e8   COMPRESSED   0x0000000c   Data   RW         2380    .data               Net_Dbg_CM3_L.lib(net_http_server.o)
    0x200086f4   COMPRESSED   0x00000008   Data   RW         2661    .data               Net_Dbg_CM3_L.lib(net_ip4.o)
    0x200086fc   COMPRESSED   0x00000004   Data   RW         2697    .data               Net_Dbg_CM3_L.lib(net_ip6.o)
    0x20008700   COMPRESSED   0x00000004   Data   RW         2839    .data               mc_w.l(stdout.o)
    0x20008704   COMPRESSED   0x00000004   Data   RW         2840    .data               mc_w.l(stderr.o)
    0x20008708   COMPRESSED   0x000000a4   Data   RW          642    .data.os            rtx_kernel.o
    0x200087ac   COMPRESSED   0x00000004   PAD
    0x200087b0        -       0x00000400   Zero   RW          190    .bss                http_server.o
    0x20008bb0        -       0x00000038   Zero   RW          242    .bss                http_server_cgi.o
    0x20008be8        -       0x00000254   Zero   RW          322    .bss                lcd.o
    0x20008e3c        -       0x00000014   Zero   RW          368    .bss                leds.o
    0x20008e50        -       0x000000d4   Zero   RW          421    .bss                rtc.o
    0x20008f24        -       0x0000000c   Zero   RW         1035    .bss                phy_lan8742a.o
    0x20008f30        -       0x000024cc   Zero   RW         1063    .bss                emac_stm32f4xx.o
    0x2000b3fc        -       0x00000010   Zero   RW         1102    .bss                spi_stm32f4xx.o
    0x2000b40c        -       0x0000001c   Zero   RW         1103    .bss                spi_stm32f4xx.o
    0x2000b428        -       0x00000400   Zero   RW         1684    .bss                net_config.o
    0x2000b828        -       0x00000400   Zero   RW         1685    .bss                net_config.o
    0x2000bc28        -       0x00002ee0   Zero   RW         1686    .bss                net_config.o
    0x2000eb08        -       0x000000c8   Zero   RW         1687    .bss                net_config.o
    0x2000ebd0        -       0x00000018   Zero   RW         1688    .bss                net_config.o
    0x2000ebe8        -       0x000000a0   Zero   RW         1689    .bss                net_config.o
    0x2000ec88        -       0x00000064   Zero   RW         1690    .bss                net_config.o
    0x2000ecec        -       0x00000028   Zero   RW         1691    .bss                net_config.o
    0x2000ed14        -       0x00000050   Zero   RW         1692    .bss                net_config.o
    0x2000ed64        -       0x00000228   Zero   RW         1693    .bss                net_config.o
    0x2000ef8c        -       0x00000150   Zero   RW         1694    .bss                net_config.o
    0x2000f0dc        -       0x000000a0   Zero   RW         1837    .bss                Net_Dbg_CM3_L.lib(net_eth.o)
    0x2000f17c        -       0x00000018   Zero   RW         1897    .bss                Net_Dbg_CM3_L.lib(net_arp.o)
    0x2000f194        -       0x00000044   Zero   RW         1966    .bss                Net_Dbg_CM3_L.lib(net_ndp.o)
    0x2000f1d8        -       0x0000001c   Zero   RW         2109    .bss                Net_Dbg_CM3_L.lib(net_udp.o)
    0x2000f1f4        -       0x00000044   Zero   RW         2280    .bss                Net_Dbg_CM3_L.lib(net_dhcp6_client.o)
    0x2000f238        -       0x00000098   Zero   RW         2378    .bss                Net_Dbg_CM3_L.lib(net_http_server.o)
    0x2000f2d0        -       0x0000002c   Zero   RW         2490    .bss                Net_Dbg_CM3_L.lib(net_sntp_client_core.o)
    0x2000f2fc        -       0x0000002c   Zero   RW         2513    .bss                Net_Dbg_CM3_L.lib(net_ping_core.o)
    0x2000f328        -       0x00000038   Zero   RW         2548    .bss                Net_Dbg_CM3_L.lib(net_sys.o)
    0x2000f360        -       0x00000024   Zero   RW         2549    .bss                Net_Dbg_CM3_L.lib(net_sys.o)
    0x2000f384        -       0x0000005c   Zero   RW         2606    .bss                Net_Dbg_CM3_L.lib(net_addr.o)
    0x2000f3e0        -       0x00000014   Zero   RW         2731    .bss                Net_Dbg_CM3_L.lib(net_mem.o)
    0x2000f3f4        -       0x0000002c   Zero   RW         2844    .bss                mc_w.l(localtime.o)
    0x2000f420        -       0x00000400   Zero   RW         1644    STACK               startup_stm32f429xx.o


==============================================================================

Image component sizes


      Code (inc. data)   RO Data    RW Data    ZI Data      Debug   Object Name

       304         22          0          0          0       2116   adc.o
      2536        156        148          0       9420      47378   emac_stm32f4xx.o
      1452         40         24          0       1188      17212   eventrecorder.o
        88         10         36         47       1024       2148   http_server.o
      2104        452        218          8         56       7993   http_server_cgi.o
       148          8          0          0          0        576   irq_armv7m.o
       408         28          0         16          0       2297   joystick.o
       988         36       2400          8        596       9313   lcd.o
        60         12          0          0         20        839   leds.o
       368         28          0          4          0     807947   main.o
       364         24        998        254      15540      32379   net_config.o
       338          0          0          0          0        806   net_debug.o
       196         12          0          1          0       1932   os_systick.o
        84          8          0          4          0        943   parpadeo.o
       428         10         36          0         12       6718   phy_lan8742a.o
       240         60          0          4          0       4055   retarget_io.o
       596        122          0          4        212       2940   rtc.o
         4          0          0          0          0        575   rtx_config.o
       260         14          0          0          0      17646   rtx_delay.o
      2404         88          0          0          0      45254   rtx_evr.o
      1752         98         11        164          0      27760   rtx_kernel.o
         0          0        268      34124          0       9094   rtx_lib.o
       292          0          0          0          0       3759   rtx_memory.o
      1984         48          0          0          0      14984   rtx_mempool.o
      2820         58          0          0          0      23472   rtx_msgqueue.o
      1368         30          0          0          0       9994   rtx_mutex.o
      1432         34          0          0          0      11712   rtx_semaphore.o
       668         18          0          0          0       8277   rtx_system.o
      4828        124          0          0          0      33011   rtx_thread.o
      1152         34          0          0          0      10097   rtx_timer.o
       540        236         16         20          0       2482   sntp.o
      3164         98        128          0         44      44715   spi_stm32f4xx.o
        36          8        428          0       1024        812   startup_stm32f429xx.o
       456         38          0         12          0      11319   stm32f4xx_hal.o
      2744         92          0          0          0       8763   stm32f4xx_hal_adc.o
      1828         42          0          0          0       6470   stm32f4xx_hal_adc_ex.o
       664         10          0          0          0      36014   stm32f4xx_hal_cortex.o
      1816         28          8          0          0       7577   stm32f4xx_hal_dma.o
       868         54          0          0          0       3931   stm32f4xx_hal_gpio.o
       376         20          0          0          0       3559   stm32f4xx_hal_pwr.o
      1888         66          0          0          0       6083   stm32f4xx_hal_rcc.o
      1508         80          0          0          0       4641   stm32f4xx_hal_rcc_ex.o
      2416         24          0          0          0       8645   stm32f4xx_hal_rtc.o
      2828         22          0          0          0      13629   stm32f4xx_hal_rtc_ex.o
      9170        166          0          0          0      37580   stm32f4xx_hal_tim.o
      2992         62          0          0          0      13596   stm32f4xx_hal_tim_ex.o
       136         16         24          4          0       1673   system_stm32f4xx_1.o
       120         10      29905          0          0       1660   web.o

    ----------------------------------------------------------------------
     63218       2646      34712      34680      29140    1376376   Object Totals
         0          0         48          0          0          0   (incl. Generated)
         2          0         16          6          4          0   (incl. Padding)

    ----------------------------------------------------------------------

      Code (inc. data)   RO Data    RW Data    ZI Data      Debug   Library Member Name

      1458         18         22          0         92       1624   net_addr.o
      2874        144          0          0         24       1548   net_arp.o
       120          6        144          0          0         84   net_base64.o
       622         10         16          0          0       1340   net_common.o
      3454        144         16          2         68        944   net_dhcp6_client.o
      3664        138          0          0        160       1600   net_eth.o
      6834       1268        250         12        152       2852   net_http_server.o
       266         66         24          0          0        368   net_http_server_auth.o
         0          0        539          0          0          0   net_http_server_err.o
       640         48          0          1          0        236   net_icmp.o
       812         60          0          1          0        332   net_icmp6.o
      1188         82          4          8          0        956   net_ip4.o
       690         30          0          4          0        476   net_ip4_frag.o
       848         72         48          4          0        644   net_ip6.o
       348         28         56          4          0        256   net_loopback.o
       592         64          0          0         20        564   net_mem.o
       520         44          8          1          0        188   net_nbns_client.o
      4150        176          0          0         68       1848   net_ndp.o
       188         32         18          0         44        220   net_ping_core.o
       872         70          0          0         44        584   net_sntp_client_core.o
       834         84          0          0         92       1012   net_sys.o
      6566        282          0          4          0       2728   net_tcp.o
      1400         80          0          2         28        772   net_udp.o
         0          0          4          0          0          0   net_version.o
        86          0          0          0          0          0   __dczerorl2.o
         0          0          0          0          0          0   entry.o
         0          0          0          0          0          0   entry10a.o
         0          0          0          0          0          0   entry11a.o
         4          0          0          0          0          0   entry12b.o
         8          4          0          0          0          0   entry2.o
         4          0          0          0          0          0   entry5.o
         0          0          0          0          0          0   entry7b.o
         0          0          0          0          0          0   entry8b.o
         8          4          0          0          0          0   entry9a.o
        24          0          0          0          0         80   fputs.o
        30          0          0          0          0          0   handlers.o
        36          8          0          0          0         68   init.o
         0          0          0          0          0          0   iusefp.o
        30          0          0          0          0         68   llshl.o
        36          0          0          0          0         68   llsshr.o
        32          0          0          0          0         68   llushr.o
       148         10         12          0         44         76   localtime.o
        26          0          0          0          0         80   memcmp.o
        36          0          0          0          0         68   memcpya.o
        36          0          0          0          0        108   memseta.o
      2268         96          0          0          0        616   printfa.o
         0          0          0          4          0          0   stderr.o
         0          0          0          4          0          0   stdout.o
        28          0          0          0          0         76   strcmp.o
        18          0          0          0          0         68   strcpy.o
       916        264         86          0          0        144   strftime.o
        14          0          0          0          0         68   strlen.o
        30          0          0          0          0         80   strncmp.o
        44          0          0          0          0         80   uidiv.o
        98          0          0          0          0         92   uldiv.o
        48          0          0          0          0         68   cdrcmple.o
       334          0          0          0          0        148   dadd.o
       222          0          0          0          0        100   ddiv.o
       186          0          0          0          0        176   depilogue.o
        48          0          0          0          0         68   dfixul.o
        26          0          0          0          0         76   dfltui.o
       228          0          0          0          0         96   dmul.o
        46          0          0          0          0         80   dscalb.o
       110          0          0          0          0        168   fepilogue.o
        10          0          0          0          0         68   ffltui.o
       100          0          0          0          0         76   fmul.o
        24          0          0          0          0         68   fscalb.o

    ----------------------------------------------------------------------
     44330       3332       1252         52        836      24276   Library Totals
        48          0          5          1          0          0   (incl. Padding)

    ----------------------------------------------------------------------

      Code (inc. data)   RO Data    RW Data    ZI Data      Debug   Library Name

     38940       2946       1149         43        792      21176   Net_Dbg_CM3_L.lib
      3960        386         98          8         44       1908   mc_w.l
      1382          0          0          0          0       1192   mf_w.l

    ----------------------------------------------------------------------
     44330       3332       1252         52        836      24276   Library Totals

    ----------------------------------------------------------------------

==============================================================================


      Code (inc. data)   RO Data    RW Data    ZI Data      Debug   

    107548       5978      35964      34732      29976    1381332   Grand Totals
    107548       5978      35964        320      29976    1381332   ELF Image Totals (compressed)
    107548       5978      35964        320          0          0   ROM Totals

==============================================================================

    Total RO  Size (Code + RO Data)               143512 ( 140.15kB)
    Total RW  Size (RW Data + ZI Data)             64708 (  63.19kB)
    Total ROM Size (Code + RO Data + RW Data)     143832 ( 140.46kB)

==============================================================================

