Component: ARM Compiler 5.06 update 7 (build 960) Tool: armlink [4d3601]

==============================================================================

Section Cross References

    main.o(.text) refers to rtx_kernel.o(.text) for osKernelGetState
    main.o(.text) refers to lcd.o(.text) for LCD_reset
    main.o(.text) refers to leds.o(.text) for LED_Init
    main.o(.text) refers to rtc.o(.text) for RTC_Init
    main.o(.text) refers to joystick.o(.text) for Init_Joystick
    main.o(.text) refers to rtx_delay.o(.text) for osDelay
    main.o(.text) refers to stm32f4xx_hal_rcc.o(.text) for HAL_RCC_OscConfig
    main.o(.text) refers to stm32f4xx_hal_rcc_ex.o(.text) for HAL_RCCEx_PeriphCLKConfig
    main.o(.text) refers to stm32f4xx_hal.o(.text) for HAL_GetREVID
    main.o(.text) refers to system_stm32f4xx_1.o(.text) for SystemCoreClockUpdate
    main.o(.text) refers to rtx_thread.o(.text) for osThreadNew
    main.o(.text) refers to parpadeo.o(.text) for Init_Parpadeo
    main.o(.text) refers to system_stm32f4xx_1.o(.data) for SystemCoreClock
    main.o(.text) refers to main.o(.data) for .data
    main.o(.text) refers to http_server.o(.constdata) for app_main_attr
    main.o(.text) refers to http_server.o(.text) for app_main
    http_server.o(.text) refers to adc.o(.text) for ADC1_pins_F429ZI_config
    http_server.o(.text) refers to rtx_thread.o(.text) for osThreadFlagsSet
    http_server.o(.text) refers to net_sys.o(i.netInitialize) for netInitialize
    http_server.o(.text) refers to lcd.o(.text) for LCD_reset
    http_server.o(.text) refers to leds.o(.text) for LED_Init
    http_server.o(.text) refers to http_server.o(.data) for .data
    http_server.o(.constdata) refers to http_server.o(.bss) for app_main_stk
    http_server_cgi.o(.text) refers to net_http_server.o(i.netCGI_GetEnvVar) for netCGI_GetEnvVar
    http_server_cgi.o(.text) refers to net_addr.o(i.netIP_aton) for netIP_aton
    http_server_cgi.o(.text) refers to net_sys.o(i.netIF_SetOption) for netIF_SetOption
    http_server_cgi.o(.text) refers to stm32f4xx_hal_gpio.o(.text) for HAL_GPIO_WritePin
    http_server_cgi.o(.text) refers to strcmp.o(.text) for strcmp
    http_server_cgi.o(.text) refers to strncmp.o(.text) for strncmp
    http_server_cgi.o(.text) refers to net_http_server.o(i.netHTTPs_LoginActive) for netHTTPs_LoginActive
    http_server_cgi.o(.text) refers to strcpy.o(.text) for strcpy
    http_server_cgi.o(.text) refers to net_http_server.o(i.netHTTPs_SetPassword) for netHTTPs_SetPassword
    http_server_cgi.o(.text) refers to lcd.o(.text) for LCD_clear
    http_server_cgi.o(.text) refers to strlen.o(.text) for strlen
    http_server_cgi.o(.text) refers to net_sys.o(i.netIF_GetOption) for netIF_GetOption
    http_server_cgi.o(.text) refers to net_addr.o(i.netIP_ntoa) for netIP_ntoa
    http_server_cgi.o(.text) refers to printfa.o(i.__0sprintf) for __2sprintf
    http_server_cgi.o(.text) refers to net_tcp.o(i.netTCP_GetState) for netTCP_GetState
    http_server_cgi.o(.text) refers to net_tcp.o(i.netTCP_GetPeer) for netTCP_GetPeer
    http_server_cgi.o(.text) refers to net_tcp.o(i.netTCP_GetTimer) for netTCP_GetTimer
    http_server_cgi.o(.text) refers to net_tcp.o(i.netTCP_GetLocalPort) for netTCP_GetLocalPort
    http_server_cgi.o(.text) refers to http_server_cgi.o(.bss) for .bss
    http_server_cgi.o(.text) refers to http_server_cgi.o(.data) for .data
    http_server_cgi.o(.text) refers to http_server.o(.data) for LEDrun
    http_server_cgi.o(.text) refers to http_server.o(.data) for lcd_text
    http_server_cgi.o(.text) refers to http_server_cgi.o(.conststring) for .conststring
    http_server_cgi.o(.text) refers to net_http_server.o(i.netHTTPs_GetPassword) for netHTTPs_GetPassword
    http_server_cgi.o(.text) refers to net_http_server.o(i.netHTTPs_GetLanguage) for netHTTPs_GetLanguage
    http_server_cgi.o(.text) refers to http_server.o(.text) for AD_in
    http_server_cgi.o(.text) refers to dfltui.o(.text) for __aeabi_ui2d
    http_server_cgi.o(.text) refers to dmul.o(.text) for __aeabi_dmul
    http_server_cgi.o(.text) refers to dscalb.o(.text) for __ARM_scalbn
    http_server_cgi.o(.text) refers to rtc.o(.bss) for time
    web.o(.text) refers to web.o(.constdata) for .constdata
    web.o(.constdata) refers to web.o(.constdata) for imageFileData
    adc.o(.text) refers to memseta.o(.text) for __aeabi_memclr4
    adc.o(.text) refers to stm32f4xx_hal_gpio.o(.text) for HAL_GPIO_Init
    adc.o(.text) refers to stm32f4xx_hal_adc.o(.text) for HAL_ADC_Init
    adc.o(.text) refers to ffltui.o(.text) for __aeabi_ui2f
    adc.o(.text) refers to fmul.o(.text) for __aeabi_fmul
    adc.o(.text) refers to fscalb.o(.text) for __ARM_scalbnf
    lcd.o(.text) refers to stm32f4xx_hal_tim.o(.text) for HAL_TIM_Base_Init
    lcd.o(.text) refers to stm32f4xx_hal_gpio.o(.text) for HAL_GPIO_WritePin
    lcd.o(.text) refers to lcd.o(.bss) for .bss
    lcd.o(.text) refers to lcd.o(.data) for .data
[...]
    net_addr4_to_mac                         0x08015e6d   Thumb Code    30  net_addr.o(i.net_addr4_to_mac)
    net_addr6_aton                           0x08015e8d   Thumb Code   230  net_addr.o(i.net_addr6_aton)
    net_addr6_comp                           0x08015f73   Thumb Code    40  net_addr.o(i.net_addr6_comp)
    net_addr6_copy                           0x08015f9b   Thumb Code    18  net_addr.o(i.net_addr6_copy)
    net_addr6_create                         0x08015fad   Thumb Code    70  net_addr.o(i.net_addr6_create)
    net_addr6_get_solicited                  0x08015ff9   Thumb Code    34  net_addr.o(i.net_addr6_get_solicited)
    net_addr6_is_linklocal                   0x08016021   Thumb Code    24  net_addr.o(i.net_addr6_is_linklocal)
    net_addr6_is_onlink                      0x08016039   Thumb Code   110  net_addr.o(i.net_addr6_is_onlink)
    net_addr6_is_solicited                   0x080160a7   Thumb Code    72  net_addr.o(i.net_addr6_is_solicited)
    net_addr6_is_unspec                      0x080160ef   Thumb Code    24  net_addr.o(i.net_addr6_is_unspec)
    net_addr6_to_mac                         0x08016107   Thumb Code    14  net_addr.o(i.net_addr6_to_mac)
    net_addr_comp                            0x08016115   Thumb Code    44  net_addr.o(i.net_addr_comp)
    net_addr_copy                            0x08016141   Thumb Code    38  net_addr.o(i.net_addr_copy)
    net_addr_find_route                      0x08016167   Thumb Code    26  net_addr.o(i.net_addr_find_route)
    net_addr_get_local                       0x08016181   Thumb Code    26  net_addr.o(i.net_addr_get_local)
    net_addr_is_unspec                       0x080161a1   Thumb Code    34  net_addr.o(i.net_addr_is_unspec)
    net_arp_cache_add                        0x080161c5   Thumb Code   276  net_arp.o(i.net_arp_cache_add)
    net_arp_cache_early                      0x080162e1   Thumb Code   180  net_arp.o(i.net_arp_cache_early)
    net_arp_cache_find                       0x0801639d   Thumb Code   224  net_arp.o(i.net_arp_cache_find)
    net_arp_cache_init                       0x08016489   Thumb Code    64  net_arp.o(i.net_arp_cache_init)
    net_arp_cache_run                        0x080164d1   Thumb Code    22  net_arp.o(i.net_arp_cache_run)
    net_arp_enqueue                          0x080164ed   Thumb Code   114  net_arp.o(i.net_arp_enqueue)
    net_arp_notify                           0x08016565   Thumb Code    32  net_arp.o(i.net_arp_notify)
    net_arp_process                          0x08016585   Thumb Code   536  net_arp.o(i.net_arp_process)
    net_atoi                                 0x080167a9   Thumb Code    66  net_common.o(i.net_atoi)
    net_base64_decode                        0x080167ed   Thumb Code   114  net_base64.o(i.net_base64_decode)
    net_chksum_buf                           0x08016865   Thumb Code    48  net_common.o(i.net_chksum_buf)
    net_crc_buf                              0x08016895   Thumb Code    30  net_common.o(i.net_crc_buf)
    net_dhcp6_client_init                    0x080168b5   Thumb Code   114  net_dhcp6_client.o(i.net_dhcp6_client_init)
    net_dhcp6_client_run                     0x0801693d   Thumb Code    22  net_dhcp6_client.o(i.net_dhcp6_client_run)
    net_eth_callback                         0x08016959   Thumb Code    14  net_eth.o(i.net_eth_callback)
    net_eth_config_mcast                     0x08016967   Thumb Code   104  net_eth.o(i.net_eth_config_mcast)
    net_eth_get_option                       0x080169cf   Thumb Code   234  net_eth.o(i.net_eth_get_option)
    net_eth_iface_init                       0x08016ab9   Thumb Code    22  net_eth.o(i.net_eth_iface_init)
    net_eth_iface_run                        0x08016ad5   Thumb Code    22  net_eth.o(i.net_eth_iface_run)
    net_eth_output                           0x08016af1   Thumb Code   164  net_eth.o(i.net_eth_output)
    net_eth_send_frame                       0x08016b99   Thumb Code   462  net_eth.o(i.net_eth_send_frame)
    net_eth_set_option                       0x08016d79   Thumb Code   610  net_eth.o(i.net_eth_set_option)
    net_http_server_init                     0x08016fe9   Thumb Code   212  net_http_server.o(i.net_http_server_init)
    net_http_server_run                      0x080170d1   Thumb Code    30  net_http_server.o(i.net_http_server_run)
    net_icmp6_init                           0x080170f9   Thumb Code    20  net_icmp6.o(i.net_icmp6_init)
    net_icmp6_process                        0x08017111   Thumb Code   542  net_icmp6.o(i.net_icmp6_process)
    net_icmp6_send                           0x08017349   Thumb Code   122  net_icmp6.o(i.net_icmp6_send)
    net_icmp6_send_echo                      0x080173cd   Thumb Code    78  net_icmp6.o(i.net_icmp6_send_echo)
    net_icmp_init                            0x08017425   Thumb Code    20  net_icmp.o(i.net_icmp_init)
    net_icmp_process                         0x0801743d   Thumb Code   430  net_icmp.o(i.net_icmp_process)
    net_icmp_send_echo                       0x08017605   Thumb Code   142  net_icmp.o(i.net_icmp_send_echo)
    net_if_map_all                           0x080176a5   Thumb Code     6  net_sys.o(i.net_if_map_all)
    net_ip4_chk_frame                        0x080176b1   Thumb Code   372  net_ip4.o(i.net_ip4_chk_frame)
    net_ip4_chksum                           0x0801783d   Thumb Code    44  net_ip4.o(i.net_ip4_chksum)
    net_ip4_chksum_buf                       0x08017869   Thumb Code     6  net_ip4.o(i.net_ip4_chksum_buf)
    net_ip4_find_route                       0x08017871   Thumb Code   104  net_ip4.o(i.net_ip4_find_route)
    net_ip4_frag_add                         0x080178f1   Thumb Code   284  net_ip4_frag.o(i.net_ip4_frag_add)
    net_ip4_frag_get                         0x08017a15   Thumb Code   168  net_ip4_frag.o(i.net_ip4_frag_get)
    net_ip4_frag_init                        0x08017ac1   Thumb Code    12  net_ip4_frag.o(i.net_ip4_frag_init)
    net_ip4_frag_run                         0x08017ad1   Thumb Code    50  net_ip4_frag.o(i.net_ip4_frag_run)
    net_ip4_get_local                        0x08017b0d   Thumb Code    40  net_ip4.o(i.net_ip4_get_local)
    net_ip4_init                             0x08017b39   Thumb Code    22  net_ip4.o(i.net_ip4_init)
    net_ip4_is_onlink                        0x08017b5d   Thumb Code    32  net_ip4.o(i.net_ip4_is_onlink)
    net_ip4_is_subcast                       0x08017b7d   Thumb Code    38  net_ip4.o(i.net_ip4_is_subcast)
    net_ip4_reass_frame                      0x08017ba3   Thumb Code    14  net_ip4.o(i.net_ip4_reass_frame)
    net_ip4_send_frame                       0x08017bb1   Thumb Code   340  net_ip4.o(i.net_ip4_send_frame)
    net_ip4_tx_offl_hl                       0x08017d15   Thumb Code    42  net_ip4.o(i.net_ip4_tx_offl_hl)
    net_ip6_chk_frame                        0x08017d41   Thumb Code   236  net_ip6.o(i.net_ip6_chk_frame)
    net_ip6_chksum                           0x08017e41   Thumb Code    50  net_ip6.o(i.net_ip6_chksum)
    net_ip6_collect_mcast                    0x08017e75   Thumb Code   118  net_ip6.o(i.net_ip6_collect_mcast)
    net_ip6_find_route                       0x08017ef1   Thumb Code    56  net_ip6.o(i.net_ip6_find_route)
    net_ip6_get_local                        0x08017f39   Thumb Code    74  net_ip6.o(i.net_ip6_get_local)
    net_ip6_init                             0x08017f8d   Thumb Code    20  net_ip6.o(i.net_ip6_init)
    net_ip6_send_frame                       0x08017fa9   Thumb Code   192  net_ip6.o(i.net_ip6_send_frame)
    net_ip6_tx_offl_hl                       0x08018075   Thumb Code    30  net_ip6.o(i.net_ip6_tx_offl_hl)
    net_itoa                                 0x08018093   Thumb Code     8  net_common.o(i.net_itoa)
    net_itoa_n0                              0x0801809b   Thumb Code     6  net_common.o(i.net_itoa_n0)
    net_loop_iface_init                      0x080180a1   Thumb Code    40  net_loopback.o(i.net_loop_iface_init)
    net_loop_iface_run                       0x080180d1   Thumb Code   176  net_loopback.o(i.net_loop_iface_run)
    net_loop_send_frame                      0x0801818d   Thumb Code   104  net_loopback.o(i.net_loop_send_frame)
    net_mem_alloc                            0x080181fd   Thumb Code   178  net_mem.o(i.net_mem_alloc)
    net_mem_avail                            0x080182bd   Thumb Code    22  net_mem.o(i.net_mem_avail)
    net_mem_free                             0x080182d9   Thumb Code   152  net_mem.o(i.net_mem_free)
    net_mem_init                             0x0801837d   Thumb Code    98  net_mem.o(i.net_mem_init)
    net_mem_shrink                           0x080183ed   Thumb Code    62  net_mem.o(i.net_mem_shrink)
    net_nbns_client_init                     0x08018435   Thumb Code    82  net_nbns_client.o(i.net_nbns_client_init)
    net_ndp_cache_find                       0x08018499   Thumb Code   438  net_ndp.o(i.net_ndp_cache_find)
    net_ndp_cache_init                       0x0801865d   Thumb Code   114  net_ndp.o(i.net_ndp_cache_init)
    net_ndp_cache_refresh                    0x080186dd   Thumb Code   112  net_ndp.o(i.net_ndp_cache_refresh)
    net_ndp_cache_run                        0x08018755   Thumb Code    22  net_ndp.o(i.net_ndp_cache_run)
    net_ndp_enqueue                          0x08018771   Thumb Code   108  net_ndp.o(i.net_ndp_enqueue)
    net_ndp_process                          0x080187e1   Thumb Code   872  net_ndp.o(i.net_ndp_process)
    net_path                                 0x08018b55   Thumb Code    52  net_sys.o(i.net_path)
    net_ping_client_init                     0x08018b8d   Thumb Code    22  net_ping_core.o(i.net_ping_client_init)
    net_ping_client_run                      0x08018bad   Thumb Code   110  net_ping_core.o(i.net_ping_client_run)
    net_rand32                               0x08018c2d   Thumb Code    18  net_sys.o(i.net_rand32)
    net_sntp_client_init                     0x08018c49   Thumb Code    80  net_sntp_client_core.o(i.net_sntp_client_init)
    net_sntp_client_run                      0x08018ca5   Thumb Code    76  net_sntp_client_core.o(i.net_sntp_client_run)
    net_strcasecmp                           0x08018cfd   Thumb Code    46  net_common.o(i.net_strcasecmp)
    net_strchr                               0x08018d2b   Thumb Code    22  net_common.o(i.net_strchr)
    net_strcmp                               0x08018d41   Thumb Code    26  net_common.o(i.net_strcmp)
    net_strcpy                               0x08018d5b   Thumb Code    18  net_common.o(i.net_strcpy)
    net_strnchr                              0x08018d6d   Thumb Code    28  net_common.o(i.net_strnchr)
    net_strncpy                              0x08018d89   Thumb Code    26  net_common.o(i.net_strncpy)
    net_strtoupper                           0x08018da3   Thumb Code    32  net_common.o(i.net_strtoupper)
    net_sys_lock                             0x08018dc5   Thumb Code     8  net_sys.o(i.net_sys_lock)
    net_sys_resume                           0x08018dd1   Thumb Code    22  net_sys.o(i.net_sys_resume)
    net_sys_tick                             0x08018de9   Thumb Code    16  net_sys.o(i.net_sys_tick)
    net_sys_unlock                           0x08018dfd   Thumb Code     8  net_sys.o(i.net_sys_unlock)
    net_sys_wakeup                           0x08018e09   Thumb Code    26  net_sys.o(i.net_sys_wakeup)
    net_tcp_abort                            0x08018e29   Thumb Code   122  net_tcp.o(i.net_tcp_abort)
    net_tcp_close                            0x08018ead   Thumb Code   218  net_tcp.o(i.net_tcp_close)
    net_tcp_get_buf                          0x08018f91   Thumb Code    46  net_tcp.o(i.net_tcp_get_buf)
    net_tcp_get_local_port                   0x08018fc1   Thumb Code    48  net_tcp.o(i.net_tcp_get_local_port)
    net_tcp_get_mss                          0x08018ff5   Thumb Code    34  net_tcp.o(i.net_tcp_get_mss)
    net_tcp_get_peer                         0x0801901d   Thumb Code    80  net_tcp.o(i.net_tcp_get_peer)
    net_tcp_get_socket                       0x08019071   Thumb Code   104  net_tcp.o(i.net_tcp_get_socket)
    net_tcp_get_state                        0x080190e1   Thumb Code    40  net_tcp.o(i.net_tcp_get_state)
    net_tcp_get_timer                        0x0801910d   Thumb Code    48  net_tcp.o(i.net_tcp_get_timer)
    net_tcp_listen                           0x08019141   Thumb Code   168  net_tcp.o(i.net_tcp_listen)
    net_tcp_process                          0x080191f1   Thumb Code  1956  net_tcp.o(i.net_tcp_process)
    net_tcp_send                             0x08019999   Thumb Code   336  net_tcp.o(i.net_tcp_send)
    net_tcp_set_option                       0x08019af5   Thumb Code   288  net_tcp.o(i.net_tcp_set_option)
    net_tcp_socket_init                      0x08019c21   Thumb Code    30  net_tcp.o(i.net_tcp_socket_init)
    net_tcp_socket_run                       0x08019c49   Thumb Code   938  net_tcp.o(i.net_tcp_socket_run)
    net_udp_close                            0x0801a009   Thumb Code    62  net_udp.o(i.net_udp_close)
    net_udp_get_buf                          0x0801a051   Thumb Code    46  net_udp.o(i.net_udp_get_buf)
    net_udp_get_socket                       0x0801a081   Thumb Code   102  net_udp.o(i.net_udp_get_socket)
    net_udp_open                             0x0801a0f1   Thumb Code   160  net_udp.o(i.net_udp_open)
    net_udp_process                          0x0801a19d   Thumb Code   322  net_udp.o(i.net_udp_process)
    net_udp_send                             0x0801a2f5   Thumb Code    18  net_udp.o(i.net_udp_send)
    net_udp_send_if                          0x0801a309   Thumb Code   540  net_udp.o(i.net_udp_send_if)
    net_udp_socket_init                      0x0801a535   Thumb Code    30  net_udp.o(i.net_udp_socket_init)
    net_ultoa                                0x0801a559   Thumb Code     8  net_common.o(i.net_ultoa)
    net_ultox                                0x0801a561   Thumb Code    44  net_common.o(i.net_ultox)
    net_xtoul                                0x0801a591   Thumb Code    76  net_common.o(i.net_xtoul)
    app_main_attr                            0x0801b3ac   Data          36  http_server.o(.constdata)
    imageLastModified                        0x0801b3d0   Data           4  web.o(.constdata)
    Arial12x12                               0x0802203c   Data        2400  lcd.o(.constdata)
    osRtxUserSVC                             0x080229fc   Data           4  rtx_lib.o(.constdata)
    Driver_ETH_PHY0                          0x08022a04   Data          32  phy_lan8742a.o(.constdata)
    Driver_ETH_MAC0                          0x08022a74   Data          68  emac_stm32f4xx.o(.constdata)
    Driver_SPI1                              0x08022b0c   Data          44  spi_stm32f4xx.o(.constdata)
    EventRecorderInfo                        0x08022b38   Data          24  eventrecorder.o(.constdata)
    AHBPrescTable                            0x08022b58   Data          16  system_stm32f4xx_1.o(.constdata)
    APBPrescTable                            0x08022b68   Data           8  system_stm32f4xx_1.o(.constdata)
    net_sys_config                           0x08022c18   Data          28  net_config.o(.constdata)
    net_eth0_if_config                       0x08022ccc   Data          44  net_config.o(.constdata)
    net_eth_list                             0x08022cf8   Data           8  net_config.o(.constdata)
    net_if_list_lan                          0x08022d00   Data           8  net_config.o(.constdata)
    net_if_list_all                          0x08022d08   Data           8  net_config.o(.constdata)
    net_if_inet_def                          0x08022d10   Data           8  net_config.o(.constdata)
    net_if_link_def                          0x08022d18   Data           8  net_config.o(.constdata)
    net_arp_list                             0x08022d20   Data           8  net_config.o(.constdata)
    net_icmp_list                            0x08022d28   Data           8  net_config.o(.constdata)
    net_ndp_list                             0x08022d30   Data           8  net_config.o(.constdata)
    net_icmp6_list                           0x08022d38   Data           8  net_config.o(.constdata)
    net_dhcp6_list                           0x08022d40   Data           8  net_config.o(.constdata)
    net_ip4_frag_config                      0x08022d48   Data           8  net_config.o(.constdata)
    net_udp_config                           0x08022d50   Data          12  net_config.o(.constdata)
    net_tcp_config                           0x08022d5c   Data          24  net_config.o(.constdata)
    net_http_config                          0x08022d74   Data          52  net_config.o(.constdata)
    net_sntp_config                          0x08022da8   Data           8  net_config.o(.constdata)
    netif_getopt_func                        0x08022e10   Data          16  net_config.o(.constdata)
    netif_setopt_func                        0x08022e20   Data          16  net_config.o(.constdata)
    net_loop_if_config                       0x08022e30   Data          44  net_loopback.o(.constdata)
    net_http_auth_basic_func                 0x08022f7c   Data          24  net_http_server_auth.o(.constdata)
    net_ping_payload                         0x08022f94   Data          18  net_ping_core.o(.constdata)
    net_addr_unspec                          0x08022fa6   Data          16  net_addr.o(.constdata)
    net_addr_bcast                           0x08022fb6   Data           6  net_addr.o(.constdata)
    net_addr4_loopback                       0x08022fbc   Data           4  net_ip4.o(.constdata)
    net_addr6_all_nodes                      0x08022fc0   Data          16  net_ip6.o(.constdata)
    net_addr6_loopback                       0x08022fd0   Data          16  net_ip6.o(.constdata)
    net_addr6_all_routers                    0x08022fe0   Data          16  net_ip6.o(.constdata)
    net_http_error                           0x08022ff0   Data          24  net_http_server_err.o(.constdata)
    net_lib_version                          0x080230a8   Data           4  net_version.o(.constdata)
    network_ip4ip6_debug_v7.15.0             0x080230a8   Data           4  net_version.o(.constdata)
    osRtxConfig                              0x080234d4   Data         112  rtx_lib.o(.rodata)
    os_cb_sections                           0x08023544   Data          56  rtx_lib.o(.rodata)
    Region$$Table$$Base                      0x0802357c   Number         0  anon$$obj.o(Region$$Table)
    Region$$Table$$Limit                     0x080235ac   Number         0  anon$$obj.o(Region$$Table)
    .bss.os.msgqueue.cb$$Base                0x20008044   Number         0  rtx_lib.o(.bss.os.msgqueue.cb)
    .bss.os.msgqueue.cb$$Limit               0x20008078   Number         0  rtx_lib.o(.bss.os.msgqueue.cb)
    .bss.os.mutex.cb$$Base                   0x200080c8   Number         0  net_config.o(.bss.os.mutex.cb)
    .bss.os.mutex.cb$$Limit                  0x20008100   Number         0  net_config.o(.bss.os.mutex.cb)
    .bss.os.semaphore.cb$$Base               0x20008100   Number         0  net_config.o(.bss.os.semaphore.cb)
    .bss.os.semaphore.cb$$Limit              0x20008110   Number         0  net_config.o(.bss.os.semaphore.cb)
    .bss.os.thread.cb$$Base                  0x20008110   Number         0  rtx_lib.o(.bss.os.thread.cb)
    .bss.os.thread.cb$$Limit                 0x20008220   Number         0  net_config.o(.bss.os.thread.cb)
    .bss.os.timer.cb$$Base                   0x20008620   Number         0  net_config.o(.bss.os.timer.cb)
    .bss.os.timer.cb$$Limit                  0x20008640   Number         0  net_config.o(.bss.os.timer.cb)
    lcd_text                                 0x20008644   Data          42  http_server.o(.data)
    LEDrun                                   0x2000866e   Data           1  http_server.o(.data)
    TID_Display                              0x20008670   Data           4  http_server.o(.data)
    SPIdrv                                   0x2000867c   Data           4  lcd.o(.data)
    state                                    0x20008680   Data           4  lcd.o(.data)
    tid_Thread_Parpadeo                      0x20008684   Data           4  parpadeo.o(.data)
    sDate                                    0x20008688   Data           4  rtc.o(.data)
    tid_Thjoy                                0x2000868c   Data           4  joystick.o(.data)
    uwTickFreq                               0x2000869c   Data           1  stm32f4xx_hal.o(.data)
    uwTickPrio                               0x200086a0   Data           4  stm32f4xx_hal.o(.data)
    uwTick                                   0x200086a4   Data           4  stm32f4xx_hal.o(.data)
    SystemCoreClock                          0x200086a8   Data           4  system_stm32f4xx_1.o(.data)
    net_eth0_icmp_control                    0x200086c4   Data           1  net_icmp.o(.data)
    net_eth0_icmp6_control                   0x200086c5   Data           1  net_icmp6.o(.data)
    osRtxInfo                                0x200086e8   Data         164  rtx_kernel.o(.data.os)
    app_main_stk                             0x20008790   Data        1024  http_server.o(.bss)
    htim7                                    0x20008bdc   Data          72  lcd.o(.bss)
    buffer                                   0x20008c24   Data         512  lcd.o(.bss)
    hrtc                                     0x20008e38   Data          32  rtc.o(.bss)
    sAlarm                                   0x20008e58   Data          40  rtc.o(.bss)
    sTime                                    0x20008e80   Data          20  rtc.o(.bss)
    time                                     0x20008e94   Data          30  rtc.o(.bss)
    date                                     0x20008eb2   Data          30  rtc.o(.bss)
    net_eth0_if_control                      0x2000f08c   Data         160  net_eth.o(.bss)
    net_eth0_arp_control                     0x2000f12c   Data          24  net_arp.o(.bss)
    net_eth0_ndp_control                     0x2000f144   Data          68  net_ndp.o(.bss)
    net_eth0_dhcp6_control                   0x2000f1a4   Data          68  net_dhcp6_client.o(.bss)
    net_http_control                         0x2000f26c   Data          20  net_http_server.o(.bss)
    net_sntp_control                         0x2000f280   Data          44  net_sntp_client_core.o(.bss)
    net_ping_control                         0x2000f2ac   Data          44  net_ping_core.o(.bss)
    net_sys_control                          0x2000f2e8   Data          28  net_sys.o(.bss)
    net_dbg_buf                              0x2000f310   Data          36  net_sys.o(.bss)
    __initial_sp                             0x2000f7a8   Data           0  startup_stm32f429xx.o(STACK)



==============================================================================

Memory Map of the image

  Image Entry point : 0x080001ad

  Load Region LR_IROM1 (Base: 0x08000000, Size: 0x0002bd38, Max: 0x00200000, ABSOLUTE, COMPRESSED[0x000236e4])

    Execution Region ER_IROM1 (Exec base: 0x08000000, Load base: 0x08000000, Size: 0x000235ac, Max: 0x00200000, ABSOLUTE)

    Exec Addr    Load Addr    Size         Type   Attr      Idx    E Section Name        Object

    0x08000000   0x08000000   0x000001ac   Data   RO         1620    RESET               startup_stm32f429xx.o
    0x080001ac   0x080001ac   0x00000000   Code   RO         2809  * .ARM.Collect$$$$00000000  mc_w.l(entry.o)
    0x080001ac   0x080001ac   0x00000004   Code   RO         3103    .ARM.Collect$$$$00000001  mc_w.l(entry2.o)
    0x080001b0   0x080001b0   0x00000004   Code   RO         3106    .ARM.Collect$$$$00000004  mc_w.l(entry5.o)
    0x080001b4   0x080001b4   0x00000000   Code   RO         3108    .ARM.Collect$$$$00000008  mc_w.l(entry7b.o)
    0x080001b4   0x080001b4   0x00000000   Code   RO         3110    .ARM.Collect$$$$0000000A  mc_w.l(entry8b.o)
    0x080001b4   0x080001b4   0x00000008   Code   RO         3111    .ARM.Collect$$$$0000000B  mc_w.l(entry9a.o)
    0x080001bc   0x080001bc   0x00000004   Code   RO         3118    .ARM.Collect$$$$0000000E  mc_w.l(entry12b.o)
    0x080001c0   0x080001c0   0x00000000   Code   RO         3113    .ARM.Collect$$$$0000000F  mc_w.l(entry10a.o)
    0x080001c0   0x080001c0   0x00000000   Code   RO         3115    .ARM.Collect$$$$00000011  mc_w.l(entry11a.o)
    0x080001c0   0x080001c0   0x00000004   Code   RO         3104    .ARM.Collect$$$$00002712  mc_w.l(entry2.o)
    0x080001c4   0x080001c4   0x00000148   Code   RO          761    .emb_text           rtx_mempool.o
    0x0800030c   0x0800030c   0x00000148   Code   RO          792    .emb_text           rtx_msgqueue.o
    0x08000454   0x08000454   0x00000148   Code   RO          857    .emb_text           rtx_semaphore.o
    0x0800059c   0x0800059c   0x00000148   Code   RO          888    .emb_text           rtx_system.o
    0x080006e4   0x080006e4   0x00000148   Code   RO          922    .emb_text           rtx_thread.o
    0x0800082c   0x0800082c   0x00000074   Code   RO         1143    .emb_text           eventrecorder.o
    0x080008a0   0x080008a0   0x0000016c   Code   RO            4    .text               main.o
    0x08000a0c   0x08000a0c   0x00000058   Code   RO          179    .text               http_server.o
    0x08000a64   0x08000a64   0x000007ac   Code   RO          237    .text               http_server_cgi.o
    0x08001210   0x08001210   0x00000078   Code   RO          271    .text               web.o
    0x08001288   0x08001288   0x00000130   Code   RO          291    .text               adc.o
    0x080013b8   0x080013b8   0x000003dc   Code   RO          324    .text               lcd.o
    0x08001794   0x08001794   0x0000003c   Code   RO          377    .text               leds.o
    0x080017d0   0x080017d0   0x00000054   Code   RO          406    .text               parpadeo.o
    0x08001824   0x08001824   0x00000224   Code   RO          433    .text               rtc.o
    0x08001a48   0x08001a48   0x000001c4   Code   RO          465    .text               joystick.o
    0x08001c0c   0x08001c0c   0x00000094   Code   RO          509    .text               irq_armv7m.o
    0x08001ca0   0x08001ca0   0x00000104   Code   RO          517    .text               rtx_delay.o
    0x08001da4   0x08001da4   0x00000964   Code   RO          615    .text               rtx_evr.o
    0x08002708   0x08002708   0x000006d8   Code   RO          640    .text               rtx_kernel.o
    0x08002de0   0x08002de0   0x00000124   Code   RO          731    .text               rtx_memory.o
    0x08002f04   0x08002f04   0x00000678   Code   RO          762    .text               rtx_mempool.o
    0x0800357c   0x0800357c   0x000009bc   Code   RO          793    .text               rtx_msgqueue.o
    0x08003f38   0x08003f38   0x00000558   Code   RO          827    .text               rtx_mutex.o
    0x08004490   0x08004490   0x00000450   Code   RO          858    .text               rtx_semaphore.o
    0x080048e0   0x080048e0   0x00000154   Code   RO          889    .text               rtx_system.o
    0x08004a34   0x08004a34   0x00001194   Code   RO          923    .text               rtx_thread.o
    0x08005bc8   0x08005bc8   0x00000480   Code   RO          957    .text               rtx_timer.o
    0x08006048   0x08006048   0x000000c4   Code   RO          987    .text               os_systick.o
    0x0800610c   0x0800610c   0x00000004   Code   RO         1013    .text               rtx_config.o
    0x08006110   0x08006110   0x000001ac   Code   RO         1034    .text               phy_lan8742a.o
    0x080062bc   0x080062bc   0x000009f8   Code   RO         1065    .text               emac_stm32f4xx.o
    0x08006cb4   0x08006cb4   0x00000d6c   Code   RO         1104    .text               spi_stm32f4xx.o
    0x08007a20   0x08007a20   0x00000538   Code   RO         1144    .text               eventrecorder.o
    0x08007f58   0x08007f58   0x000001c8   Code   RO         1178    .text               stm32f4xx_hal.o
    0x08008120   0x08008120   0x00000b20   Code   RO         1208    .text               stm32f4xx_hal_adc.o
    0x08008c40   0x08008c40   0x0000075c   Code   RO         1232    .text               stm32f4xx_hal_adc_ex.o
    0x0800939c   0x0800939c   0x00000298   Code   RO         1256    .text               stm32f4xx_hal_cortex.o
    0x08009634   0x08009634   0x0000071c   Code   RO         1284    .text               stm32f4xx_hal_dma.o
    0x08009d50   0x08009d50   0x00000388   Code   RO         1333    .text               stm32f4xx_hal_gpio.o
    0x0800a0d8   0x0800a0d8   0x00000188   Code   RO         1357    .text               stm32f4xx_hal_pwr.o
    0x0800a260   0x0800a260   0x00000754   Code   RO         1405    .text               stm32f4xx_hal_rcc.o
    0x0800a9b4   0x0800a9b4   0x000005e4   Code   RO         1429    .text               stm32f4xx_hal_rcc_ex.o
    0x0800af98   0x0800af98   0x00000964   Code   RO         1453    .text               stm32f4xx_hal_rtc.o
    0x0800b8fc   0x0800b8fc   0x00000abc   Code   RO         1477    .text               stm32f4xx_hal_rtc_ex.o
    0x0800c3b8   0x0800c3b8   0x000031c4   Code   RO         1549    .text               stm32f4xx_hal_tim.o
    0x0800f57c   0x0800f57c   0x00001378   Code   RO         1573    .text               stm32f4xx_hal_tim_ex.o
    0x080108f4   0x080108f4   0x00000024   Code   RO         1621    .text               startup_stm32f429xx.o
    0x08010918   0x08010918   0x00000088   Code   RO         1628    .text               system_stm32f4xx_1.o
    0x080109a0   0x080109a0   0x0000016c   Code   RO         1657    .text               net_config.o
    0x08010b0c   0x08010b0c   0x00000152   Code   RO         1760    .text               net_debug.o
    0x08010c5e   0x08010c5e   0x00000062   Code   RO         2812    .text               mc_w.l(uldiv.o)
    0x08010cc0   0x08010cc0   0x00000024   Code   RO         2814    .text               mc_w.l(memcpya.o)
    0x08010ce4   0x08010ce4   0x00000024   Code   RO         2816    .text               mc_w.l(memseta.o)
    0x08010d08   0x08010d08   0x0000000e   Code   RO         2818    .text               mc_w.l(strlen.o)
    0x08010d16   0x08010d16   0x0000001c   Code   RO         2820    .text               mc_w.l(strcmp.o)
    0x08010d32   0x08010d32   0x0000001a   Code   RO         2822    .text               mc_w.l(memcmp.o)
    0x08010d4c   0x08010d4c   0x00000012   Code   RO         2824    .text               mc_w.l(strcpy.o)
    0x08010d5e   0x08010d5e   0x0000001e   Code   RO         2826    .text               mc_w.l(strncmp.o)
    0x08010d7c   0x08010d7c   0x00000064   Code   RO         3091    .text               mf_w.l(fmul.o)
    0x08010de0   0x08010de0   0x00000018   Code   RO         3093    .text               mf_w.l(fscalb.o)
    0x08010df8   0x08010df8   0x000000e4   Code   RO         3095    .text               mf_w.l(dmul.o)
    0x08010edc   0x08010edc   0x0000002e   Code   RO         3097    .text               mf_w.l(dscalb.o)
    0x08010f0a   0x08010f0a   0x0000000a   Code   RO         3099    .text               mf_w.l(ffltui.o)
    0x08010f14   0x08010f14   0x0000001a   Code   RO         3101    .text               mf_w.l(dfltui.o)
    0x08010f2e   0x08010f2e   0x0000002c   Code   RO         3122    .text               mc_w.l(uidiv.o)
    0x08010f5a   0x08010f5a   0x0000001e   Code   RO         3124    .text               mc_w.l(llshl.o)
    0x08010f78   0x08010f78   0x00000020   Code   RO         3126    .text               mc_w.l(llushr.o)
    0x08010f98   0x08010f98   0x00000000   Code   RO         3128    .text               mc_w.l(iusefp.o)
    0x08010f98   0x08010f98   0x0000006e   Code   RO         3129    .text               mf_w.l(fepilogue.o)
    0x08011006   0x08011006   0x000000ba   Code   RO         3131    .text               mf_w.l(depilogue.o)
    0x080110c0   0x080110c0   0x0000014e   Code   RO         3133    .text               mf_w.l(dadd.o)
    0x0801120e   0x0801120e   0x000000de   Code   RO         3135    .text               mf_w.l(ddiv.o)
    0x080112ec   0x080112ec   0x00000030   Code   RO         3137    .text               mf_w.l(dfixul.o)
    0x0801131c   0x0801131c   0x00000030   Code   RO         3139    .text               mf_w.l(cdrcmple.o)
    0x0801134c   0x0801134c   0x00000024   Code   RO         3141    .text               mc_w.l(init.o)
    0x08011370   0x08011370   0x00000024   Code   RO         3144    .text               mc_w.l(llsshr.o)
    0x08011394   0x08011394   0x00000056   Code   RO         3154    .text               mc_w.l(__dczerorl2.o)
    0x080113ea   0x080113ea   0x00000002   PAD
    0x080113ec   0x080113ec   0x00000028   Code   RO         3065    i.__0sprintf        mc_w.l(printfa.o)
    0x08011414   0x08011414   0x0000000e   Code   RO         3148    i.__scatterload_copy  mc_w.l(handlers.o)
    0x08011422   0x08011422   0x00000002   Code   RO         3149    i.__scatterload_null  mc_w.l(handlers.o)
    0x08011424   0x08011424   0x0000000e   Code   RO         3150    i.__scatterload_zeroinit  mc_w.l(handlers.o)
    0x08011432   0x08011432   0x00000002   PAD
    0x08011434   0x08011434   0x00000184   Code   RO         3070    i._fp_digits        mc_w.l(printfa.o)
    0x080115b8   0x080115b8   0x000006b4   Code   RO         3071    i._printf_core      mc_w.l(printfa.o)
    0x08011c6c   0x08011c6c   0x00000024   Code   RO         3072    i._printf_post_padding  mc_w.l(printfa.o)
    0x08011c90   0x08011c90   0x0000002e   Code   RO         3073    i._printf_pre_padding  mc_w.l(printfa.o)
    0x08011cbe   0x08011cbe   0x0000000a   Code   RO         3075    i._sputc            mc_w.l(printfa.o)
    0x08011cc8   0x08011cc8   0x00000054   Code   RO         2298    i.add_server_id     Net_Dbg_CM3_L.lib(net_http_server.o)
    0x08011d1c   0x08011d1c   0x0000005c   Code   RO         1846    i.arp_cache_alloc   Net_Dbg_CM3_L.lib(net_arp.o)
    0x08011d78   0x08011d78   0x00000170   Code   RO         1847    i.arp_cache_run     Net_Dbg_CM3_L.lib(net_arp.o)
    0x08011ee8   0x08011ee8   0x00000038   Code   RO         1848    i.arp_is_cacheable  Net_Dbg_CM3_L.lib(net_arp.o)
    0x08011f20   0x08011f20   0x00000088   Code   RO         1849    i.arp_probe_run     Net_Dbg_CM3_L.lib(net_arp.o)
    0x08011fa8   0x08011fa8   0x000000d8   Code   RO         1851    i.arp_proc_response  Net_Dbg_CM3_L.lib(net_arp.o)
    0x08012080   0x08012080   0x0000001a   Code   RO         1852    i.arp_que_free      Net_Dbg_CM3_L.lib(net_arp.o)
    0x0801209a   0x0801209a   0x00000002   PAD
    0x0801209c   0x0801209c   0x000000a0   Code   RO         1853    i.arp_send_reply    Net_Dbg_CM3_L.lib(net_arp.o)
    0x0801213c   0x0801213c   0x000000d0   Code   RO         1854    i.arp_send_request  Net_Dbg_CM3_L.lib(net_arp.o)
    0x0801220c   0x0801220c   0x00000068   Code   RO         1855    i.arp_sender_valid  Net_Dbg_CM3_L.lib(net_arp.o)
    0x08012274   0x08012274   0x0000006c   Code   RO         2242    i.check_client_id   Net_Dbg_CM3_L.lib(net_dhcp6_client.o)
    0x080122e0   0x080122e0   0x0000018c   Code   RO         2299    i.chk_post_req      Net_Dbg_CM3_L.lib(net_http_server.o)
    0x0801246c   0x0801246c   0x00000028   Code   RO         2723    i.crc32_8bit        Net_Dbg_CM3_L.lib(net_common.o)
    0x08012494   0x08012494   0x00000394   Code   RO         2243    i.dhcp6_client_run  Net_Dbg_CM3_L.lib(net_dhcp6_client.o)
    0x08012828   0x08012828   0x00000058   Code   RO         2244    i.dhcp6_client_start  Net_Dbg_CM3_L.lib(net_dhcp6_client.o)
    0x08012880   0x08012880   0x000004b8   Code   RO         2246    i.dhcp6_listener    Net_Dbg_CM3_L.lib(net_dhcp6_client.o)
    0x08012d38   0x08012d38   0x000001f8   Code   RO         2247    i.dhcp6_send_message  Net_Dbg_CM3_L.lib(net_dhcp6_client.o)
    0x08012f30   0x08012f30   0x0000009a   Code   RO         1790    i.eth_check_link    Net_Dbg_CM3_L.lib(net_eth.o)
    0x08012fca   0x08012fca   0x00000002   PAD
    0x08012fcc   0x08012fcc   0x00000020   Code   RO         1791    i.eth_if_map        Net_Dbg_CM3_L.lib(net_eth.o)
    0x08012fec   0x08012fec   0x00000304   Code   RO         1792    i.eth_iface_init    Net_Dbg_CM3_L.lib(net_eth.o)
    0x080132f0   0x080132f0   0x00000290   Code   RO         1793    i.eth_iface_run     Net_Dbg_CM3_L.lib(net_eth.o)
    0x08013580   0x08013580   0x00000008   Code   RO         1795    i.eth_lock          Net_Dbg_CM3_L.lib(net_eth.o)
    0x08013588   0x08013588   0x0000001c   Code   RO         1796    i.eth_mtu_limit     Net_Dbg_CM3_L.lib(net_eth.o)
    0x080135a4   0x080135a4   0x00000048   Code   RO         1797    i.eth_opt_len       Net_Dbg_CM3_L.lib(net_eth.o)
    0x080135ec   0x080135ec   0x00000088   Code   RO         1798    i.eth_receive       Net_Dbg_CM3_L.lib(net_eth.o)
    0x08013674   0x08013674   0x00000008   Code   RO         1799    i.eth_unlock        Net_Dbg_CM3_L.lib(net_eth.o)
    0x0801367c   0x0801367c   0x0000007c   Code   RO         2000    i.frag_map_session  Net_Dbg_CM3_L.lib(net_ip4_frag.o)
    0x080136f8   0x080136f8   0x00000028   Code   RO         2300    i.get_next_field    Net_Dbg_CM3_L.lib(net_http_server.o)
    0x08013720   0x08013720   0x00000032   Code   RO         2301    i.get_next_par      Net_Dbg_CM3_L.lib(net_http_server.o)
    0x08013752   0x08013752   0x0000005c   Code   RO         2248    i.get_tout          Net_Dbg_CM3_L.lib(net_dhcp6_client.o)
    0x080137ae   0x080137ae   0x00000022   Code   RO         2302    i.hex2byte          Net_Dbg_CM3_L.lib(net_http_server.o)
    0x080137d0   0x080137d0   0x0000036c   Code   RO         2303    i.http_add_header   Net_Dbg_CM3_L.lib(net_http_server.o)
    0x08013b3c   0x08013b3c   0x00000050   Code   RO         2423    i.http_auth_basic_add  Net_Dbg_CM3_L.lib(net_http_server_auth.o)
    0x08013b8c   0x08013b8c   0x00000090   Code   RO         2424    i.http_auth_basic_parse  Net_Dbg_CM3_L.lib(net_http_server_auth.o)
    0x08013c1c   0x08013c1c   0x00000002   Code   RO         2430    i.http_auth_dummy   Net_Dbg_CM3_L.lib(net_http_server_auth.o)
    0x08013c1e   0x08013c1e   0x00000002   PAD
    0x08013c20   0x08013c20   0x00000024   Code   RO         2431    i.http_auth_init    Net_Dbg_CM3_L.lib(net_http_server_auth.o)
    0x08013c44   0x08013c44   0x000001cc   Code   RO         2304    i.http_error_msg    Net_Dbg_CM3_L.lib(net_http_server.o)
    0x08013e10   0x08013e10   0x00000078   Code   RO         2305    i.http_get_ftype    Net_Dbg_CM3_L.lib(net_http_server.o)
    0x08013e88   0x08013e88   0x0000005e   Code   RO         2306    i.http_kill_session  Net_Dbg_CM3_L.lib(net_http_server.o)
    0x08013ee6   0x08013ee6   0x00000002   PAD
    0x08013ee8   0x08013ee8   0x000002a8   Code   RO         2307    i.http_listener     Net_Dbg_CM3_L.lib(net_http_server.o)
    0x08014190   0x08014190   0x00000184   Code   RO         2308    i.http_open_file    Net_Dbg_CM3_L.lib(net_http_server.o)
    0x08014314   0x08014314   0x0000011c   Code   RO         2309    i.http_parse_header  Net_Dbg_CM3_L.lib(net_http_server.o)
    0x08014430   0x08014430   0x000001a8   Code   RO         2310    i.http_proc_multipart  Net_Dbg_CM3_L.lib(net_http_server.o)
    0x080145d8   0x080145d8   0x00000138   Code   RO         2311    i.http_proc_post    Net_Dbg_CM3_L.lib(net_http_server.o)
    0x08014710   0x08014710   0x00000468   Code   RO         2312    i.http_server_run   Net_Dbg_CM3_L.lib(net_http_server.o)
    0x08014b78   0x08014b78   0x00000060   Code   RO         2313    i.http_server_start  Net_Dbg_CM3_L.lib(net_http_server.o)
    0x08014bd8   0x08014bd8   0x00000020   Code   RO         2315    i.http_strcpy       Net_Dbg_CM3_L.lib(net_http_server.o)
    0x08014bf8   0x08014bf8   0x000000ac   Code   RO         2316    i.http_to_utc       Net_Dbg_CM3_L.lib(net_http_server.o)
    0x08014ca4   0x08014ca4   0x0000001a   Code   RO         2724    i.i2str             Net_Dbg_CM3_L.lib(net_common.o)
    0x08014cbe   0x08014cbe   0x0000000c   Code   RO         2621    i.ip4_get_chksum    Net_Dbg_CM3_L.lib(net_ip4.o)
    0x08014cca   0x08014cca   0x00000028   Code   RO         2622    i.ip4_get_mtu       Net_Dbg_CM3_L.lib(net_ip4.o)
    0x08014cf2   0x08014cf2   0x00000040   Code   RO         2554    i.ip4_ntoa          Net_Dbg_CM3_L.lib(net_addr.o)
    0x08014d32   0x08014d32   0x00000002   PAD
    0x08014d34   0x08014d34   0x000000ca   Code   RO         2555    i.ip6_ntoa          Net_Dbg_CM3_L.lib(net_addr.o)
    0x08014dfe   0x08014dfe   0x00000002   PAD
    0x08014e00   0x08014e00   0x0000000c   Code   RO         2700    i.mem_lock          Net_Dbg_CM3_L.lib(net_mem.o)
    0x08014e0c   0x08014e0c   0x0000000c   Code   RO         2701    i.mem_unlock        Net_Dbg_CM3_L.lib(net_mem.o)
    0x08014e18   0x08014e18   0x000001a4   Code   RO         2284    i.nbns_listener     Net_Dbg_CM3_L.lib(net_nbns_client.o)
    0x08014fbc   0x08014fbc   0x00000120   Code   RO         1913    i.ndp_cache_add     Net_Dbg_CM3_L.lib(net_ndp.o)
    0x080150dc   0x080150dc   0x00000072   Code   RO         1914    i.ndp_cache_alloc   Net_Dbg_CM3_L.lib(net_ndp.o)
    0x0801514e   0x0801514e   0x00000002   PAD
    0x08015150   0x08015150   0x00000078   Code   RO         1915    i.ndp_cache_delete  Net_Dbg_CM3_L.lib(net_ndp.o)
    0x080151c8   0x080151c8   0x0000016c   Code   RO         1916    i.ndp_cache_run     Net_Dbg_CM3_L.lib(net_ndp.o)
    0x08015334   0x08015334   0x0000002c   Code   RO         1917    i.ndp_check_frame   Net_Dbg_CM3_L.lib(net_ndp.o)
    0x08015360   0x08015360   0x00000012   Code   RO         1918    i.ndp_next_opt      Net_Dbg_CM3_L.lib(net_ndp.o)
    0x08015372   0x08015372   0x00000002   PAD
    0x08015374   0x08015374   0x000000e4   Code   RO         1919    i.ndp_prefix_add    Net_Dbg_CM3_L.lib(net_ndp.o)
    0x08015458   0x08015458   0x0000009c   Code   RO         1920    i.ndp_probe_run     Net_Dbg_CM3_L.lib(net_ndp.o)
    0x080154f4   0x080154f4   0x000000fc   Code   RO         1922    i.ndp_proc_response  Net_Dbg_CM3_L.lib(net_ndp.o)
    0x080155f0   0x080155f0   0x0000001a   Code   RO         1923    i.ndp_que_free      Net_Dbg_CM3_L.lib(net_ndp.o)
    0x0801560a   0x0801560a   0x00000002   PAD
    0x0801560c   0x0801560c   0x00000038   Code   RO         1924    i.ndp_router_remove  Net_Dbg_CM3_L.lib(net_ndp.o)
    0x08015644   0x08015644   0x0000009c   Code   RO         1925    i.ndp_send_reply    Net_Dbg_CM3_L.lib(net_ndp.o)
    0x080156e0   0x080156e0   0x000000bc   Code   RO         1926    i.ndp_send_request  Net_Dbg_CM3_L.lib(net_ndp.o)
    0x0801579c   0x0801579c   0x000001a0   Code   RO         1927    i.ndp_slaac_run     Net_Dbg_CM3_L.lib(net_ndp.o)
    0x0801593c   0x0801593c   0x00000004   Code   RO         2317    i.netCGI_Charset    Net_Dbg_CM3_L.lib(net_http_server.o)
    0x08015940   0x08015940   0x00000004   Code   RO         2318    i.netCGI_ContentType  Net_Dbg_CM3_L.lib(net_http_server.o)
    0x08015944   0x08015944   0x00000004   Code   RO         2319    i.netCGI_CustomHeader  Net_Dbg_CM3_L.lib(net_http_server.o)
    0x08015948   0x08015948   0x0000006c   Code   RO         2320    i.netCGI_GetEnvVar  Net_Dbg_CM3_L.lib(net_http_server.o)
    0x080159b4   0x080159b4   0x00000004   Code   RO         2323    i.netCGI_Redirect   Net_Dbg_CM3_L.lib(net_http_server.o)
    0x080159b8   0x080159b8   0x00000004   Code   RO         2325    i.netCGX_ContentType  Net_Dbg_CM3_L.lib(net_http_server.o)
    0x080159bc   0x080159bc   0x00000064   Code   RO         2504    i.netCore_Thread    Net_Dbg_CM3_L.lib(net_sys.o)
    0x08015a20   0x08015a20   0x00000002   Code   RO         2251    i.netDHCP6_Notify   Net_Dbg_CM3_L.lib(net_dhcp6_client.o)
    0x08015a22   0x08015a22   0x00000002   Code   RO         1800    i.netETH_Notify     Net_Dbg_CM3_L.lib(net_eth.o)
    0x08015a24   0x08015a24   0x00000002   Code   RO         1801    i.netETH_ReceiveRaw  Net_Dbg_CM3_L.lib(net_eth.o)
    0x08015a26   0x08015a26   0x00000072   Code   RO         1803    i.netETH_Thread     Net_Dbg_CM3_L.lib(net_eth.o)
    0x08015a98   0x08015a98   0x00000004   Code   RO         2326    i.netHTTPs_AcceptClient  Net_Dbg_CM3_L.lib(net_http_server.o)
    0x08015a9c   0x08015a9c   0x00000004   Code   RO         2432    i.netHTTPs_CheckAccount  Net_Dbg_CM3_L.lib(net_http_server_auth.o)
    0x08015aa0   0x08015aa0   0x00000004   Code   RO         2328    i.netHTTPs_FileAccess  Net_Dbg_CM3_L.lib(net_http_server.o)
    0x08015aa4   0x08015aa4   0x00000020   Code   RO         2331    i.netHTTPs_GetLanguage  Net_Dbg_CM3_L.lib(net_http_server.o)
    0x08015ac4   0x08015ac4   0x0000000c   Code   RO         2332    i.netHTTPs_GetPassword  Net_Dbg_CM3_L.lib(net_http_server.o)
    0x08015ad0   0x08015ad0   0x0000000c   Code   RO         2338    i.netHTTPs_LoginActive  Net_Dbg_CM3_L.lib(net_http_server.o)
    0x08015adc   0x08015adc   0x00000058   Code   RO         2341    i.netHTTPs_SetPassword  Net_Dbg_CM3_L.lib(net_http_server.o)
    0x08015b34   0x08015b34   0x00000088   Code   RO         2505    i.netIF_GetOption   Net_Dbg_CM3_L.lib(net_sys.o)
    0x08015bbc   0x08015bbc   0x00000084   Code   RO         2507    i.netIF_SetOption   Net_Dbg_CM3_L.lib(net_sys.o)
    0x08015c40   0x08015c40   0x0000001a   Code   RO         2557    i.netIP_aton        Net_Dbg_CM3_L.lib(net_addr.o)
    0x08015c5a   0x08015c5a   0x00000032   Code   RO         2558    i.netIP_ntoa        Net_Dbg_CM3_L.lib(net_addr.o)
    0x08015c8c   0x08015c8c   0x000000ac   Code   RO         2508    i.netInitialize     Net_Dbg_CM3_L.lib(net_sys.o)
    0x08015d38   0x08015d38   0x0000008c   Code   RO         2559    i.netMAC_aton       Net_Dbg_CM3_L.lib(net_addr.o)
    0x08015dc4   0x08015dc4   0x00000004   Code   RO         2123    i.netTCP_GetLocalPort  Net_Dbg_CM3_L.lib(net_tcp.o)
    0x08015dc8   0x08015dc8   0x00000020   Code   RO         2125    i.netTCP_GetPeer    Net_Dbg_CM3_L.lib(net_tcp.o)
    0x08015de8   0x08015de8   0x00000004   Code   RO         2127    i.netTCP_GetState   Net_Dbg_CM3_L.lib(net_tcp.o)
    0x08015dec   0x08015dec   0x00000004   Code   RO         2128    i.netTCP_GetTimer   Net_Dbg_CM3_L.lib(net_tcp.o)
    0x08015df0   0x08015df0   0x0000007c   Code   RO         2561    i.net_addr4_aton    Net_Dbg_CM3_L.lib(net_addr.o)
    0x08015e6c   0x08015e6c   0x0000001e   Code   RO         2563    i.net_addr4_to_mac  Net_Dbg_CM3_L.lib(net_addr.o)
    0x08015e8a   0x08015e8a   0x00000002   PAD
    0x08015e8c   0x08015e8c   0x000000e6   Code   RO         2564    i.net_addr6_aton    Net_Dbg_CM3_L.lib(net_addr.o)
    0x08015f72   0x08015f72   0x00000028   Code   RO         2565    i.net_addr6_comp    Net_Dbg_CM3_L.lib(net_addr.o)
    0x08015f9a   0x08015f9a   0x00000012   Code   RO         2566    i.net_addr6_copy    Net_Dbg_CM3_L.lib(net_addr.o)
    0x08015fac   0x08015fac   0x0000004c   Code   RO         2567    i.net_addr6_create  Net_Dbg_CM3_L.lib(net_addr.o)
    0x08015ff8   0x08015ff8   0x00000028   Code   RO         2568    i.net_addr6_get_solicited  Net_Dbg_CM3_L.lib(net_addr.o)
    0x08016020   0x08016020   0x00000018   Code   RO         2569    i.net_addr6_is_linklocal  Net_Dbg_CM3_L.lib(net_addr.o)
    0x08016038   0x08016038   0x0000006e   Code   RO         2570    i.net_addr6_is_onlink  Net_Dbg_CM3_L.lib(net_addr.o)
    0x080160a6   0x080160a6   0x00000048   Code   RO         2571    i.net_addr6_is_solicited  Net_Dbg_CM3_L.lib(net_addr.o)
    0x080160ee   0x080160ee   0x00000018   Code   RO         2572    i.net_addr6_is_unspec  Net_Dbg_CM3_L.lib(net_addr.o)
    0x08016106   0x08016106   0x0000000e   Code   RO         2574    i.net_addr6_to_mac  Net_Dbg_CM3_L.lib(net_addr.o)
    0x08016114   0x08016114   0x0000002c   Code   RO         2575    i.net_addr_comp     Net_Dbg_CM3_L.lib(net_addr.o)
    0x08016140   0x08016140   0x00000026   Code   RO         2576    i.net_addr_copy     Net_Dbg_CM3_L.lib(net_addr.o)
    0x08016166   0x08016166   0x0000001a   Code   RO         2577    i.net_addr_find_route  Net_Dbg_CM3_L.lib(net_addr.o)
    0x08016180   0x08016180   0x00000020   Code   RO         2579    i.net_addr_get_local  Net_Dbg_CM3_L.lib(net_addr.o)
    0x080161a0   0x080161a0   0x00000022   Code   RO         2580    i.net_addr_is_unspec  Net_Dbg_CM3_L.lib(net_addr.o)
    0x080161c2   0x080161c2   0x00000002   PAD
    0x080161c4   0x080161c4   0x0000011c   Code   RO         1863    i.net_arp_cache_add  Net_Dbg_CM3_L.lib(net_arp.o)
    0x080162e0   0x080162e0   0x000000bc   Code   RO         1864    i.net_arp_cache_early  Net_Dbg_CM3_L.lib(net_arp.o)
    0x0801639c   0x0801639c   0x000000ec   Code   RO         1865    i.net_arp_cache_find  Net_Dbg_CM3_L.lib(net_arp.o)
    0x08016488   0x08016488   0x00000048   Code   RO         1866    i.net_arp_cache_init  Net_Dbg_CM3_L.lib(net_arp.o)
    0x080164d0   0x080164d0   0x0000001c   Code   RO         1867    i.net_arp_cache_run  Net_Dbg_CM3_L.lib(net_arp.o)
    0x080164ec   0x080164ec   0x00000078   Code   RO         1869    i.net_arp_enqueue   Net_Dbg_CM3_L.lib(net_arp.o)
    0x08016564   0x08016564   0x00000020   Code   RO         1871    i.net_arp_notify    Net_Dbg_CM3_L.lib(net_arp.o)
    0x08016584   0x08016584   0x00000224   Code   RO         1873    i.net_arp_process   Net_Dbg_CM3_L.lib(net_arp.o)
    0x080167a8   0x080167a8   0x00000042   Code   RO         2725    i.net_atoi          Net_Dbg_CM3_L.lib(net_common.o)
    0x080167ea   0x080167ea   0x00000002   PAD
    0x080167ec   0x080167ec   0x00000078   Code   RO         2791    i.net_base64_decode  Net_Dbg_CM3_L.lib(net_base64.o)
    0x08016864   0x08016864   0x00000030   Code   RO         2727    i.net_chksum_buf    Net_Dbg_CM3_L.lib(net_common.o)
    0x08016894   0x08016894   0x0000001e   Code   RO         2728    i.net_crc_buf       Net_Dbg_CM3_L.lib(net_common.o)
    0x080168b2   0x080168b2   0x00000002   PAD
    0x080168b4   0x080168b4   0x00000088   Code   RO         2252    i.net_dhcp6_client_init  Net_Dbg_CM3_L.lib(net_dhcp6_client.o)
    0x0801693c   0x0801693c   0x0000001c   Code   RO         2253    i.net_dhcp6_client_run  Net_Dbg_CM3_L.lib(net_dhcp6_client.o)
    0x08016958   0x08016958   0x0000000e   Code   RO         1804    i.net_eth_callback  Net_Dbg_CM3_L.lib(net_eth.o)
    0x08016966   0x08016966   0x00000068   Code   RO         1805    i.net_eth_config_mcast  Net_Dbg_CM3_L.lib(net_eth.o)
    0x080169ce   0x080169ce   0x000000ea   Code   RO         1807    i.net_eth_get_option  Net_Dbg_CM3_L.lib(net_eth.o)
    0x08016ab8   0x08016ab8   0x0000001c   Code   RO         1808    i.net_eth_iface_init  Net_Dbg_CM3_L.lib(net_eth.o)
    0x08016ad4   0x08016ad4   0x0000001c   Code   RO         1809    i.net_eth_iface_run  Net_Dbg_CM3_L.lib(net_eth.o)
    0x08016af0   0x08016af0   0x000000a8   Code   RO         1811    i.net_eth_output    Net_Dbg_CM3_L.lib(net_eth.o)
    0x08016b98   0x08016b98   0x000001e0   Code   RO         1812    i.net_eth_send_frame  Net_Dbg_CM3_L.lib(net_eth.o)
    0x08016d78   0x08016d78   0x00000270   Code   RO         1813    i.net_eth_set_option  Net_Dbg_CM3_L.lib(net_eth.o)
    0x08016fe8   0x08016fe8   0x000000e8   Code   RO         2347    i.net_http_server_init  Net_Dbg_CM3_L.lib(net_http_server.o)
    0x080170d0   0x080170d0   0x00000028   Code   RO         2348    i.net_http_server_run  Net_Dbg_CM3_L.lib(net_http_server.o)
    0x080170f8   0x080170f8   0x00000018   Code   RO         2042    i.net_icmp6_init    Net_Dbg_CM3_L.lib(net_icmp6.o)
    0x08017110   0x08017110   0x00000238   Code   RO         2043    i.net_icmp6_process  Net_Dbg_CM3_L.lib(net_icmp6.o)
    0x08017348   0x08017348   0x00000084   Code   RO         2044    i.net_icmp6_send    Net_Dbg_CM3_L.lib(net_icmp6.o)
    0x080173cc   0x080173cc   0x00000058   Code   RO         2045    i.net_icmp6_send_echo  Net_Dbg_CM3_L.lib(net_icmp6.o)
    0x08017424   0x08017424   0x00000018   Code   RO         2022    i.net_icmp_init     Net_Dbg_CM3_L.lib(net_icmp.o)
    0x0801743c   0x0801743c   0x000001c8   Code   RO         2023    i.net_icmp_process  Net_Dbg_CM3_L.lib(net_icmp.o)
    0x08017604   0x08017604   0x000000a0   Code   RO         2024    i.net_icmp_send_echo  Net_Dbg_CM3_L.lib(net_icmp.o)
    0x080176a4   0x080176a4   0x0000000c   Code   RO         2512    i.net_if_map_all    Net_Dbg_CM3_L.lib(net_sys.o)
    0x080176b0   0x080176b0   0x0000018c   Code   RO         2623    i.net_ip4_chk_frame  Net_Dbg_CM3_L.lib(net_ip4.o)
    0x0801783c   0x0801783c   0x0000002c   Code   RO         2624    i.net_ip4_chksum    Net_Dbg_CM3_L.lib(net_ip4.o)
    0x08017868   0x08017868   0x00000006   Code   RO         2625    i.net_ip4_chksum_buf  Net_Dbg_CM3_L.lib(net_ip4.o)
    0x0801786e   0x0801786e   0x00000002   PAD
    0x08017870   0x08017870   0x00000080   Code   RO         2627    i.net_ip4_find_route  Net_Dbg_CM3_L.lib(net_ip4.o)
    0x080178f0   0x080178f0   0x00000124   Code   RO         2001    i.net_ip4_frag_add  Net_Dbg_CM3_L.lib(net_ip4_frag.o)
    0x08017a14   0x08017a14   0x000000ac   Code   RO         2002    i.net_ip4_frag_get  Net_Dbg_CM3_L.lib(net_ip4_frag.o)
    0x08017ac0   0x08017ac0   0x00000010   Code   RO         2003    i.net_ip4_frag_init  Net_Dbg_CM3_L.lib(net_ip4_frag.o)
    0x08017ad0   0x08017ad0   0x0000003c   Code   RO         2004    i.net_ip4_frag_run  Net_Dbg_CM3_L.lib(net_ip4_frag.o)
    0x08017b0c   0x08017b0c   0x0000002c   Code   RO         2628    i.net_ip4_get_local  Net_Dbg_CM3_L.lib(net_ip4.o)
    0x08017b38   0x08017b38   0x00000024   Code   RO         2629    i.net_ip4_init      Net_Dbg_CM3_L.lib(net_ip4.o)
    0x08017b5c   0x08017b5c   0x00000020   Code   RO         2630    i.net_ip4_is_onlink  Net_Dbg_CM3_L.lib(net_ip4.o)
    0x08017b7c   0x08017b7c   0x00000026   Code   RO         2631    i.net_ip4_is_subcast  Net_Dbg_CM3_L.lib(net_ip4.o)
    0x08017ba2   0x08017ba2   0x0000000e   Code   RO         2632    i.net_ip4_reass_frame  Net_Dbg_CM3_L.lib(net_ip4.o)
    0x08017bb0   0x08017bb0   0x00000164   Code   RO         2633    i.net_ip4_send_frame  Net_Dbg_CM3_L.lib(net_ip4.o)
    0x08017d14   0x08017d14   0x0000002a   Code   RO         2635    i.net_ip4_tx_offl_hl  Net_Dbg_CM3_L.lib(net_ip4.o)
    0x08017d3e   0x08017d3e   0x00000002   PAD
    0x08017d40   0x08017d40   0x00000100   Code   RO         2661    i.net_ip6_chk_frame  Net_Dbg_CM3_L.lib(net_ip6.o)
    0x08017e40   0x08017e40   0x00000032   Code   RO         2662    i.net_ip6_chksum    Net_Dbg_CM3_L.lib(net_ip6.o)
    0x08017e72   0x08017e72   0x00000002   PAD
    0x08017e74   0x08017e74   0x0000007c   Code   RO         2663    i.net_ip6_collect_mcast  Net_Dbg_CM3_L.lib(net_ip6.o)
    0x08017ef0   0x08017ef0   0x00000048   Code   RO         2665    i.net_ip6_find_route  Net_Dbg_CM3_L.lib(net_ip6.o)
    0x08017f38   0x08017f38   0x00000054   Code   RO         2666    i.net_ip6_get_local  Net_Dbg_CM3_L.lib(net_ip6.o)
    0x08017f8c   0x08017f8c   0x0000001c   Code   RO         2667    i.net_ip6_init      Net_Dbg_CM3_L.lib(net_ip6.o)
    0x08017fa8   0x08017fa8   0x000000cc   Code   RO         2668    i.net_ip6_send_frame  Net_Dbg_CM3_L.lib(net_ip6.o)
    0x08018074   0x08018074   0x0000001e   Code   RO         2670    i.net_ip6_tx_offl_hl  Net_Dbg_CM3_L.lib(net_ip6.o)
    0x08018092   0x08018092   0x00000008   Code   RO         2729    i.net_itoa          Net_Dbg_CM3_L.lib(net_common.o)
    0x0801809a   0x0801809a   0x00000006   Code   RO         2731    i.net_itoa_n0       Net_Dbg_CM3_L.lib(net_common.o)
    0x080180a0   0x080180a0   0x00000030   Code   RO         1983    i.net_loop_iface_init  Net_Dbg_CM3_L.lib(net_loopback.o)
    0x080180d0   0x080180d0   0x000000bc   Code   RO         1984    i.net_loop_iface_run  Net_Dbg_CM3_L.lib(net_loopback.o)
    0x0801818c   0x0801818c   0x00000070   Code   RO         1986    i.net_loop_send_frame  Net_Dbg_CM3_L.lib(net_loopback.o)
    0x080181fc   0x080181fc   0x000000c0   Code   RO         2702    i.net_mem_alloc     Net_Dbg_CM3_L.lib(net_mem.o)
    0x080182bc   0x080182bc   0x0000001c   Code   RO         2703    i.net_mem_avail     Net_Dbg_CM3_L.lib(net_mem.o)
    0x080182d8   0x080182d8   0x000000a4   Code   RO         2704    i.net_mem_free      Net_Dbg_CM3_L.lib(net_mem.o)
    0x0801837c   0x0801837c   0x00000070   Code   RO         2705    i.net_mem_init      Net_Dbg_CM3_L.lib(net_mem.o)
    0x080183ec   0x080183ec   0x00000048   Code   RO         2706    i.net_mem_shrink    Net_Dbg_CM3_L.lib(net_mem.o)
    0x08018434   0x08018434   0x00000064   Code   RO         2285    i.net_nbns_client_init  Net_Dbg_CM3_L.lib(net_nbns_client.o)
    0x08018498   0x08018498   0x000001c4   Code   RO         1934    i.net_ndp_cache_find  Net_Dbg_CM3_L.lib(net_ndp.o)
    0x0801865c   0x0801865c   0x00000080   Code   RO         1935    i.net_ndp_cache_init  Net_Dbg_CM3_L.lib(net_ndp.o)
    0x080186dc   0x080186dc   0x00000078   Code   RO         1937    i.net_ndp_cache_refresh  Net_Dbg_CM3_L.lib(net_ndp.o)
    0x08018754   0x08018754   0x0000001c   Code   RO         1938    i.net_ndp_cache_run  Net_Dbg_CM3_L.lib(net_ndp.o)
    0x08018770   0x08018770   0x00000070   Code   RO         1940    i.net_ndp_enqueue   Net_Dbg_CM3_L.lib(net_ndp.o)
    0x080187e0   0x080187e0   0x00000374   Code   RO         1942    i.net_ndp_process   Net_Dbg_CM3_L.lib(net_ndp.o)
    0x08018b54   0x08018b54   0x00000038   Code   RO         2514    i.net_path          Net_Dbg_CM3_L.lib(net_sys.o)
    0x08018b8c   0x08018b8c   0x00000020   Code   RO         2485    i.net_ping_client_init  Net_Dbg_CM3_L.lib(net_ping_core.o)
    0x08018bac   0x08018bac   0x00000080   Code   RO         2486    i.net_ping_client_run  Net_Dbg_CM3_L.lib(net_ping_core.o)
    0x08018c2c   0x08018c2c   0x0000001c   Code   RO         2515    i.net_rand32        Net_Dbg_CM3_L.lib(net_sys.o)
    0x08018c48   0x08018c48   0x0000005c   Code   RO         2459    i.net_sntp_client_init  Net_Dbg_CM3_L.lib(net_sntp_client_core.o)
    0x08018ca4   0x08018ca4   0x00000058   Code   RO         2460    i.net_sntp_client_run  Net_Dbg_CM3_L.lib(net_sntp_client_core.o)
    0x08018cfc   0x08018cfc   0x0000002e   Code   RO         2732    i.net_strcasecmp    Net_Dbg_CM3_L.lib(net_common.o)
    0x08018d2a   0x08018d2a   0x00000016   Code   RO         2733    i.net_strchr        Net_Dbg_CM3_L.lib(net_common.o)
    0x08018d40   0x08018d40   0x0000001a   Code   RO         2734    i.net_strcmp        Net_Dbg_CM3_L.lib(net_common.o)
    0x08018d5a   0x08018d5a   0x00000012   Code   RO         2735    i.net_strcpy        Net_Dbg_CM3_L.lib(net_common.o)
    0x08018d6c   0x08018d6c   0x0000001c   Code   RO         2737    i.net_strnchr       Net_Dbg_CM3_L.lib(net_common.o)
    0x08018d88   0x08018d88   0x0000001a   Code   RO         2738    i.net_strncpy       Net_Dbg_CM3_L.lib(net_common.o)
    0x08018da2   0x08018da2   0x00000020   Code   RO         2739    i.net_strtoupper    Net_Dbg_CM3_L.lib(net_common.o)
    0x08018dc2   0x08018dc2   0x00000002   PAD
    0x08018dc4   0x08018dc4   0x0000000c   Code   RO         2516    i.net_sys_lock      Net_Dbg_CM3_L.lib(net_sys.o)
    0x08018dd0   0x08018dd0   0x00000016   Code   RO         2517    i.net_sys_resume    Net_Dbg_CM3_L.lib(net_sys.o)
    0x08018de6   0x08018de6   0x00000002   PAD
    0x08018de8   0x08018de8   0x00000014   Code   RO         2519    i.net_sys_tick      Net_Dbg_CM3_L.lib(net_sys.o)
    0x08018dfc   0x08018dfc   0x0000000c   Code   RO         2520    i.net_sys_unlock    Net_Dbg_CM3_L.lib(net_sys.o)
    0x08018e08   0x08018e08   0x00000020   Code   RO         2522    i.net_sys_wakeup    Net_Dbg_CM3_L.lib(net_sys.o)
    0x08018e28   0x08018e28   0x00000084   Code   RO         2135    i.net_tcp_abort     Net_Dbg_CM3_L.lib(net_tcp.o)
    0x08018eac   0x08018eac   0x000000e4   Code   RO         2138    i.net_tcp_close     Net_Dbg_CM3_L.lib(net_tcp.o)
    0x08018f90   0x08018f90   0x0000002e   Code   RO         2141    i.net_tcp_get_buf   Net_Dbg_CM3_L.lib(net_tcp.o)
    0x08018fbe   0x08018fbe   0x00000002   PAD
    0x08018fc0   0x08018fc0   0x00000034   Code   RO         2143    i.net_tcp_get_local_port  Net_Dbg_CM3_L.lib(net_tcp.o)
    0x08018ff4   0x08018ff4   0x00000028   Code   RO         2144    i.net_tcp_get_mss   Net_Dbg_CM3_L.lib(net_tcp.o)
    0x0801901c   0x0801901c   0x00000054   Code   RO         2146    i.net_tcp_get_peer  Net_Dbg_CM3_L.lib(net_tcp.o)
    0x08019070   0x08019070   0x00000070   Code   RO         2148    i.net_tcp_get_socket  Net_Dbg_CM3_L.lib(net_tcp.o)
    0x080190e0   0x080190e0   0x0000002c   Code   RO         2149    i.net_tcp_get_state  Net_Dbg_CM3_L.lib(net_tcp.o)
    0x0801910c   0x0801910c   0x00000034   Code   RO         2150    i.net_tcp_get_timer  Net_Dbg_CM3_L.lib(net_tcp.o)
    0x08019140   0x08019140   0x000000b0   Code   RO         2151    i.net_tcp_listen    Net_Dbg_CM3_L.lib(net_tcp.o)
    0x080191f0   0x080191f0   0x000007a8   Code   RO         2153    i.net_tcp_process   Net_Dbg_CM3_L.lib(net_tcp.o)
    0x08019998   0x08019998   0x0000015c   Code   RO         2157    i.net_tcp_send      Net_Dbg_CM3_L.lib(net_tcp.o)
    0x08019af4   0x08019af4   0x0000012c   Code   RO         2159    i.net_tcp_set_option  Net_Dbg_CM3_L.lib(net_tcp.o)
    0x08019c20   0x08019c20   0x00000028   Code   RO         2160    i.net_tcp_socket_init  Net_Dbg_CM3_L.lib(net_tcp.o)
    0x08019c48   0x08019c48   0x000003c0   Code   RO         2161    i.net_tcp_socket_run  Net_Dbg_CM3_L.lib(net_tcp.o)
    0x0801a008   0x0801a008   0x00000048   Code   RO         2069    i.net_udp_close     Net_Dbg_CM3_L.lib(net_udp.o)
    0x0801a050   0x0801a050   0x0000002e   Code   RO         2072    i.net_udp_get_buf   Net_Dbg_CM3_L.lib(net_udp.o)
    0x0801a07e   0x0801a07e   0x00000002   PAD
    0x0801a080   0x0801a080   0x00000070   Code   RO         2075    i.net_udp_get_socket  Net_Dbg_CM3_L.lib(net_udp.o)
    0x0801a0f0   0x0801a0f0   0x000000ac   Code   RO         2077    i.net_udp_open      Net_Dbg_CM3_L.lib(net_udp.o)
    0x0801a19c   0x0801a19c   0x00000158   Code   RO         2078    i.net_udp_process   Net_Dbg_CM3_L.lib(net_udp.o)
    0x0801a2f4   0x0801a2f4   0x00000012   Code   RO         2080    i.net_udp_send      Net_Dbg_CM3_L.lib(net_udp.o)
    0x0801a306   0x0801a306   0x00000002   PAD
    0x0801a308   0x0801a308   0x0000022c   Code   RO         2081    i.net_udp_send_if   Net_Dbg_CM3_L.lib(net_udp.o)
    0x0801a534   0x0801a534   0x00000024   Code   RO         2083    i.net_udp_socket_init  Net_Dbg_CM3_L.lib(net_udp.o)
    0x0801a558   0x0801a558   0x00000008   Code   RO         2740    i.net_ultoa         Net_Dbg_CM3_L.lib(net_common.o)
    0x0801a560   0x0801a560   0x00000030   Code   RO         2743    i.net_ultox         Net_Dbg_CM3_L.lib(net_common.o)
    0x0801a590   0x0801a590   0x0000004c   Code   RO         2744    i.net_xtoul         Net_Dbg_CM3_L.lib(net_common.o)
    0x0801a5dc   0x0801a5dc   0x0000001c   Code   RO         2489    i.ping_send_req     Net_Dbg_CM3_L.lib(net_ping_core.o)
    0x0801a5f8   0x0801a5f8   0x00000104   Code   RO         2255    i.proc_opt_ia_na    Net_Dbg_CM3_L.lib(net_dhcp6_client.o)
    0x0801a6fc   0x0801a6fc   0x00000058   Code   RO         2351    i.proc_req_line     Net_Dbg_CM3_L.lib(net_http_server.o)
    0x0801a754   0x0801a754   0x0000001a   Code   RO         2006    i.que_free_list     Net_Dbg_CM3_L.lib(net_ip4_frag.o)
    0x0801a76e   0x0801a76e   0x000000a0   Code   RO         2352    i.read_script_line  Net_Dbg_CM3_L.lib(net_http_server.o)
    0x0801a80e   0x0801a80e   0x00000048   Code   RO         2353    i.search_delim      Net_Dbg_CM3_L.lib(net_http_server.o)
    0x0801a856   0x0801a856   0x00000070   Code   RO         2256    i.select_server     Net_Dbg_CM3_L.lib(net_dhcp6_client.o)
    0x0801a8c6   0x0801a8c6   0x00000002   PAD
    0x0801a8c8   0x0801a8c8   0x000000fc   Code   RO         2463    i.sntp_listener     Net_Dbg_CM3_L.lib(net_sntp_client_core.o)
    0x0801a9c4   0x0801a9c4   0x0000003c   Code   RO         2464    i.sntp_send_message  Net_Dbg_CM3_L.lib(net_sntp_client_core.o)
    0x0801aa00   0x0801aa00   0x00000018   Code   RO         2466    i.sntp_stop         Net_Dbg_CM3_L.lib(net_sntp_client_core.o)
    0x0801aa18   0x0801aa18   0x00000018   Code   RO         2523    i.sys_map_if        Net_Dbg_CM3_L.lib(net_sys.o)
    0x0801aa30   0x0801aa30   0x0000004c   Code   RO         2524    i.sys_proc_tick     Net_Dbg_CM3_L.lib(net_sys.o)
    0x0801aa7c   0x0801aa7c   0x00000110   Code   RO         2163    i.tcp_map_socket    Net_Dbg_CM3_L.lib(net_tcp.o)
    0x0801ab8c   0x0801ab8c   0x00000084   Code   RO         2164    i.tcp_parse_opt     Net_Dbg_CM3_L.lib(net_tcp.o)
    0x0801ac10   0x0801ac10   0x0000011c   Code   RO         2165    i.tcp_proc_acknr    Net_Dbg_CM3_L.lib(net_tcp.o)
    0x0801ad2c   0x0801ad2c   0x000000ac   Code   RO         2166    i.tcp_proc_dupack   Net_Dbg_CM3_L.lib(net_tcp.o)
    0x0801add8   0x0801add8   0x0000001a   Code   RO         2167    i.tcp_que_free      Net_Dbg_CM3_L.lib(net_tcp.o)
    0x0801adf2   0x0801adf2   0x0000001a   Code   RO         2168    i.tcp_que_init      Net_Dbg_CM3_L.lib(net_tcp.o)
    0x0801ae0c   0x0801ae0c   0x000000ac   Code   RO         2169    i.tcp_que_resend    Net_Dbg_CM3_L.lib(net_tcp.o)
    0x0801aeb8   0x0801aeb8   0x00000090   Code   RO         2170    i.tcp_send_ctrl     Net_Dbg_CM3_L.lib(net_tcp.o)
    0x0801af48   0x0801af48   0x0000007c   Code   RO         2171    i.tcp_send_data     Net_Dbg_CM3_L.lib(net_tcp.o)
    0x0801afc4   0x0801afc4   0x00000090   Code   RO         2172    i.tcp_send_reset    Net_Dbg_CM3_L.lib(net_tcp.o)
    0x0801b054   0x0801b054   0x00000044   Code   RO         2173    i.tcp_set_cwnd      Net_Dbg_CM3_L.lib(net_tcp.o)
    0x0801b098   0x0801b098   0x00000074   Code   RO         2174    i.tcp_transit       Net_Dbg_CM3_L.lib(net_tcp.o)
    0x0801b10c   0x0801b10c   0x0000010c   Code   RO         2175    i.tcp_write         Net_Dbg_CM3_L.lib(net_tcp.o)
    0x0801b218   0x0801b218   0x0000002c   Code   RO         2085    i.udp_port_in_use   Net_Dbg_CM3_L.lib(net_udp.o)
    0x0801b244   0x0801b244   0x00000044   Code   RO         2745    i.ul2str            Net_Dbg_CM3_L.lib(net_common.o)
    0x0801b288   0x0801b288   0x00000124   Code   RO         2354    i.utc_to_http       Net_Dbg_CM3_L.lib(net_http_server.o)
    0x0801b3ac   0x0801b3ac   0x00000024   Data   RO          181    .constdata          http_server.o
    0x0801b3d0   0x0801b3d0   0x00000004   Data   RO          272    .constdata          web.o
    0x0801b3d4   0x0801b3d4   0x00006bb5   Data   RO          273    .constdata          web.o
    0x08021f89   0x08021f89   0x00000003   PAD
    0x08021f8c   0x08021f8c   0x000000b0   Data   RO          274    .constdata          web.o
    0x0802203c   0x0802203c   0x00000960   Data   RO          326    .constdata          lcd.o
    0x0802299c   0x0802299c   0x00000024   Data   RO          696    .constdata          rtx_lib.o
    0x080229c0   0x080229c0   0x00000024   Data   RO          697    .constdata          rtx_lib.o
    0x080229e4   0x080229e4   0x00000018   Data   RO          698    .constdata          rtx_lib.o
    0x080229fc   0x080229fc   0x00000004   Data   RO          700    .constdata          rtx_lib.o
    0x08022a00   0x08022a00   0x00000004   Data   RO         1036    .constdata          phy_lan8742a.o
    0x08022a04   0x08022a04   0x00000020   Data   RO         1037    .constdata          phy_lan8742a.o
    0x08022a24   0x08022a24   0x00000050   Data   RO         1067    .constdata          emac_stm32f4xx.o
    0x08022a74   0x08022a74   0x00000044   Data   RO         1068    .constdata          emac_stm32f4xx.o
    0x08022ab8   0x08022ab8   0x00000034   Data   RO         1107    .constdata          spi_stm32f4xx.o
    0x08022aec   0x08022aec   0x00000010   Data   RO         1108    .constdata          spi_stm32f4xx.o
    0x08022afc   0x08022afc   0x00000010   Data   RO         1109    .constdata          spi_stm32f4xx.o
    0x08022b0c   0x08022b0c   0x0000002c   Data   RO         1110    .constdata          spi_stm32f4xx.o
    0x08022b38   0x08022b38   0x00000018   Data   RO         1146    .constdata          eventrecorder.o
    0x08022b50   0x08022b50   0x00000008   Data   RO         1285    .constdata          stm32f4xx_hal_dma.o
    0x08022b58   0x08022b58   0x00000010   Data   RO         1629    .constdata          system_stm32f4xx_1.o
    0x08022b68   0x08022b68   0x00000008   Data   RO         1630    .constdata          system_stm32f4xx_1.o
    0x08022b70   0x08022b70   0x000000a8   Data   RO         1675    .constdata          net_config.o
    0x08022c18   0x08022c18   0x0000001c   Data   RO         1676    .constdata          net_config.o
    0x08022c34   0x08022c34   0x00000014   Data   RO         1677    .constdata          net_config.o
    0x08022c48   0x08022c48   0x0000000c   Data   RO         1678    .constdata          net_config.o
    0x08022c54   0x08022c54   0x00000028   Data   RO         1679    .constdata          net_config.o
    0x08022c7c   0x08022c7c   0x00000010   Data   RO         1680    .constdata          net_config.o
    0x08022c8c   0x08022c8c   0x0000000c   Data   RO         1681    .constdata          net_config.o
    0x08022c98   0x08022c98   0x00000014   Data   RO         1682    .constdata          net_config.o
    0x08022cac   0x08022cac   0x00000020   Data   RO         1683    .constdata          net_config.o
    0x08022ccc   0x08022ccc   0x0000002c   Data   RO         1684    .constdata          net_config.o
    0x08022cf8   0x08022cf8   0x00000008   Data   RO         1685    .constdata          net_config.o
    0x08022d00   0x08022d00   0x00000008   Data   RO         1686    .constdata          net_config.o
    0x08022d08   0x08022d08   0x00000008   Data   RO         1687    .constdata          net_config.o
    0x08022d10   0x08022d10   0x00000008   Data   RO         1688    .constdata          net_config.o
    0x08022d18   0x08022d18   0x00000008   Data   RO         1689    .constdata          net_config.o
    0x08022d20   0x08022d20   0x00000008   Data   RO         1690    .constdata          net_config.o
    0x08022d28   0x08022d28   0x00000008   Data   RO         1691    .constdata          net_config.o
    0x08022d30   0x08022d30   0x00000008   Data   RO         1692    .constdata          net_config.o
    0x08022d38   0x08022d38   0x00000008   Data   RO         1693    .constdata          net_config.o
    0x08022d40   0x08022d40   0x00000008   Data   RO         1694    .constdata          net_config.o
    0x08022d48   0x08022d48   0x00000008   Data   RO         1695    .constdata          net_config.o
    0x08022d50   0x08022d50   0x0000000c   Data   RO         1696    .constdata          net_config.o
    0x08022d5c   0x08022d5c   0x00000018   Data   RO         1697    .constdata          net_config.o
    0x08022d74   0x08022d74   0x00000034   Data   RO         1698    .constdata          net_config.o
    0x08022da8   0x08022da8   0x00000008   Data   RO         1699    .constdata          net_config.o
    0x08022db0   0x08022db0   0x00000034   Data   RO         1700    .constdata          net_config.o
    0x08022de4   0x08022de4   0x0000002c   Data   RO         1701    .constdata          net_config.o
    0x08022e10   0x08022e10   0x00000010   Data   RO         1703    .constdata          net_config.o
    0x08022e20   0x08022e20   0x00000010   Data   RO         1704    .constdata          net_config.o
    0x08022e30   0x08022e30   0x0000002c   Data   RO         1987    .constdata          Net_Dbg_CM3_L.lib(net_loopback.o)
    0x08022e5c   0x08022e5c   0x0000000c   Data   RO         1988    .constdata          Net_Dbg_CM3_L.lib(net_loopback.o)
    0x08022e68   0x08022e68   0x00000010   Data   RO         2261    .constdata          Net_Dbg_CM3_L.lib(net_dhcp6_client.o)
    0x08022e78   0x08022e78   0x00000008   Data   RO         2287    .constdata          Net_Dbg_CM3_L.lib(net_nbns_client.o)
    0x08022e80   0x08022e80   0x000000fa   Data   RO         2356    .constdata          Net_Dbg_CM3_L.lib(net_http_server.o)
    0x08022f7a   0x08022f7a   0x00000002   PAD
    0x08022f7c   0x08022f7c   0x00000018   Data   RO         2435    .constdata          Net_Dbg_CM3_L.lib(net_http_server_auth.o)
    0x08022f94   0x08022f94   0x00000012   Data   RO         2491    .constdata          Net_Dbg_CM3_L.lib(net_ping_core.o)
    0x08022fa6   0x08022fa6   0x00000010   Data   RO         2584    .constdata          Net_Dbg_CM3_L.lib(net_addr.o)
    0x08022fb6   0x08022fb6   0x00000006   Data   RO         2585    .constdata          Net_Dbg_CM3_L.lib(net_addr.o)
    0x08022fbc   0x08022fbc   0x00000004   Data   RO         2637    .constdata          Net_Dbg_CM3_L.lib(net_ip4.o)
    0x08022fc0   0x08022fc0   0x00000020   Data   RO         2672    .constdata          Net_Dbg_CM3_L.lib(net_ip6.o)
    0x08022fe0   0x08022fe0   0x00000010   Data   RO         2673    .constdata          Net_Dbg_CM3_L.lib(net_ip6.o)
    0x08022ff0   0x08022ff0   0x00000018   Data   RO         2692    .constdata          Net_Dbg_CM3_L.lib(net_http_server_err.o)
    0x08023008   0x08023008   0x00000010   Data   RO         2746    .constdata          Net_Dbg_CM3_L.lib(net_common.o)
    0x08023018   0x08023018   0x00000090   Data   RO         2793    .constdata          Net_Dbg_CM3_L.lib(net_base64.o)
    0x080230a8   0x080230a8   0x00000004   Data   RO         2802    .constdata          Net_Dbg_CM3_L.lib(net_version.o)
    0x080230ac   0x080230ac   0x000000da   Data   RO          240    .conststring        http_server_cgi.o
    0x08023186   0x08023186   0x00000002   PAD
    0x08023188   0x08023188   0x00000078   Data   RO         1705    .conststring        net_config.o
    0x08023200   0x08023200   0x0000000d   Data   RO         1706    .conststring        net_config.o
    0x0802320d   0x0802320d   0x00000003   PAD
    0x08023210   0x08023210   0x00000040   Data   RO         1707    .conststring        net_config.o
    0x08023250   0x08023250   0x0000003d   Data   RO         1708    .conststring        net_config.o
    0x0802328d   0x0802328d   0x00000003   PAD
    0x08023290   0x08023290   0x0000001d   Data   RO         1709    .conststring        net_config.o
    0x080232ad   0x080232ad   0x00000003   PAD
    0x080232b0   0x080232b0   0x00000011   Data   RO         1710    .conststring        net_config.o
    0x080232c1   0x080232c1   0x00000003   PAD
    0x080232c4   0x080232c4   0x00000203   Data   RO         2693    .conststring        Net_Dbg_CM3_L.lib(net_http_server_err.o)
    0x080234c7   0x080234c7   0x00000001   PAD
    0x080234c8   0x080234c8   0x0000000b   Data   RO          641    .conststrlit        rtx_kernel.o
    0x080234d3   0x080234d3   0x00000001   PAD
    0x080234d4   0x080234d4   0x000000a8   Data   RO          701    .rodata             rtx_lib.o
    0x0802357c   0x0802357c   0x00000030   Data   RO         3147    Region$$Table       anon$$obj.o


    Execution Region RW_IRAM2 (Exec base: 0x10000000, Load base: 0x080236e4, Size: 0x000004a4, Max: 0x00010000, ABSOLUTE)

    Exec Addr    Load Addr    Size         Type   Attr      Idx    E Section Name        Object

    0x10000000        -       0x000004a4   Zero   RW         1145    .bss.noinit         eventrecorder.o


    Execution Region RW_IRAM1 (Exec base: 0x20000000, Load base: 0x080235ac, Size: 0x0000f7a8, Max: 0x00030000, ABSOLUTE, COMPRESSED[0x00000138])

    Exec Addr    Load Addr    Size         Type   Attr      Idx    E Section Name        Object

    0x20000000   COMPRESSED   0x00008000   Data   RW          688    .bss.os             rtx_lib.o
    0x20008000   COMPRESSED   0x00000040   Data   RW          689    .bss.os             rtx_lib.o
    0x20008040   COMPRESSED   0x00000001   Data   RW          988    .bss.os             os_systick.o
    0x20008041   COMPRESSED   0x00000003   PAD
    0x20008044   COMPRESSED   0x00000034   Data   RW          690    .bss.os.msgqueue.cb  rtx_lib.o
    0x20008078   COMPRESSED   0x00000050   Data   RW          691    .bss.os.msgqueue.mem  rtx_lib.o
    0x200080c8   COMPRESSED   0x0000001c   Data   RW         1669    .bss.os.mutex.cb    net_config.o
    0x200080e4   COMPRESSED   0x0000001c   Data   RW         1670    .bss.os.mutex.cb    net_config.o
    0x20008100   COMPRESSED   0x00000010   Data   RW         1671    .bss.os.semaphore.cb  net_config.o
    0x20008110   COMPRESSED   0x00000044   Data   RW          692    .bss.os.thread.cb   rtx_lib.o
    0x20008154   COMPRESSED   0x00000044   Data   RW          693    .bss.os.thread.cb   rtx_lib.o
    0x20008198   COMPRESSED   0x00000044   Data   RW         1672    .bss.os.thread.cb   net_config.o
    0x200081dc   COMPRESSED   0x00000044   Data   RW         1673    .bss.os.thread.cb   net_config.o
    0x20008220   COMPRESSED   0x00000200   Data   RW          694    .bss.os.thread.idle.stack  rtx_lib.o
    0x20008420   COMPRESSED   0x00000200   Data   RW          695    .bss.os.thread.timer.stack  rtx_lib.o
    0x20008620   COMPRESSED   0x00000020   Data   RW         1674    .bss.os.timer.cb    net_config.o
    0x20008640   COMPRESSED   0x00000004   Data   RW            5    .data               main.o
    0x20008644   COMPRESSED   0x0000002a   Data   RW          182    .data               http_server.o
    0x2000866e   COMPRESSED   0x00000001   Data   RW          183    .data               http_server.o
    0x2000866f   COMPRESSED   0x00000001   PAD
    0x20008670   COMPRESSED   0x00000004   Data   RW          184    .data               http_server.o
    0x20008674   COMPRESSED   0x00000008   Data   RW          241    .data               http_server_cgi.o
    0x2000867c   COMPRESSED   0x00000008   Data   RW          327    .data               lcd.o
    0x20008684   COMPRESSED   0x00000004   Data   RW          407    .data               parpadeo.o
    0x20008688   COMPRESSED   0x00000004   Data   RW          435    .data               rtc.o
    0x2000868c   COMPRESSED   0x00000010   Data   RW          466    .data               joystick.o
    0x2000869c   COMPRESSED   0x0000000c   Data   RW         1179    .data               stm32f4xx_hal.o
    0x200086a8   COMPRESSED   0x00000004   Data   RW         1631    .data               system_stm32f4xx_1.o
    0x200086ac   COMPRESSED   0x00000004   Data   RW         1711    .data               net_config.o
    0x200086b0   COMPRESSED   0x00000006   Data   RW         1712    .data               net_config.o
    0x200086b6   COMPRESSED   0x00000004   Data   RW         1713    .data               net_config.o
    0x200086ba   COMPRESSED   0x00000002   PAD
    0x200086bc   COMPRESSED   0x00000004   Data   RW         1989    .data               Net_Dbg_CM3_L.lib(net_loopback.o)
    0x200086c0   COMPRESSED   0x00000004   Data   RW         2007    .data               Net_Dbg_CM3_L.lib(net_ip4_frag.o)
    0x200086c4   COMPRESSED   0x00000001   Data   RW         2025    .data               Net_Dbg_CM3_L.lib(net_icmp.o)
    0x200086c5   COMPRESSED   0x00000001   Data   RW         2046    .data               Net_Dbg_CM3_L.lib(net_icmp6.o)
    0x200086c6   COMPRESSED   0x00000002   Data   RW         2087    .data               Net_Dbg_CM3_L.lib(net_udp.o)
    0x200086c8   COMPRESSED   0x00000004   Data   RW         2178    .data               Net_Dbg_CM3_L.lib(net_tcp.o)
    0x200086cc   COMPRESSED   0x00000002   Data   RW         2262    .data               Net_Dbg_CM3_L.lib(net_dhcp6_client.o)
    0x200086ce   COMPRESSED   0x00000001   Data   RW         2288    .data               Net_Dbg_CM3_L.lib(net_nbns_client.o)
    0x200086cf   COMPRESSED   0x00000001   PAD
    0x200086d0   COMPRESSED   0x0000000c   Data   RW         2357    .data               Net_Dbg_CM3_L.lib(net_http_server.o)
    0x200086dc   COMPRESSED   0x00000008   Data   RW         2638    .data               Net_Dbg_CM3_L.lib(net_ip4.o)
    0x200086e4   COMPRESSED   0x00000004   Data   RW         2674    .data               Net_Dbg_CM3_L.lib(net_ip6.o)
    0x200086e8   COMPRESSED   0x000000a4   Data   RW          642    .data.os            rtx_kernel.o
    0x2000878c   COMPRESSED   0x00000004   PAD
    0x20008790        -       0x00000400   Zero   RW          180    .bss                http_server.o
    0x20008b90        -       0x00000038   Zero   RW          239    .bss                http_server_cgi.o
    0x20008bc8        -       0x0000025c   Zero   RW          325    .bss                lcd.o
    0x20008e24        -       0x00000014   Zero   RW          378    .bss                leds.o
    0x20008e38        -       0x00000098   Zero   RW          434    .bss                rtc.o
    0x20008ed0        -       0x0000000c   Zero   RW         1035    .bss                phy_lan8742a.o
    0x20008edc        -       0x000024cc   Zero   RW         1066    .bss                emac_stm32f4xx.o
    0x2000b3a8        -       0x00000010   Zero   RW         1105    .bss                spi_stm32f4xx.o
    0x2000b3b8        -       0x0000001c   Zero   RW         1106    .bss                spi_stm32f4xx.o
    0x2000b3d4   COMPRESSED   0x00000004   PAD
    0x2000b3d8        -       0x00000400   Zero   RW         1658    .bss                net_config.o
    0x2000b7d8        -       0x00000400   Zero   RW         1659    .bss                net_config.o
    0x2000bbd8        -       0x00002ee0   Zero   RW         1660    .bss                net_config.o
    0x2000eab8        -       0x000000c8   Zero   RW         1661    .bss                net_config.o
    0x2000eb80        -       0x00000018   Zero   RW         1662    .bss                net_config.o
    0x2000eb98        -       0x000000a0   Zero   RW         1663    .bss                net_config.o
    0x2000ec38        -       0x00000064   Zero   RW         1664    .bss                net_config.o
    0x2000ec9c        -       0x00000028   Zero   RW         1665    .bss                net_config.o
    0x2000ecc4        -       0x00000050   Zero   RW         1666    .bss                net_config.o
    0x2000ed14        -       0x00000228   Zero   RW         1667    .bss                net_config.o
    0x2000ef3c        -       0x00000150   Zero   RW         1668    .bss                net_config.o
    0x2000f08c        -       0x000000a0   Zero   RW         1814    .bss                Net_Dbg_CM3_L.lib(net_eth.o)
    0x2000f12c        -       0x00000018   Zero   RW         1874    .bss                Net_Dbg_CM3_L.lib(net_arp.o)
    0x2000f144        -       0x00000044   Zero   RW         1943    .bss                Net_Dbg_CM3_L.lib(net_ndp.o)
    0x2000f188        -       0x0000001c   Zero   RW         2086    .bss                Net_Dbg_CM3_L.lib(net_udp.o)
    0x2000f1a4        -       0x00000044   Zero   RW         2257    .bss                Net_Dbg_CM3_L.lib(net_dhcp6_client.o)
    0x2000f1e8        -       0x00000098   Zero   RW         2355    .bss                Net_Dbg_CM3_L.lib(net_http_server.o)
    0x2000f280        -       0x0000002c   Zero   RW         2467    .bss                Net_Dbg_CM3_L.lib(net_sntp_client_core.o)
    0x2000f2ac        -       0x0000002c   Zero   RW         2490    .bss                Net_Dbg_CM3_L.lib(net_ping_core.o)
    0x2000f2d8        -       0x00000038   Zero   RW         2525    .bss                Net_Dbg_CM3_L.lib(net_sys.o)
    0x2000f310        -       0x00000024   Zero   RW         2526    .bss                Net_Dbg_CM3_L.lib(net_sys.o)
    0x2000f334        -       0x0000005c   Zero   RW         2583    .bss                Net_Dbg_CM3_L.lib(net_addr.o)
    0x2000f390        -       0x00000014   Zero   RW         2708    .bss                Net_Dbg_CM3_L.lib(net_mem.o)
    0x2000f3a4   COMPRESSED   0x00000004   PAD
    0x2000f3a8        -       0x00000400   Zero   RW         1618    STACK               startup_stm32f429xx.o


==============================================================================

Image component sizes


      Code (inc. data)   RO Data    RW Data    ZI Data      Debug   Object Name

       304         22          0          0          0       2148   adc.o
      2552        158        148          0       9420      47618   emac_stm32f4xx.o
      1452         40         24          0       1188      17456   eventrecorder.o
        88         10         36         47       1024      10668   http_server.o
      1964        354        218          8         56       8011   http_server_cgi.o
       148          8          0          0          0        596   irq_armv7m.o
       452         24          0         16          0       2397   joystick.o
       988         36       2400          8        604       9429   lcd.o
        60         12          0          0         20        843   leds.o
       364         28          0          4          0     806279   main.o
       364         24       1008        254      15540      32615   net_config.o
       338          0          0          0          0        822   net_debug.o
       196         12          0          1          0       1992   os_systick.o
        84          8          0          4          0        927   parpadeo.o
       428         10         36          0         12       6922   phy_lan8742a.o
       548         56          0          4        152       2837   rtc.o
         4          0          0          0          0        567   rtx_config.o
       260         14          0          0          0      17878   rtx_delay.o
      2404         88          0          0          0      45314   rtx_evr.o
      1752         98         11        164          0      28052   rtx_kernel.o
         0          0        268      34124          0       9214   rtx_lib.o
       292          0          0          0          0       3791   rtx_memory.o
      1984         48          0          0          0      15156   rtx_mempool.o
      2820         58          0          0          0      23672   rtx_msgqueue.o
      1368         30          0          0          0      10126   rtx_mutex.o
      1432         34          0          0          0      11884   rtx_semaphore.o
       668         18          0          0          0       8461   rtx_system.o
      4828        124          0          0          0      33207   rtx_thread.o
      1152         34          0          0          0      10233   rtx_timer.o
      3436        100        128          0         44      45063   spi_stm32f4xx.o
        36          8        428          0       1024        792   startup_stm32f429xx.o
       456         38          0         12          0      11391   stm32f4xx_hal.o
      2848        100          0          0          0       8943   stm32f4xx_hal_adc.o
      1884         42          0          0          0       6546   stm32f4xx_hal_adc_ex.o
       664         10          0          0          0      36074   stm32f4xx_hal_cortex.o
      1820         28          8          0          0       7709   stm32f4xx_hal_dma.o
       904         54          0          0          0       3779   stm32f4xx_hal_gpio.o
       392         20          0          0          0       3715   stm32f4xx_hal_pwr.o
      1876         66          0          0          0       6115   stm32f4xx_hal_rcc.o
      1508         80          0          0          0       4645   stm32f4xx_hal_rcc_ex.o
      2404         26          0          0          0       9629   stm32f4xx_hal_rtc.o
      2748         20          0          0          0      13849   stm32f4xx_hal_rtc_ex.o
     12740        296          0          0          0      45954   stm32f4xx_hal_tim.o
      4984        154          0          0          0      18131   stm32f4xx_hal_tim_ex.o
       136         16         24          4          0       1629   system_stm32f4xx_1.o
       120         10      27753          0          0       1676   web.o

    ----------------------------------------------------------------------
     68250       2416      32556      34656      29092    1394755   Object Totals
         0          0         48          0          0          0   (incl. Generated)
         0          0         18          6          8          0   (incl. Padding)

    ----------------------------------------------------------------------

      Code (inc. data)   RO Data    RW Data    ZI Data      Debug   Library Member Name

      1458         18         22          0         92       1624   net_addr.o
      2874        144          0          0         24       1548   net_arp.o
       120          6        144          0          0         84   net_base64.o
       622         10         16          0          0       1340   net_common.o
      3454        144         16          2         68        944   net_dhcp6_client.o
      3664        138          0          0        160       1600   net_eth.o
      6834       1268        250         12        152       2852   net_http_server.o
       266         66         24          0          0        368   net_http_server_auth.o
         0          0        539          0          0          0   net_http_server_err.o
       640         48          0          1          0        236   net_icmp.o
       812         60          0          1          0        332   net_icmp6.o
      1188         82          4          8          0        956   net_ip4.o
       690         30          0          4          0        476   net_ip4_frag.o
       848         72         48          4          0        644   net_ip6.o
       348         28         56          4          0        256   net_loopback.o
       592         64          0          0         20        564   net_mem.o
       520         44          8          1          0        188   net_nbns_client.o
      4150        176          0          0         68       1848   net_ndp.o
       188         32         18          0         44        220   net_ping_core.o
       516         54          0          0         44        412   net_sntp_client_core.o
       834         84          0          0         92       1012   net_sys.o
      6566        282          0          4          0       2728   net_tcp.o
      1400         80          0          2         28        772   net_udp.o
         0          0          4          0          0          0   net_version.o
        86          0          0          0          0          0   __dczerorl2.o
         0          0          0          0          0          0   entry.o
         0          0          0          0          0          0   entry10a.o
         0          0          0          0          0          0   entry11a.o
         4          0          0          0          0          0   entry12b.o
         8          4          0          0          0          0   entry2.o
         4          0          0          0          0          0   entry5.o
         0          0          0          0          0          0   entry7b.o
         0          0          0          0          0          0   entry8b.o
         8          4          0          0          0          0   entry9a.o
        30          0          0          0          0          0   handlers.o
        36          8          0          0          0         68   init.o
         0          0          0          0          0          0   iusefp.o
        30          0          0          0          0         68   llshl.o
        36          0          0          0          0         68   llsshr.o
        32          0          0          0          0         68   llushr.o
        26          0          0          0          0         80   memcmp.o
        36          0          0          0          0         68   memcpya.o
        36          0          0          0          0        108   memseta.o
      2236         86          0          0          0        532   printfa.o
        28          0          0          0          0         76   strcmp.o
        18          0          0          0          0         68   strcpy.o
        14          0          0          0          0         68   strlen.o
        30          0          0          0          0         80   strncmp.o
        44          0          0          0          0         80   uidiv.o
        98          0          0          0          0         92   uldiv.o
        48          0          0          0          0         68   cdrcmple.o
       334          0          0          0          0        148   dadd.o
       222          0          0          0          0        100   ddiv.o
       186          0          0          0          0        176   depilogue.o
        48          0          0          0          0         68   dfixul.o
        26          0          0          0          0         76   dfltui.o
       228          0          0          0          0         96   dmul.o
        46          0          0          0          0         80   dscalb.o
       110          0          0          0          0        168   fepilogue.o
        10          0          0          0          0         68   ffltui.o
       100          0          0          0          0         76   fmul.o
        24          0          0          0          0         68   fscalb.o

    ----------------------------------------------------------------------
     42854       3032       1152         44        796      23720   Library Totals
        48          0          3          1          4          0   (incl. Padding)

    ----------------------------------------------------------------------

      Code (inc. data)   RO Data    RW Data    ZI Data      Debug   Library Name

     38584       2930       1149         43        792      21004   Net_Dbg_CM3_L.lib
      2840        102          0          0          0       1524   mc_w.l
      1382          0          0          0          0       1192   mf_w.l

    ----------------------------------------------------------------------
     42854       3032       1152         44        796      23720   Library Totals

    ----------------------------------------------------------------------

==============================================================================


      Code (inc. data)   RO Data    RW Data    ZI Data      Debug   

    111104       5448      33708      34700      29888    1399467   Grand Totals
    111104       5448      33708        312      29888    1399467   ELF Image Totals (compressed)
    111104       5448      33708        312          0          0   ROM Totals

==============================================================================

    Total RO  Size (Code + RO Data)               144812 ( 141.42kB)
    Total RW  Size (RW Data + ZI Data)             64588 (  63.07kB)
    Total ROM Size (Code + RO Data + RW Data)     145124 ( 141.72kB)

==============================================================================

